Archive member included because of file (symbol)

c:/freescale/kds_v3/toolchain/bin/../lib/gcc/arm-none-eabi/4.8.4/../../../../arm-none-eabi/lib/armv6-m\libstdc++_s.a(eh_arm.o)
                              ./Sources/iSN/IsnClient.o (__cxa_end_cleanup)
c:/freescale/kds_v3/toolchain/bin/../lib/gcc/arm-none-eabi/4.8.4/../../../../arm-none-eabi/lib/armv6-m\libstdc++_s.a(eh_terminate.o)
                              c:/freescale/kds_v3/toolchain/bin/../lib/gcc/arm-none-eabi/4.8.4/../../../../arm-none-eabi/lib/armv6-m\libstdc++_s.a(eh_arm.o) (std::terminate())
c:/freescale/kds_v3/toolchain/bin/../lib/gcc/arm-none-eabi/4.8.4/../../../../arm-none-eabi/lib/armv6-m\libstdc++_s.a(eh_catch.o)
                              ./Sources/iSN/IsnClient.o (__cxa_begin_catch)
c:/freescale/kds_v3/toolchain/bin/../lib/gcc/arm-none-eabi/4.8.4/../../../../arm-none-eabi/lib/armv6-m\libstdc++_s.a(new_op.o)
                              ./Sources/iSN/IsnClient.o (operator new(unsigned int))
c:/freescale/kds_v3/toolchain/bin/../lib/gcc/arm-none-eabi/4.8.4/../../../../arm-none-eabi/lib/armv6-m\libstdc++_s.a(del_op.o)
                              ./Sources/iSN/IsnClient.o (operator delete(void*))
c:/freescale/kds_v3/toolchain/bin/../lib/gcc/arm-none-eabi/4.8.4/../../../../arm-none-eabi/lib/armv6-m\libstdc++_s.a(new_handler.o)
                              c:/freescale/kds_v3/toolchain/bin/../lib/gcc/arm-none-eabi/4.8.4/../../../../arm-none-eabi/lib/armv6-m\libstdc++_s.a(new_op.o) (__new_handler)
c:/freescale/kds_v3/toolchain/bin/../lib/gcc/arm-none-eabi/4.8.4/../../../../arm-none-eabi/lib/armv6-m\libstdc++_s.a(eh_throw.o)
                              ./Sources/iSN/IsnClient.o (__cxa_rethrow)
c:/freescale/kds_v3/toolchain/bin/../lib/gcc/arm-none-eabi/4.8.4/../../../../arm-none-eabi/lib/armv6-m\libstdc++_s.a(class_type_info.o)
                              ./Sources/iSN/iSN.o (vtable for __cxxabiv1::__class_type_info)
c:/freescale/kds_v3/toolchain/bin/../lib/gcc/arm-none-eabi/4.8.4/../../../../arm-none-eabi/lib/armv6-m\libstdc++_s.a(eh_alloc.o)
                              c:/freescale/kds_v3/toolchain/bin/../lib/gcc/arm-none-eabi/4.8.4/../../../../arm-none-eabi/lib/armv6-m\libstdc++_s.a(eh_throw.o) (__cxa_free_exception)
c:/freescale/kds_v3/toolchain/bin/../lib/gcc/arm-none-eabi/4.8.4/../../../../arm-none-eabi/lib/armv6-m\libstdc++_s.a(eh_unex_handler.o)
                              c:/freescale/kds_v3/toolchain/bin/../lib/gcc/arm-none-eabi/4.8.4/../../../../arm-none-eabi/lib/armv6-m\libstdc++_s.a(eh_terminate.o) (__cxxabiv1::__unexpected_handler)
c:/freescale/kds_v3/toolchain/bin/../lib/gcc/arm-none-eabi/4.8.4/../../../../arm-none-eabi/lib/armv6-m\libstdc++_s.a(eh_personality.o)
                              ./Sources/iSN/IsnClient.o (__gxx_personality_v0)
c:/freescale/kds_v3/toolchain/bin/../lib/gcc/arm-none-eabi/4.8.4/../../../../arm-none-eabi/lib/armv6-m\libstdc++_s.a(eh_globals.o)
                              c:/freescale/kds_v3/toolchain/bin/../lib/gcc/arm-none-eabi/4.8.4/../../../../arm-none-eabi/lib/armv6-m\libstdc++_s.a(eh_catch.o) (__cxa_get_globals_fast)
c:/freescale/kds_v3/toolchain/bin/../lib/gcc/arm-none-eabi/4.8.4/../../../../arm-none-eabi/lib/armv6-m\libstdc++_s.a(eh_term_handler.o)
                              c:/freescale/kds_v3/toolchain/bin/../lib/gcc/arm-none-eabi/4.8.4/../../../../arm-none-eabi/lib/armv6-m\libstdc++_s.a(eh_terminate.o) (__cxxabiv1::__terminate_handler)
c:/freescale/kds_v3/toolchain/bin/../lib/gcc/arm-none-eabi/4.8.4/../../../../arm-none-eabi/lib/armv6-m\libstdc++_s.a(del_opv.o)
                              ./Sources/iSN/iSN.o (operator delete[](void*))
c:/freescale/kds_v3/toolchain/bin/../lib/gcc/arm-none-eabi/4.8.4/../../../../arm-none-eabi/lib/armv6-m\libstdc++_s.a(si_class_type_info.o)
                              ./Sources/iSN/iSN.o (vtable for __cxxabiv1::__si_class_type_info)
c:/freescale/kds_v3/toolchain/bin/../lib/gcc/arm-none-eabi/4.8.4/../../../../arm-none-eabi/lib/armv6-m\libstdc++_s.a(vterminate.o)
                              c:/freescale/kds_v3/toolchain/bin/../lib/gcc/arm-none-eabi/4.8.4/../../../../arm-none-eabi/lib/armv6-m\libstdc++_s.a(eh_term_handler.o) (__gnu_cxx::__verbose_terminate_handler())
c:/freescale/kds_v3/toolchain/bin/../lib/gcc/arm-none-eabi/4.8.4/../../../../arm-none-eabi/lib/armv6-m\libstdc++_s.a(eh_type.o)
                              c:/freescale/kds_v3/toolchain/bin/../lib/gcc/arm-none-eabi/4.8.4/../../../../arm-none-eabi/lib/armv6-m\libstdc++_s.a(vterminate.o) (__cxa_current_exception_type)
c:/freescale/kds_v3/toolchain/bin/../lib/gcc/arm-none-eabi/4.8.4/../../../../arm-none-eabi/lib/armv6-m\libstdc++_s.a(eh_exception.o)
                              c:/freescale/kds_v3/toolchain/bin/../lib/gcc/arm-none-eabi/4.8.4/../../../../arm-none-eabi/lib/armv6-m\libstdc++_s.a(eh_arm.o) (typeinfo for __cxxabiv1::__forced_unwind)
c:/freescale/kds_v3/toolchain/bin/../lib/gcc/arm-none-eabi/4.8.4/../../../../arm-none-eabi/lib/armv6-m\libstdc++_s.a(pure.o)
[...]
Memory Configuration

Name             Origin             Length             Attributes
m_interrupts     0x00000000         0x00000200         xr
m_flash_config   0x00000400         0x00000010         xr
m_interrupts_ram 0x1ffff000         0x00000200         rw
m_text           0x00000410         0x0001fbf0         xr
m_data           0x1ffff200         0x00003e00         rw
*default*        0x00000000         0xffffffff

Linker script and memory map

LOAD c:/freescale/kds_v3/toolchain/bin/../lib/gcc/arm-none-eabi/4.8.4/armv6-m/crti.o
LOAD c:/freescale/kds_v3/toolchain/bin/../lib/gcc/arm-none-eabi/4.8.4/armv6-m/crtbegin.o
LOAD c:/freescale/kds_v3/toolchain/bin/../lib/gcc/arm-none-eabi/4.8.4/../../../../arm-none-eabi/lib/armv6-m/crt0.o
LOAD ./Static_Code/System/PE_low_level_init.o
LOAD ./Sources/utility/Clock.o
LOAD ./Sources/utility/StringUtility.o
LOAD ./Sources/utility/conversion.o
LOAD ./Sources/iSN/IsnClient.o
LOAD ./Sources/iSN/iSN.o
LOAD ./Sources/iSN/mqUtil.o
LOAD ./Sources/iSN/zbeeStack.o
LOAD ./Sources/Sensor/TemperatureSensor.o
LOAD ./Sources/1wire/onewire.o
LOAD ./Sources/1wire/uart.o
LOAD ./Sources/Events.o
LOAD ./Sources/app.o
LOAD ./Sources/main.o
LOAD ./Sources/sensor.o
LOAD ./SDK/platform/utilities/src/fsl_debug_console.o
LOAD ./SDK/platform/utilities/src/fsl_misc_utilities.o
LOAD ./SDK/platform/utilities/src/print_scan.o
LOAD ./SDK/platform/system/src/interrupt/fsl_interrupt_manager.o
LOAD ./SDK/platform/system/src/clock/MKL26Z4/fsl_clock_MKL26Z4.o
LOAD ./SDK/platform/system/src/clock/fsl_clock_manager.o
LOAD ./SDK/platform/system/src/clock/fsl_clock_manager_common.o
LOAD ./SDK/platform/osa/src/fsl_os_abstraction_bm.o
LOAD ./SDK/platform/hal/src/uart/fsl_uart_hal.o
LOAD ./SDK/platform/hal/src/sim/MKL26Z4/fsl_sim_hal_MKL26Z4.o
LOAD ./SDK/platform/hal/src/rtc/fsl_rtc_hal.o
LOAD ./SDK/platform/hal/src/port/fsl_port_hal.o
LOAD ./SDK/platform/hal/src/pit/fsl_pit_hal.o
LOAD ./SDK/platform/hal/src/osc/fsl_osc_hal.o
LOAD ./SDK/platform/hal/src/mcg/fsl_mcg_hal.o
LOAD ./SDK/platform/hal/src/mcg/fsl_mcg_hal_modes.o
LOAD ./SDK/platform/hal/src/lpsci/fsl_lpsci_hal.o
LOAD ./SDK/platform/drivers/src/uart/fsl_uart_common.o
LOAD ./SDK/platform/drivers/src/uart/fsl_uart_driver.o
LOAD ./SDK/platform/drivers/src/rtc/fsl_rtc_common.o
LOAD ./SDK/platform/drivers/src/pit/fsl_pit_common.o
LOAD ./SDK/platform/drivers/src/pit/fsl_pit_driver.o
LOAD ./SDK/platform/devices/MKL26Z4/startup/gcc/startup_MKL26Z4.o
LOAD ./SDK/platform/devices/MKL26Z4/startup/system_MKL26Z4.o
LOAD ./SDK/platform/devices/startup.o
LOAD ./Generated_Code/Cpu.o
LOAD ./Generated_Code/DbgCs1.o
LOAD ./Generated_Code/KSDK1.o
LOAD ./Generated_Code/MCUC1.o
LOAD ./Generated_Code/PIT_Timer0.o
LOAD ./Generated_Code/WAIT1.o
LOAD ./Generated_Code/clockMan1.o
LOAD ./Generated_Code/hardware_init.o
LOAD ./Generated_Code/osa1.o
LOAD ./Generated_Code/pin_init.o
LOAD ./Generated_Code/uartCom1.o
LOAD ./Generated_Code/uart_xb.o
LOAD c:/freescale/kds_v3/toolchain/bin/../lib/gcc/arm-none-eabi/4.8.4/../../../../arm-none-eabi/lib/armv6-m\libstdc++_s.a
LOAD c:/freescale/kds_v3/toolchain/bin/../lib/gcc/arm-none-eabi/4.8.4/../../../../arm-none-eabi/lib/armv6-m\libm.a
START GROUP
LOAD c:/freescale/kds_v3/toolchain/bin/../lib/gcc/arm-none-eabi/4.8.4/armv6-m\libgcc.a
LOAD c:/freescale/kds_v3/toolchain/bin/../lib/gcc/arm-none-eabi/4.8.4/../../../../arm-none-eabi/lib/armv6-m\libg_s.a
LOAD c:/freescale/kds_v3/toolchain/bin/../lib/gcc/arm-none-eabi/4.8.4/../../../../arm-none-eabi/lib/armv6-m\libc_s.a
END GROUP
START GROUP
LOAD c:/freescale/kds_v3/toolchain/bin/../lib/gcc/arm-none-eabi/4.8.4/armv6-m\libgcc.a
LOAD c:/freescale/kds_v3/toolchain/bin/../lib/gcc/arm-none-eabi/4.8.4/../../../../arm-none-eabi/lib/armv6-m\libc_s.a
LOAD c:/freescale/kds_v3/toolchain/bin/../lib/gcc/arm-none-eabi/4.8.4/../../../../arm-none-eabi/lib/armv6-m\libnosys.a
END GROUP
START GROUP
LOAD c:/freescale/kds_v3/toolchain/bin/../lib/gcc/arm-none-eabi/4.8.4/armv6-m\libgcc.a
LOAD c:/freescale/kds_v3/toolchain/bin/../lib/gcc/arm-none-eabi/4.8.4/../../../../arm-none-eabi/lib/armv6-m\libc_s.a
LOAD c:/freescale/kds_v3/toolchain/bin/../lib/gcc/arm-none-eabi/4.8.4/../../../../arm-none-eabi/lib/armv6-m\libnosys.a
END GROUP
LOAD c:/freescale/kds_v3/toolchain/bin/../lib/gcc/arm-none-eabi/4.8.4/armv6-m/crtend.o
LOAD c:/freescale/kds_v3/toolchain/bin/../lib/gcc/arm-none-eabi/4.8.4/armv6-m/crtn.o
                0x00001600                HEAP_SIZE = DEFINED (__heap_size__)?__heap_size__:0x1600
                0x00001600                STACK_SIZE = DEFINED (__stack_size__)?__stack_size__:0x1600

.interrupts     0x00000000       0xc0
                0x00000000                __VECTOR_TABLE = .
                0x00000000                . = ALIGN (0x4)
 *(.isr_vector)
 .isr_vector    0x00000000       0xc0 ./SDK/platform/devices/MKL26Z4/startup/gcc/startup_MKL26Z4.o
                0x00000000                __isr_vector
                0x000000c0                . = ALIGN (0x4)
                0x1ffff000                __VECTOR_RAM = ORIGIN (m_interrupts_ram)

.flash_config   0x00000400       0x10
                0x00000400                . = ALIGN (0x4)
 *(.FlashConfig)
 .FlashConfig   0x00000400       0x10 ./SDK/platform/devices/MKL26Z4/startup/gcc/startup_MKL26Z4.o
                0x00000410                . = ALIGN (0x4)

.text           0x00000410    0x17abc
                0x00000410                . = ALIGN (0x4)
 *(.text)
 .text          0x00000410       0x60 c:/freescale/kds_v3/toolchain/bin/../lib/gcc/arm-none-eabi/4.8.4/armv6-m/crtbegin.o
 .text          0x00000470       0x78 c:/freescale/kds_v3/toolchain/bin/../lib/gcc/arm-none-eabi/4.8.4/../../../../arm-none-eabi/lib/armv6-m/crt0.o
                0x00000470                _start
                0x00000470                _mainCRTStartup
 .text          0x000004e8       0x18 ./SDK/platform/devices/MKL26Z4/startup/gcc/startup_MKL26Z4.o
                0x000004e8                Reset_Handler
                0x000004f8                HardFault_Handler
                0x000004f8                PendSV_Handler
                0x000004f8                NMI_Handler
                0x000004f8                PORTC_PORTD_IRQHandler
                0x000004f8                I2C1_IRQHandler
                0x000004f8                DMA2_IRQHandler
                0x000004f8                TPM0_IRQHandler
                0x000004f8                I2S0_IRQHandler
                0x000004f8                LLWU_IRQHandler
                0x000004f8                TSI0_IRQHandler
                0x000004f8                UART0_IRQHandler
                0x000004f8                ADC0_IRQHandler
                0x000004f8                SPI1_IRQHandler
                0x000004f8                DefaultISR
                0x000004f8                TPM2_IRQHandler
                0x000004f8                RTC_IRQHandler
                0x000004f8                I2C0_IRQHandler
                0x000004f8                RTC_Seconds_IRQHandler
                0x000004f8                MCG_IRQHandler
                0x000004f8                Reserved20_IRQHandler
                0x000004f8                USB0_IRQHandler
                0x000004f8                SVC_Handler
                0x000004f8                DMA3_IRQHandler
                0x000004f8                DMA0_IRQHandler
                0x000004f8                DAC0_IRQHandler
                0x000004f8                Reserved45_IRQHandler
                0x000004f8                TPM1_IRQHandler
                0x000004f8                LVD_LVW_IRQHandler
                0x000004f8                SPI0_IRQHandler
                0x000004f8                PORTA_IRQHandler
                0x000004f8                FTFA_IRQHandler
                0x000004f8                LPTMR0_IRQHandler
                0x000004f8                CMP0_IRQHandler
                0x000004f8                DMA1_IRQHandler
 .text          0x00000500     0x5d44 c:/freescale/kds_v3/toolchain/bin/../lib/gcc/arm-none-eabi/4.8.4/../../../../arm-none-eabi/lib/armv6-m\libstdc++_s.a(cp-demangle.o)
                0x0000615c                __cxa_demangle
                0x00006220                __gcclibcxx_demangle_callback
 .text          0x00006244       0x14 c:/freescale/kds_v3/toolchain/bin/../lib/gcc/arm-none-eabi/4.8.4/armv6-m\libgcc.a(_thumb1_case_sqi.o)
                0x00006244                __gnu_thumb1_case_sqi
 .text          0x00006258       0x14 c:/freescale/kds_v3/toolchain/bin/../lib/gcc/arm-none-eabi/4.8.4/armv6-m\libgcc.a(_thumb1_case_uqi.o)
                0x00006258                __gnu_thumb1_case_uqi
 .text          0x0000626c       0x9c c:/freescale/kds_v3/toolchain/bin/../lib/gcc/arm-none-eabi/4.8.4/armv6-m\libgcc.a(_udivsi3.o)
                0x0000626c                __aeabi_uidiv
                0x0000626c                __udivsi3
                0x000062f4                __aeabi_uidivmod
 .text          0x00006308       0xc0 c:/freescale/kds_v3/toolchain/bin/../lib/gcc/arm-none-eabi/4.8.4/armv6-m\libgcc.a(_divsi3.o)
                0x00006308                __divsi3
                0x00006308                __aeabi_idiv
                0x000063b4                __aeabi_idivmod
 .text          0x000063c8        0x4 c:/freescale/kds_v3/toolchain/bin/../lib/gcc/arm-none-eabi/4.8.4/armv6-m\libgcc.a(_dvmd_tls.o)
                0x000063c8                __aeabi_idiv0
                0x000063c8                __aeabi_ldiv0
 .text          0x000063cc       0x7c c:/freescale/kds_v3/toolchain/bin/../lib/gcc/arm-none-eabi/4.8.4/armv6-m\libgcc.a(_arm_cmpdf2.o)
                0x000063cc                __aeabi_cdrcmple
                0x000063dc                __aeabi_cdcmple
                0x000063dc                __aeabi_cdcmpeq
                0x000063ec                __aeabi_dcmpeq
                0x000063f8                __aeabi_dcmplt
                0x0000640c                __aeabi_dcmple
                0x00006420                __aeabi_dcmpgt
                0x00006434                __aeabi_dcmpge
 .text          0x00006448       0x40 c:/freescale/kds_v3/toolchain/bin/../lib/gcc/arm-none-eabi/4.8.4/armv6-m\libgcc.a(_aeabi_uldivmod.o)
                0x00006448                __aeabi_uldivmod
 .text          0x00006488       0x44 c:/freescale/kds_v3/toolchain/bin/../lib/gcc/arm-none-eabi/4.8.4/armv6-m\libgcc.a(_muldi3.o)
                0x00006488                __muldi3
                0x00006488                __aeabi_lmul
 .text          0x000064cc       0x6c c:/freescale/kds_v3/toolchain/bin/../lib/gcc/arm-none-eabi/4.8.4/armv6-m\libgcc.a(bpabi.o)
                0x000064cc                __gnu_ldivmod_helper
                0x00006504                __gnu_uldivmod_helper
 .text          0x00006538      0x644 c:/freescale/kds_v3/toolchain/bin/../lib/gcc/arm-none-eabi/4.8.4/armv6-m\libgcc.a(adddf3.o)
                0x00006538                __aeabi_dadd
 .text          0x00006b7c      0x648 c:/freescale/kds_v3/toolchain/bin/../lib/gcc/arm-none-eabi/4.8.4/armv6-m\libgcc.a(divdf3.o)
                0x00006b7c                __aeabi_ddiv
 .text          0x000071c4       0x94 c:/freescale/kds_v3/toolchain/bin/../lib/gcc/arm-none-eabi/4.8.4/armv6-m\libgcc.a(eqdf2.o)
                0x000071c4                __nedf2
                0x000071c4                __eqdf2
 .text          0x00007258       0xfc c:/freescale/kds_v3/toolchain/bin/../lib/gcc/arm-none-eabi/4.8.4/armv6-m\libgcc.a(gedf2.o)
                0x00007258                __gedf2
                0x00007258                __gtdf2
 .text          0x00007354       0xfc c:/freescale/kds_v3/toolchain/bin/../lib/gcc/arm-none-eabi/4.8.4/armv6-m\libgcc.a(ledf2.o)
                0x00007354                __ledf2
                0x00007354                __ltdf2
 .text          0x00007450      0x520 c:/freescale/kds_v3/toolchain/bin/../lib/gcc/arm-none-eabi/4.8.4/armv6-m\libgcc.a(muldf3.o)
                0x00007450                __aeabi_dmul
 .text          0x00007970      0x668 c:/freescale/kds_v3/toolchain/bin/../lib/gcc/arm-none-eabi/4.8.4/armv6-m\libgcc.a(subdf3.o)
                0x00007970                __aeabi_dsub
 .text          0x00007fd8       0x68 c:/freescale/kds_v3/toolchain/bin/../lib/gcc/arm-none-eabi/4.8.4/armv6-m\libgcc.a(fixdfsi.o)
                0x00007fd8                __aeabi_d2iz
 .text          0x00008040       0x7c c:/freescale/kds_v3/toolchain/bin/../lib/gcc/arm-none-eabi/4.8.4/armv6-m\libgcc.a(floatsidf.o)
                0x00008040                __aeabi_i2d
 .text          0x000080bc       0x68 c:/freescale/kds_v3/toolchain/bin/../lib/gcc/arm-none-eabi/4.8.4/armv6-m\libgcc.a(floatunsidf.o)
                0x000080bc                __aeabi_ui2d
 .text          0x00008124       0xa4 c:/freescale/kds_v3/toolchain/bin/../lib/gcc/arm-none-eabi/4.8.4/armv6-m\libgcc.a(extendsfdf2.o)
                0x00008124                __aeabi_f2d
 .text          0x000081c8      0x118 c:/freescale/kds_v3/toolchain/bin/../lib/gcc/arm-none-eabi/4.8.4/armv6-m\libgcc.a(truncdfsf2.o)
                0x000081c8                __aeabi_d2f
 .text          0x000082e0      0xa34 c:/freescale/kds_v3/toolchain/bin/../lib/gcc/arm-none-eabi/4.8.4/armv6-m\libgcc.a(unwind-arm.o)
                0x000085b8                _Unwind_GetCFA
                0x000085bc                __gnu_Unwind_RaiseException
                0x0000860c                __gnu_Unwind_ForcedUnwind
                0x00008620                __gnu_Unwind_Resume
                0x00008668                __gnu_Unwind_Resume_or_Rethrow
                0x00008684                _Unwind_Complete
                0x00008688                _Unwind_DeleteException
                0x00008698                _Unwind_VRS_Get
                0x000086e4                _Unwind_VRS_Set
                0x00008734                __gnu_Unwind_Backtrace
                0x00008a8c                __aeabi_unwind_cpp_pr0
                0x00008a98                __aeabi_unwind_cpp_pr1
                0x00008aa4                __aeabi_unwind_cpp_pr2
                0x00008ab0                _Unwind_VRS_Pop
 .text          0x00008d14      0x144 c:/freescale/kds_v3/toolchain/bin/../lib/gcc/arm-none-eabi/4.8.4/armv6-m\libgcc.a(libunwind.o)
                0x00008d14                __restore_core_regs
                0x00008d14                restore_core_regs
                0x00008d40                __gnu_Unwind_Restore_VFP
                0x00008d44                __gnu_Unwind_Save_VFP
                0x00008d48                __gnu_Unwind_Restore_VFP_D
                0x00008d4c                __gnu_Unwind_Save_VFP_D
                0x00008d50                __gnu_Unwind_Restore_VFP_D_16_to_31
                0x00008d54                __gnu_Unwind_Save_VFP_D_16_to_31
                0x00008d58                __gnu_Unwind_Restore_WMMXD
                0x00008d5c                __gnu_Unwind_Save_WMMXD
                0x00008d60                __gnu_Unwind_Restore_WMMXC
                0x00008d64                __gnu_Unwind_Save_WMMXC
                0x00008d68                ___Unwind_RaiseException
                0x00008d68                _Unwind_RaiseException
                0x00008d98                _Unwind_Resume
                0x00008d98                ___Unwind_Resume
                0x00008dc8                _Unwind_Resume_or_Rethrow
                0x00008dc8                ___Unwind_Resume_or_Rethrow
                0x00008df8                _Unwind_ForcedUnwind
                0x00008df8                ___Unwind_ForcedUnwind
                0x00008e28                ___Unwind_Backtrace
                0x00008e28                _Unwind_Backtrace
 .text          0x00008e58      0x3a4 c:/freescale/kds_v3/toolchain/bin/../lib/gcc/arm-none-eabi/4.8.4/armv6-m\libgcc.a(pr-support.o)
                0x00008eac                __gnu_unwind_execute
                0x000091a4                __gnu_unwind_frame
                0x000091cc                _Unwind_GetRegionStart
                0x000091d8                _Unwind_GetLanguageSpecificData
                0x000091ec                _Unwind_GetDataRelBase
                0x000091f4                _Unwind_GetTextRelBase
 .text          0x000091fc       0x3c c:/freescale/kds_v3/toolchain/bin/../lib/gcc/arm-none-eabi/4.8.4/armv6-m\libgcc.a(_clzsi2.o)
                0x000091fc                __clzsi2
 .text          0x00009238      0x3b8 c:/freescale/kds_v3/toolchain/bin/../lib/gcc/arm-none-eabi/4.8.4/armv6-m\libgcc.a(_divdi3.o)
                0x00009238                __divdi3
 .text          0x000095f0      0x384 c:/freescale/kds_v3/toolchain/bin/../lib/gcc/arm-none-eabi/4.8.4/armv6-m\libgcc.a(_udivdi3.o)
                0x000095f0                __udivdi3
 .text          0x00009974       0x14 c:/freescale/kds_v3/toolchain/bin/../lib/gcc/arm-none-eabi/4.8.4/../../../../arm-none-eabi/lib/armv6-m\libg_s.a(lib_a-strcmp.o)
                0x00009974                strcmp
 *(.text*)
 .text.PEX_components_init
                0x00009988        0xc ./Static_Code/System/PE_low_level_init.o
                0x00009988                PEX_components_init
 .text.PE_low_level_init
                0x00009994       0x14 ./Static_Code/System/PE_low_level_init.o
                0x00009994                PE_low_level_init
 .text.Clock_incrementMsCounter
                0x000099a8       0x20 ./Sources/utility/Clock.o
                0x000099a8                Clock_incrementMsCounter
 .text.Clock_getMsCount
                0x000099c8       0x18 ./Sources/utility/Clock.o
                0x000099c8                Clock_getMsCount
 .text._Z12bytesToFloatPh
                0x000099e0       0x4c ./Sources/utility/conversion.o
                0x000099e0                bytesToFloat(unsigned char*)
 .text._ZN10tomyClient6XTimerD2Ev
                0x00009a2c       0x14 ./Sources/iSN/IsnClient.o
                0x00009a2c                tomyClient::XTimer::~XTimer()
                0x00009a2c                tomyClient::XTimer::~XTimer()
 .text._ZnwjPv  0x00009a40       0x14 ./Sources/iSN/IsnClient.o
                0x00009a40                operator new(unsigned int, void*)
 .text._ZdlPvS_
                0x00009a54       0x10 ./Sources/iSN/IsnClient.o
                0x00009a54                operator delete(void*, void*)
 .text._ZN5QueueI10IsnMessageEC2Ev
                0x00009a64       0x1c ./Sources/iSN/IsnClient.o
                0x00009a64                Queue<IsnMessage>::Queue()
                0x00009a64                Queue<IsnMessage>::Queue()
 .text._ZN5QueueI10IsnMessageED2Ev
                0x00009a80       0x1c ./Sources/iSN/IsnClient.o
                0x00009a80                Queue<IsnMessage>::~Queue()
                0x00009a80                Queue<IsnMessage>::~Queue()
 .text._ZN9IsnClientC2EPN10tomyClient7NetworkEi
                0x00009a9c       0xa8 ./Sources/iSN/IsnClient.o
                0x00009a9c                IsnClient::IsnClient(tomyClient::Network*, int)
                0x00009a9c                IsnClient::IsnClient(tomyClient::Network*, int)
 .text._ZN9IsnClient11sendMessageE10IsnMessage
                0x00009b44       0x4c ./Sources/iSN/IsnClient.o
                0x00009b44                IsnClient::sendMessage(IsnMessage)
 .text._ZN13IsnMsgMeasureD2Ev
                0x00009b90       0x1c ./Sources/iSN/IsnClient.o
                0x00009b90                IsnMsgMeasure::~IsnMsgMeasure()
                0x00009b90                IsnMsgMeasure::~IsnMsgMeasure()
 .text._ZN9IsnClient11sendMeasureEf
                0x00009bac       0x7c ./Sources/iSN/IsnClient.o
                0x00009bac                IsnClient::sendMeasure(float)
 .text._ZN9IsnClient4execEv
                0x00009c28       0x18 ./Sources/iSN/IsnClient.o
                0x00009c28                IsnClient::exec()
 .text._ZN9IsnClient11sendRecvMsgEv
                0x00009c40      0x1ac ./Sources/iSN/IsnClient.o
                0x00009c40                IsnClient::sendRecvMsg()
 .text._Z20clientMessageHandlerPN10tomyClient10NWResponseEPi
                0x00009dec       0x28 ./Sources/iSN/IsnClient.o
                0x00009dec                clientMessageHandler(tomyClient::NWResponse*, int*)
 .text._ZN9IsnClient21receiveMessageHandlerEPN10tomyClient10NWResponseEPi
                0x00009e14      0x2f8 ./Sources/iSN/IsnClient.o
                0x00009e14                IsnClient::receiveMessageHandler(tomyClient::NWResponse*, int*)
 .text._ZN16IsnMsgSearchSinkD2Ev
                0x0000a10c       0x1c ./Sources/iSN/IsnClient.o
                0x0000a10c                IsnMsgSearchSink::~IsnMsgSearchSink()
                0x0000a10c                IsnMsgSearchSink::~IsnMsgSearchSink()
 .text._ZN9IsnClient14sendSearchSinkEv
                0x0000a128       0x78 ./Sources/iSN/IsnClient.o
                0x0000a128                IsnClient::sendSearchSink()
 .text._ZN13IsnMsgConnectD2Ev
                0x0000a1a0       0x1c ./Sources/iSN/IsnClient.o
                0x0000a1a0                IsnMsgConnect::~IsnMsgConnect()
                0x0000a1a0                IsnMsgConnect::~IsnMsgConnect()
 .text._ZN9IsnClient11sendConnectEv
                0x0000a1bc       0x70 ./Sources/iSN/IsnClient.o
                0x0000a1bc                IsnClient::sendConnect()
 .text._ZN10IsnMsgPingD2Ev
                0x0000a22c       0x1c ./Sources/iSN/IsnClient.o
                0x0000a22c                IsnMsgPing::~IsnMsgPing()
                0x0000a22c                IsnMsgPing::~IsnMsgPing()
 .text._ZN9IsnClient8sendPingEv
                0x0000a248       0x68 ./Sources/iSN/IsnClient.o
                0x0000a248                IsnClient::sendPing()
 .text._ZN9IsnClient9setStatusEi
                0x0000a2b0      0x100 ./Sources/iSN/IsnClient.o
                0x0000a2b0                IsnClient::setStatus(int)
 .text._ZN15IsnMsgConfigAckD2Ev
                0x0000a3b0       0x1c ./Sources/iSN/IsnClient.o
                0x0000a3b0                IsnMsgConfigAck::~IsnMsgConfigAck()
                0x0000a3b0                IsnMsgConfigAck::~IsnMsgConfigAck()
 .text._ZN9IsnClient13sendConfigAckEv
                0x0000a3cc       0x68 ./Sources/iSN/IsnClient.o
                0x0000a3cc                IsnClient::sendConfigAck()
 .text._ZN9IsnClient9broadcastEv
                0x0000a434      0x18c ./Sources/iSN/IsnClient.o
                0x0000a434                IsnClient::broadcast()
 .text._ZN9IsnClient7unicastEv
                0x0000a5c0      0x1fc ./Sources/iSN/IsnClient.o
                0x0000a5c0                IsnClient::unicast()
 .text._ZN9IsnClient9setSensorEP12CommonSensor
                0x0000a7bc       0x28 ./Sources/iSN/IsnClient.o
                0x0000a7bc                IsnClient::setSensor(CommonSensor*)
 .text._ZN9IsnClient9delayTimeEt
                0x0000a7e4       0x88 ./Sources/iSN/IsnClient.o
                0x0000a7e4                IsnClient::delayTime(unsigned short)
 .text._ZNSt6vectorI10IsnMessageSaIS0_EEC2Ev
                0x0000a86c       0x1c ./Sources/iSN/IsnClient.o
                0x0000a86c                std::vector<IsnMessage, std::allocator<IsnMessage> >::vector()
                0x0000a86c                std::vector<IsnMessage, std::allocator<IsnMessage> >::vector()
 .text._ZNSt6vectorI10IsnMessageSaIS0_EED2Ev
                0x0000a888       0x38 ./Sources/iSN/IsnClient.o
                0x0000a888                std::vector<IsnMessage, std::allocator<IsnMessage> >::~vector()
                0x0000a888                std::vector<IsnMessage, std::allocator<IsnMessage> >::~vector()
 .text._ZN5QueueI10IsnMessageE9push_backES0_
                0x0000a8c0       0x1c ./Sources/iSN/IsnClient.o
                0x0000a8c0                Queue<IsnMessage>::push_back(IsnMessage)
 .text._ZN5QueueI10IsnMessageE6frontPEv
                0x0000a8dc       0x3c ./Sources/iSN/IsnClient.o
                0x0000a8dc                Queue<IsnMessage>::frontP()
 .text._ZStneIcSt11char_traitsIcESaIcEEbRKSbIT_T0_T1_EPKS3_
                0x0000a918       0x28 ./Sources/iSN/IsnClient.o
                0x0000a918                bool std::operator!=<char, std::char_traits<char>, std::allocator<char> >(std::basic_string<char, std::char_traits<char>, std::allocator<char> > const&, char const*)
 .text._ZStplIcSt11char_traitsIcESaIcEESbIT_T0_T1_ERKS6_PKS3_
                0x0000a940       0x3c ./Sources/iSN/IsnClient.o
                0x0000a940                std::basic_string<char, std::char_traits<char>, std::allocator<char> > std::operator+<char, std::char_traits<char>, std::allocator<char> >(std::basic_string<char, std::char_traits<char>, std::allocator<char> > const&, char const*)
 .text._ZSt4moveIRSsEONSt16remove_referenceIT_E4typeEOS2_
                0x0000a97c       0x14 ./Sources/iSN/IsnClient.o
                0x0000a97c                std::remove_reference<std::string&>::type&& std::move<std::string&>(std::string&)
 .text._ZStplIcSt11char_traitsIcESaIcEESbIT_T0_T1_EOS6_PKS3_
                0x0000a990       0x34 ./Sources/iSN/IsnClient.o
                0x0000a990                std::basic_string<char, std::char_traits<char>, std::allocator<char> > std::operator+<char, std::char_traits<char>, std::allocator<char> >(std::basic_string<char, std::char_traits<char>, std::allocator<char> >&&, char const*)
 .text._ZStplIcSt11char_traitsIcESaIcEESbIT_T0_T1_EOS6_S7_
                0x0000a9c4       0xa8 ./Sources/iSN/IsnClient.o
                0x0000a9c4                std::basic_string<char, std::char_traits<char>, std::allocator<char> > std::operator+<char, std::char_traits<char>, std::allocator<char> >(std::basic_string<char, std::char_traits<char>, std::allocator<char> >&&, std::basic_string<char, std::char_traits<char>, std::allocator<char> >&&)
 .text._ZN5QueueI10IsnMessageE9pop_frontEv
                0x0000aa6c       0x38 ./Sources/iSN/IsnClient.o
                0x0000aa6c                Queue<IsnMessage>::pop_front()
 .text._ZNSt12_Vector_baseI10IsnMessageSaIS0_EE12_Vector_implD2Ev
                0x0000aaa4       0x1c ./Sources/iSN/IsnClient.o
                0x0000aaa4                std::_Vector_base<IsnMessage, std::allocator<IsnMessage> >::_Vector_impl::~_Vector_impl()
                0x0000aaa4                std::_Vector_base<IsnMessage, std::allocator<IsnMessage> >::_Vector_impl::~_Vector_impl()
 .text._ZNSt12_Vector_baseI10IsnMessageSaIS0_EEC2Ev
                0x0000aac0       0x1c ./Sources/iSN/IsnClient.o
                0x0000aac0                std::_Vector_base<IsnMessage, std::allocator<IsnMessage> >::_Vector_base()
                0x0000aac0                std::_Vector_base<IsnMessage, std::allocator<IsnMessage> >::_Vector_base()
 .text._ZNSt12_Vector_baseI10IsnMessageSaIS0_EED2Ev
                0x0000aadc       0x40 ./Sources/iSN/IsnClient.o
                0x0000aadc                std::_Vector_base<IsnMessage, std::allocator<IsnMessage> >::~_Vector_base()
                0x0000aadc                std::_Vector_base<IsnMessage, std::allocator<IsnMessage> >::~_Vector_base()
 .text._ZNSt12_Vector_baseI10IsnMessageSaIS0_EE19_M_get_Tp_allocatorEv
                0x0000ab1c       0x14 ./Sources/iSN/IsnClient.o
                0x0000ab1c                std::_Vector_base<IsnMessage, std::allocator<IsnMessage> >::_M_get_Tp_allocator()
 .text._ZSt8_DestroyIP10IsnMessageS0_EvT_S2_RSaIT0_E
                0x0000ab30       0x20 ./Sources/iSN/IsnClient.o
                0x0000ab30                void std::_Destroy<IsnMessage*, IsnMessage>(IsnMessage*, IsnMessage*, std::allocator<IsnMessage>&)
 .text._ZSt7forwardIRK10IsnMessageEOT_RNSt16remove_referenceIS3_E4typeE
                0x0000ab50       0x14 ./Sources/iSN/IsnClient.o
                0x0000ab50                IsnMessage const& std::forward<IsnMessage const&>(std::remove_reference<IsnMessage const&>::type&)
 .text._ZNSt6vectorI10IsnMessageSaIS0_EE9push_backERKS0_
                0x0000ab64       0x48 ./Sources/iSN/IsnClient.o
                0x0000ab64                std::vector<IsnMessage, std::allocator<IsnMessage> >::push_back(IsnMessage const&)
 .text._ZN5QueueI10IsnMessageE5emptyEv
                0x0000abac       0x1c ./Sources/iSN/IsnClient.o
                0x0000abac                Queue<IsnMessage>::empty()
 .text._ZNSt6vectorI10IsnMessageSaIS0_EE5beginEv
                0x0000abc8       0x20 ./Sources/iSN/IsnClient.o
                0x0000abc8                std::vector<IsnMessage, std::allocator<IsnMessage> >::begin()
 .text._ZNK9__gnu_cxx17__normal_iteratorIP10IsnMessageSt6vectorIS1_SaIS1_EEEdeEv
                0x0000abe8       0x14 ./Sources/iSN/IsnClient.o
                0x0000abe8                __gnu_cxx::__normal_iterator<IsnMessage*, std::vector<IsnMessage, std::allocator<IsnMessage> > >::operator*() const
 .text._ZSteqIcSt11char_traitsIcESaIcEEbRKSbIT_T0_T1_EPKS3_
                0x0000abfc       0x28 ./Sources/iSN/IsnClient.o
                0x0000abfc                bool std::operator==<char, std::char_traits<char>, std::allocator<char> >(std::basic_string<char, std::char_traits<char>, std::allocator<char> > const&, char const*)
 .text._ZNKSt6vectorI10IsnMessageSaIS0_EE5emptyEv
                0x0000ac24       0x3c ./Sources/iSN/IsnClient.o
                0x0000ac24                std::vector<IsnMessage, std::allocator<IsnMessage> >::empty() const
 .text._ZNSt6vectorI10IsnMessageSaIS0_EE5eraseEN9__gnu_cxx17__normal_iteratorIPS0_S2_EE
                0x0000ac60       0x90 ./Sources/iSN/IsnClient.o
                0x0000ac60                std::vector<IsnMessage, std::allocator<IsnMessage> >::erase(__gnu_cxx::__normal_iterator<IsnMessage*, std::vector<IsnMessage, std::allocator<IsnMessage> > >)
 .text._ZNSt12_Vector_baseI10IsnMessageSaIS0_EE12_Vector_implC2Ev
                0x0000acf0       0x2c ./Sources/iSN/IsnClient.o
                0x0000acf0                std::_Vector_base<IsnMessage, std::allocator<IsnMessage> >::_Vector_impl::_Vector_impl()
                0x0000acf0                std::_Vector_base<IsnMessage, std::allocator<IsnMessage> >::_Vector_impl::_Vector_impl()
 .text._ZNSaI10IsnMessageED2Ev
                0x0000ad1c       0x1c ./Sources/iSN/IsnClient.o
                0x0000ad1c                std::allocator<IsnMessage>::~allocator()
                0x0000ad1c                std::allocator<IsnMessage>::~allocator()
 .text._ZNSt12_Vector_baseI10IsnMessageSaIS0_EE13_M_deallocateEPS0_j
                0x0000ad38       0x28 ./Sources/iSN/IsnClient.o
                0x0000ad38                std::_Vector_base<IsnMessage, std::allocator<IsnMessage> >::_M_deallocate(IsnMessage*, unsigned int)
 .text._ZSt8_DestroyIP10IsnMessageEvT_S2_
                0x0000ad60       0x1c ./Sources/iSN/IsnClient.o
                0x0000ad60                void std::_Destroy<IsnMessage*>(IsnMessage*, IsnMessage*)
 .text._ZNSt16allocator_traitsISaI10IsnMessageEE9constructIS0_JRKS0_EEEDTcl12_S_constructfp_fp0_spcl7forwardIT0_Efp1_EEERS1_PT_DpOS6_
                0x0000ad7c       0x2c ./Sources/iSN/IsnClient.o
                0x0000ad7c                decltype (_S_construct({parm#1}, {parm#2}, (forward<IsnMessage const&>)({parm#3}))) std::allocator_traits<std::allocator<IsnMessage> >::construct<IsnMessage, IsnMessage const&>(std::allocator<IsnMessage>&, IsnMessage*, IsnMessage const&)
 .text._ZNSt6vectorI10IsnMessageSaIS0_EE19_M_emplace_back_auxIJRKS0_EEEvDpOT_
                0x0000ada8      0x158 ./Sources/iSN/IsnClient.o
                0x0000ada8                void std::vector<IsnMessage, std::allocator<IsnMessage> >::_M_emplace_back_aux<IsnMessage const&>(IsnMessage const&)
 .text._ZN9__gnu_cxx17__normal_iteratorIP10IsnMessageSt6vectorIS1_SaIS1_EEEC2ERKS2_
                0x0000af00       0x1c ./Sources/iSN/IsnClient.o
                0x0000af00                __gnu_cxx::__normal_iterator<IsnMessage*, std::vector<IsnMessage, std::allocator<IsnMessage> > >::__normal_iterator(IsnMessage* const&)
                0x0000af00                __gnu_cxx::__normal_iterator<IsnMessage*, std::vector<IsnMessage, std::allocator<IsnMessage> > >::__normal_iterator(IsnMessage* const&)
 .text._ZNKSt6vectorI10IsnMessageSaIS0_EE3endEv
                0x0000af1c       0x28 ./Sources/iSN/IsnClient.o
                0x0000af1c                std::vector<IsnMessage, std::allocator<IsnMessage> >::end() const
 .text._ZNKSt6vectorI10IsnMessageSaIS0_EE5beginEv
                0x0000af44       0x28 ./Sources/iSN/IsnClient.o
                0x0000af44                std::vector<IsnMessage, std::allocator<IsnMessage> >::begin() const
 .text._ZN9__gnu_cxxeqIPK10IsnMessageSt6vectorIS1_SaIS1_EEEEbRKNS_17__normal_iteratorIT_T0_EESC_
                0x0000af6c       0x34 ./Sources/iSN/IsnClient.o
                0x0000af6c                bool __gnu_cxx::operator==<IsnMessage const*, std::vector<IsnMessage, std::allocator<IsnMessage> > >(__gnu_cxx::__normal_iterator<IsnMessage const*, std::vector<IsnMessage, std::allocator<IsnMessage> > > const&, __gnu_cxx::__normal_iterator<IsnMessage const*, std::vector<IsnMessage, std::allocator<IsnMessage> > > const&)
 .text._ZNSt6vectorI10IsnMessageSaIS0_EE3endEv
                0x0000afa0       0x24 ./Sources/iSN/IsnClient.o
                0x0000afa0                std::vector<IsnMessage, std::allocator<IsnMessage> >::end()
 .text._ZNK9__gnu_cxx17__normal_iteratorIP10IsnMessageSt6vectorIS1_SaIS1_EEEplERKi
                0x0000afc4       0x3c ./Sources/iSN/IsnClient.o
                0x0000afc4                __gnu_cxx::__normal_iterator<IsnMessage*, std::vector<IsnMessage, std::allocator<IsnMessage> > >::operator+(int const&) const
 .text._ZN9__gnu_cxxneIP10IsnMessageSt6vectorIS1_SaIS1_EEEEbRKNS_17__normal_iteratorIT_T0_EESB_
                0x0000b000       0x34 ./Sources/iSN/IsnClient.o
                0x0000b000                bool __gnu_cxx::operator!=<IsnMessage*, std::vector<IsnMessage, std::allocator<IsnMessage> > >(__gnu_cxx::__normal_iterator<IsnMessage*, std::vector<IsnMessage, std::allocator<IsnMessage> > > const&, __gnu_cxx::__normal_iterator<IsnMessage*, std::vector<IsnMessage, std::allocator<IsnMessage> > > const&)
 .text._ZSt4moveIN9__gnu_cxx17__normal_iteratorIP10IsnMessageSt6vectorIS2_SaIS2_EEEES7_ET0_T_S9_S8_
                0x0000b034       0x38 ./Sources/iSN/IsnClient.o
                0x0000b034                __gnu_cxx::__normal_iterator<IsnMessage*, std::vector<IsnMessage, std::allocator<IsnMessage> > > std::move<__gnu_cxx::__normal_iterator<IsnMessage*, std::vector<IsnMessage, std::allocator<IsnMessage> > >, __gnu_cxx::__normal_iterator<IsnMessage*, std::vector<IsnMessage, std::allocator<IsnMessage> > > >(__gnu_cxx::__normal_iterator<IsnMessage*, std::vector<IsnMessage, std::allocator<IsnMessage> > >, __gnu_cxx::__normal_iterator<IsnMessage*, std::vector<IsnMessage, std::allocator<IsnMessage> > >, __gnu_cxx::__normal_iterator<IsnMessage*, std::vector<IsnMessage, std::allocator<IsnMessage> > >)
 .text._ZNSt16allocator_traitsISaI10IsnMessageEE7destroyIS0_EEvRS1_PT_
                0x0000b06c       0x1c ./Sources/iSN/IsnClient.o
                0x0000b06c                void std::allocator_traits<std::allocator<IsnMessage> >::destroy<IsnMessage>(std::allocator<IsnMessage>&, IsnMessage*)
 .text._ZNSaI10IsnMessageEC2Ev
                0x0000b088       0x1c ./Sources/iSN/IsnClient.o
                0x0000b088                std::allocator<IsnMessage>::allocator()
                0x0000b088                std::allocator<IsnMessage>::allocator()
 .text._ZN9__gnu_cxx13new_allocatorI10IsnMessageED2Ev
                0x0000b0a4       0x14 ./Sources/iSN/IsnClient.o
                0x0000b0a4                __gnu_cxx::new_allocator<IsnMessage>::~new_allocator()
                0x0000b0a4                __gnu_cxx::new_allocator<IsnMessage>::~new_allocator()
 .text._ZN9__gnu_cxx13new_allocatorI10IsnMessageE10deallocateEPS1_j
                0x0000b0b8       0x1c ./Sources/iSN/IsnClient.o
                0x0000b0b8                __gnu_cxx::new_allocator<IsnMessage>::deallocate(IsnMessage*, unsigned int)
 .text._ZNSt12_Destroy_auxILb0EE9__destroyIP10IsnMessageEEvT_S4_
                0x0000b0d4       0x30 ./Sources/iSN/IsnClient.o
                0x0000b0d4                void std::_Destroy_aux<false>::__destroy<IsnMessage*>(IsnMessage*, IsnMessage*)
 .text._ZNSt16allocator_traitsISaI10IsnMessageEE12_S_constructIS0_JRKS0_EEENSt9enable_ifIXsrNS2_18__construct_helperIT_JDpT0_EEE5valueEvE4typeERS1_PS8_DpOS9_
                0x0000b104       0x2c ./Sources/iSN/IsnClient.o
                0x0000b104                std::enable_if<std::allocator_traits<std::allocator<IsnMessage> >::__construct_helper<IsnMessage, IsnMessage const&>::value, void>::type std::allocator_traits<std::allocator<IsnMessage> >::_S_construct<IsnMessage, IsnMessage const&>(std::allocator<IsnMessage>&, IsnMessage*, IsnMessage const&)
 .text._ZNKSt6vectorI10IsnMessageSaIS0_EE12_M_check_lenEjPKc
                0x0000b130       0x9c ./Sources/iSN/IsnClient.o
                0x0000b130                std::vector<IsnMessage, std::allocator<IsnMessage> >::_M_check_len(unsigned int, char const*) const
 .text._ZNSt12_Vector_baseI10IsnMessageSaIS0_EE11_M_allocateEj
                0x0000b1cc       0x2c ./Sources/iSN/IsnClient.o
                0x0000b1cc                std::_Vector_base<IsnMessage, std::allocator<IsnMessage> >::_M_allocate(unsigned int)
 .text._ZNKSt6vectorI10IsnMessageSaIS0_EE4sizeEv
                0x0000b1f8       0x28 ./Sources/iSN/IsnClient.o
                0x0000b1f8                std::vector<IsnMessage, std::allocator<IsnMessage> >::size() const
 .text._ZSt34__uninitialized_move_if_noexcept_aIP10IsnMessageS1_SaIS0_EET0_T_S4_S3_RT1_
                0x0000b220       0x38 ./Sources/iSN/IsnClient.o
                0x0000b220                IsnMessage* std::__uninitialized_move_if_noexcept_a<IsnMessage*, IsnMessage*, std::allocator<IsnMessage> >(IsnMessage*, IsnMessage*, IsnMessage*, std::allocator<IsnMessage>&)
 .text._ZN9__gnu_cxx17__normal_iteratorIPK10IsnMessageSt6vectorIS1_SaIS1_EEEC2ERKS3_
                0x0000b258       0x1c ./Sources/iSN/IsnClient.o
                0x0000b258                __gnu_cxx::__normal_iterator<IsnMessage const*, std::vector<IsnMessage, std::allocator<IsnMessage> > >::__normal_iterator(IsnMessage const* const&)
                0x0000b258                __gnu_cxx::__normal_iterator<IsnMessage const*, std::vector<IsnMessage, std::allocator<IsnMessage> > >::__normal_iterator(IsnMessage const* const&)
 .text._ZNK9__gnu_cxx17__normal_iteratorIPK10IsnMessageSt6vectorIS1_SaIS1_EEE4baseEv
                0x0000b274       0x14 ./Sources/iSN/IsnClient.o
                0x0000b274                __gnu_cxx::__normal_iterator<IsnMessage const*, std::vector<IsnMessage, std::allocator<IsnMessage> > >::base() const
 .text._ZNK9__gnu_cxx17__normal_iteratorIP10IsnMessageSt6vectorIS1_SaIS1_EEE4baseEv
                0x0000b288       0x14 ./Sources/iSN/IsnClient.o
                0x0000b288                __gnu_cxx::__normal_iterator<IsnMessage*, std::vector<IsnMessage, std::allocator<IsnMessage> > >::base() const
 .text._ZSt12__miter_baseIN9__gnu_cxx17__normal_iteratorIP10IsnMessageSt6vectorIS2_SaIS2_EEEEENSt11_Miter_baseIT_E13iterator_typeES9_
                0x0000b29c       0x1c ./Sources/iSN/IsnClient.o
                0x0000b29c                std::_Miter_base<__gnu_cxx::__normal_iterator<IsnMessage*, std::vector<IsnMessage, std::allocator<IsnMessage> > > >::iterator_type std::__miter_base<__gnu_cxx::__normal_iterator<IsnMessage*, std::vector<IsnMessage, std::allocator<IsnMessage> > > >(__gnu_cxx::__normal_iterator<IsnMessage*, std::vector<IsnMessage, std::allocator<IsnMessage> > >)
 .text._ZSt14__copy_move_a2ILb1EN9__gnu_cxx17__normal_iteratorIP10IsnMessageSt6vectorIS2_SaIS2_EEEES7_ET1_T0_S9_S8_
                0x0000b2b8       0x54 ./Sources/iSN/IsnClient.o
                0x0000b2b8                __gnu_cxx::__normal_iterator<IsnMessage*, std::vector<IsnMessage, std::allocator<IsnMessage> > > std::__copy_move_a2<true, __gnu_cxx::__normal_iterator<IsnMessage*, std::vector<IsnMessage, std::allocator<IsnMessage> > >, __gnu_cxx::__normal_iterator<IsnMessage*, std::vector<IsnMessage, std::allocator<IsnMessage> > > >(__gnu_cxx::__normal_iterator<IsnMessage*, std::vector<IsnMessage, std::allocator<IsnMessage> > >, __gnu_cxx::__normal_iterator<IsnMessage*, std::vector<IsnMessage, std::allocator<IsnMessage> > >, __gnu_cxx::__normal_iterator<IsnMessage*, std::vector<IsnMessage, std::allocator<IsnMessage> > >)
 .text._ZNSt16allocator_traitsISaI10IsnMessageEE10_S_destroyIS0_EENSt9enable_ifIXsrNS2_16__destroy_helperIT_EE5valueEvE4typeERS1_PS6_
                0x0000b30c       0x1c ./Sources/iSN/IsnClient.o
                0x0000b30c                std::enable_if<std::allocator_traits<std::allocator<IsnMessage> >::__destroy_helper<IsnMessage>::value, void>::type std::allocator_traits<std::allocator<IsnMessage> >::_S_destroy<IsnMessage>(std::allocator<IsnMessage>&, IsnMessage*)
 .text._ZN9__gnu_cxx13new_allocatorI10IsnMessageEC2Ev
                0x0000b328       0x14 ./Sources/iSN/IsnClient.o
                0x0000b328                __gnu_cxx::new_allocator<IsnMessage>::new_allocator()
                0x0000b328                __gnu_cxx::new_allocator<IsnMessage>::new_allocator()
 .text._ZSt11__addressofI10IsnMessageEPT_RS1_
                0x0000b33c       0x14 ./Sources/iSN/IsnClient.o
                0x0000b33c                IsnMessage* std::__addressof<IsnMessage>(IsnMessage&)
 .text._ZSt8_DestroyI10IsnMessageEvPT_
                0x0000b350       0x18 ./Sources/iSN/IsnClient.o
                0x0000b350                void std::_Destroy<IsnMessage>(IsnMessage*)
 .text._ZN9__gnu_cxx13new_allocatorI10IsnMessageE9constructIS1_JRKS1_EEEvPT_DpOT0_
                0x0000b368       0x44 ./Sources/iSN/IsnClient.o
                0x0000b368                void __gnu_cxx::new_allocator<IsnMessage>::construct<IsnMessage, IsnMessage const&>(IsnMessage*, IsnMessage const&)
 .text._ZNKSt6vectorI10IsnMessageSaIS0_EE8max_sizeEv
                0x0000b3ac       0x24 ./Sources/iSN/IsnClient.o
                0x0000b3ac                std::vector<IsnMessage, std::allocator<IsnMessage> >::max_size() const
 .text._ZSt3maxIjERKT_S2_S2_
                0x0000b3d0       0x24 ./Sources/iSN/IsnClient.o
                0x0000b3d0                unsigned int const& std::max<unsigned int>(unsigned int const&, unsigned int const&)
 .text._ZN9__gnu_cxx13new_allocatorI10IsnMessageE8allocateEjPKv
                0x0000b3f4       0x44 ./Sources/iSN/IsnClient.o
                0x0000b3f4                __gnu_cxx::new_allocator<IsnMessage>::allocate(unsigned int, void const*)
 .text._ZSt32__make_move_if_noexcept_iteratorIP10IsnMessageS1_ET0_T_
                0x0000b438       0x14 ./Sources/iSN/IsnClient.o
                0x0000b438                IsnMessage* std::__make_move_if_noexcept_iterator<IsnMessage*, IsnMessage*>(IsnMessage*)
 .text._ZSt22__uninitialized_copy_aIP10IsnMessageS1_S0_ET0_T_S3_S2_RSaIT1_E
                0x0000b44c       0x28 ./Sources/iSN/IsnClient.o
                0x0000b44c                IsnMessage* std::__uninitialized_copy_a<IsnMessage*, IsnMessage*, IsnMessage>(IsnMessage*, IsnMessage*, IsnMessage*, std::allocator<IsnMessage>&)
 .text._ZNSt10_Iter_baseIN9__gnu_cxx17__normal_iteratorIP10IsnMessageSt6vectorIS2_SaIS2_EEEELb0EE7_S_baseES7_
                0x0000b474       0x14 ./Sources/iSN/IsnClient.o
                0x0000b474                std::_Iter_base<__gnu_cxx::__normal_iterator<IsnMessage*, std::vector<IsnMessage, std::allocator<IsnMessage> > >, false>::_S_base(__gnu_cxx::__normal_iterator<IsnMessage*, std::vector<IsnMessage, std::allocator<IsnMessage> > >)
 .text._ZSt12__niter_baseIN9__gnu_cxx17__normal_iteratorIP10IsnMessageSt6vectorIS2_SaIS2_EEEEENSt11_Niter_baseIT_E13iterator_typeES9_
                0x0000b488       0x1c ./Sources/iSN/IsnClient.o
                0x0000b488                std::_Niter_base<__gnu_cxx::__normal_iterator<IsnMessage*, std::vector<IsnMessage, std::allocator<IsnMessage> > > >::iterator_type std::__niter_base<__gnu_cxx::__normal_iterator<IsnMessage*, std::vector<IsnMessage, std::allocator<IsnMessage> > > >(__gnu_cxx::__normal_iterator<IsnMessage*, std::vector<IsnMessage, std::allocator<IsnMessage> > >)
 .text._ZSt13__copy_move_aILb1EP10IsnMessageS1_ET1_T0_S3_S2_
                0x0000b4a4       0x30 ./Sources/iSN/IsnClient.o
                0x0000b4a4                IsnMessage* std::__copy_move_a<true, IsnMessage*, IsnMessage*>(IsnMessage*, IsnMessage*, IsnMessage*)
 .text._ZN9__gnu_cxx13new_allocatorI10IsnMessageE7destroyIS1_EEvPT_
                0x0000b4d4       0x18 ./Sources/iSN/IsnClient.o
                0x0000b4d4                void __gnu_cxx::new_allocator<IsnMessage>::destroy<IsnMessage>(IsnMessage*)
 .text._ZNSt16allocator_traitsISaI10IsnMessageEE8max_sizeERKS1_
                0x0000b4ec       0x1c ./Sources/iSN/IsnClient.o
                0x0000b4ec                std::allocator_traits<std::allocator<IsnMessage> >::max_size(std::allocator<IsnMessage> const&)
 .text._ZNKSt12_Vector_baseI10IsnMessageSaIS0_EE19_M_get_Tp_allocatorEv
                0x0000b508       0x14 ./Sources/iSN/IsnClient.o
                0x0000b508                std::_Vector_base<IsnMessage, std::allocator<IsnMessage> >::_M_get_Tp_allocator() const
 .text._ZNK9__gnu_cxx13new_allocatorI10IsnMessageE8max_sizeEv
                0x0000b51c       0x18 ./Sources/iSN/IsnClient.o
                0x0000b51c                __gnu_cxx::new_allocator<IsnMessage>::max_size() const
 .text._ZSt18uninitialized_copyIP10IsnMessageS1_ET0_T_S3_S2_
                0x0000b534       0x28 ./Sources/iSN/IsnClient.o
                0x0000b534                IsnMessage* std::uninitialized_copy<IsnMessage*, IsnMessage*>(IsnMessage*, IsnMessage*, IsnMessage*)
 .text._ZNSt10_Iter_baseIN9__gnu_cxx17__normal_iteratorIP10IsnMessageSt6vectorIS2_SaIS2_EEEELb1EE7_S_baseES7_
                0x0000b55c       0x1c ./Sources/iSN/IsnClient.o
                0x0000b55c                std::_Iter_base<__gnu_cxx::__normal_iterator<IsnMessage*, std::vector<IsnMessage, std::allocator<IsnMessage> > >, true>::_S_base(__gnu_cxx::__normal_iterator<IsnMessage*, std::vector<IsnMessage, std::allocator<IsnMessage> > >)
 .text._ZSt4moveIR10IsnMessageEONSt16remove_referenceIT_E4typeEOS3_
                0x0000b578       0x14 ./Sources/iSN/IsnClient.o
                0x0000b578                std::remove_reference<IsnMessage&>::type&& std::move<IsnMessage&>(IsnMessage&)
 .text._ZNSt11__copy_moveILb1ELb0ESt26random_access_iterator_tagE8__copy_mIP10IsnMessageS4_EET0_T_S6_S5_
                0x0000b58c       0x60 ./Sources/iSN/IsnClient.o
                0x0000b58c                IsnMessage* std::__copy_move<true, false, std::random_access_iterator_tag>::__copy_m<IsnMessage*, IsnMessage*>(IsnMessage*, IsnMessage*, IsnMessage*)
 .text._ZNSt16allocator_traitsISaI10IsnMessageEE11_S_max_sizeIKS1_EENSt9enable_ifIXsrNS2_16__maxsize_helperIT_EE5valueEjE4typeERS7_
                0x0000b5ec       0x1c ./Sources/iSN/IsnClient.o
                0x0000b5ec                std::enable_if<std::allocator_traits<std::allocator<IsnMessage> >::__maxsize_helper<std::allocator<IsnMessage> const>::value, unsigned int>::type std::allocator_traits<std::allocator<IsnMessage> >::_S_max_size<std::allocator<IsnMessage> const>(std::allocator<IsnMessage> const&)
 .text._ZNSt20__uninitialized_copyILb0EE13__uninit_copyIP10IsnMessageS3_EET0_T_S5_S4_
                0x0000b608       0x68 ./Sources/iSN/IsnClient.o
                0x0000b608                IsnMessage* std::__uninitialized_copy<false>::__uninit_copy<IsnMessage*, IsnMessage*>(IsnMessage*, IsnMessage*, IsnMessage*)
 .text._ZSt7forwardIR10IsnMessageEOT_RNSt16remove_referenceIS2_E4typeE
                0x0000b670       0x14 ./Sources/iSN/IsnClient.o
                0x0000b670                IsnMessage& std::forward<IsnMessage&>(std::remove_reference<IsnMessage&>::type&)
 .text._ZSt10_ConstructI10IsnMessageJRS0_EEvPT_DpOT0_
                0x0000b684       0x44 ./Sources/iSN/IsnClient.o
                0x0000b684                void std::_Construct<IsnMessage, IsnMessage&>(IsnMessage*, IsnMessage&)
 .text._ZN13IsnMsgMeasureC2Ef
                0x0000b6c8       0x68 ./Sources/iSN/iSN.o
                0x0000b6c8                IsnMsgMeasure::IsnMsgMeasure(float)
                0x0000b6c8                IsnMsgMeasure::IsnMsgMeasure(float)
 .text._ZN13IsnMsgMeasure10getMeasureEv
                0x0000b730       0x24 ./Sources/iSN/iSN.o
                0x0000b730                IsnMsgMeasure::getMeasure()
 .text._ZN15IsnMsgConfigAckC2Ev
                0x0000b754       0x54 ./Sources/iSN/iSN.o
                0x0000b754                IsnMsgConfigAck::IsnMsgConfigAck()
                0x0000b754                IsnMsgConfigAck::IsnMsgConfigAck()
 .text._ZN16IsnMsgSearchSinkC2Eh
                0x0000b7a8       0x78 ./Sources/iSN/iSN.o
                0x0000b7a8                IsnMsgSearchSink::IsnMsgSearchSink(unsigned char)
                0x0000b7a8                IsnMsgSearchSink::IsnMsgSearchSink(unsigned char)
 .text._ZN13IsnMsgConnectC2Ev
                0x0000b820       0x60 ./Sources/iSN/iSN.o
                0x0000b820                IsnMsgConnect::IsnMsgConnect()
                0x0000b820                IsnMsgConnect::IsnMsgConnect()
 .text._ZN10IsnMsgPingC2Ev
                0x0000b880       0x60 ./Sources/iSN/iSN.o
                0x0000b880                IsnMsgPing::IsnMsgPing()
                0x0000b880                IsnMsgPing::IsnMsgPing()
 .text._ZN10IsnMessage10getPayloadEv
                0x0000b8e0       0x14 ./Sources/iSN/iSN.o
                0x0000b8e0                IsnMessage::getPayload()
 .text._ZN10IsnMessage9getLengthEv
                0x0000b8f4       0x14 ./Sources/iSN/iSN.o
                0x0000b8f4                IsnMessage::getLength()
 .text._ZN10IsnMessage10getTimeoutEv
                0x0000b908       0x14 ./Sources/iSN/iSN.o
                0x0000b908                IsnMessage::getTimeout()
 .text._ZN10IsnMessage16setMessageStatusEh
                0x0000b91c       0x1c ./Sources/iSN/iSN.o
                0x0000b91c                IsnMessage::setMessageStatus(unsigned char)
 .text._ZN10IsnMessage16getMessageStatusEv
                0x0000b938       0x14 ./Sources/iSN/iSN.o
                0x0000b938                IsnMessage::getMessageStatus()
 .text._ZN10IsnMessage8getRetryEv
                0x0000b94c       0x14 ./Sources/iSN/iSN.o
                0x0000b94c                IsnMessage::getRetry()
 .text._ZN10IsnMessageC2Ev
                0x0000b960       0x38 ./Sources/iSN/iSN.o
                0x0000b960                IsnMessage::IsnMessage()
                0x0000b960                IsnMessage::IsnMessage()
 .text._ZN10IsnMessageC2ERKS_
                0x0000b998       0x78 ./Sources/iSN/iSN.o
                0x0000b998                IsnMessage::IsnMessage(IsnMessage const&)
                0x0000b998                IsnMessage::IsnMessage(IsnMessage const&)
 .text._ZN10IsnMessageD2Ev
                0x0000ba10       0x24 ./Sources/iSN/iSN.o
                0x0000ba10                IsnMessage::~IsnMessage()
                0x0000ba10                IsnMessage::~IsnMessage()
 .text._ZN10IsnMessage7getTypeEv
                0x0000ba34       0x14 ./Sources/iSN/iSN.o
                0x0000ba34                IsnMessage::getType()
 .text._ZN16IsnConfigurationD2Ev
                0x0000ba48       0x2c ./Sources/iSN/iSN.o
                0x0000ba48                IsnConfiguration::~IsnConfiguration()
                0x0000ba48                IsnConfiguration::~IsnConfiguration()
 .text._ZN16IsnConfigurationD0Ev
                0x0000ba74       0x24 ./Sources/iSN/iSN.o
                0x0000ba74                IsnConfiguration::~IsnConfiguration()
 .text._ZN16IsnConfigurationC2EPh
                0x0000ba98       0xd4 ./Sources/iSN/iSN.o
                0x0000ba98                IsnConfiguration::IsnConfiguration(unsigned char*)
                0x0000ba98                IsnConfiguration::IsnConfiguration(unsigned char*)
 .text._ZN16IsnConfiguration15getSamplingRateEv
                0x0000bb6c       0x14 ./Sources/iSN/iSN.o
                0x0000bb6c                IsnConfiguration::getSamplingRate()
 .text._ZN16IsnConfiguration16getSamplingDelayEv
                0x0000bb80       0x14 ./Sources/iSN/iSN.o
                0x0000bb80                IsnConfiguration::getSamplingDelay()
 .text._ZN16IsnConfiguration12getConfigMsgEv
                0x0000bb94       0xbc ./Sources/iSN/iSN.o
                0x0000bb94                IsnConfiguration::getConfigMsg()
 .text._ZN14IsnConfigParamC2Ev
                0x0000bc50       0x14 ./Sources/iSN/iSN.o
                0x0000bc50                IsnConfigParam::IsnConfigParam()
                0x0000bc50                IsnConfigParam::IsnConfigParam()
 .text._ZN12IsnMsgConfigC2EP14IsnConfigParamh
                0x0000bc64       0xb8 ./Sources/iSN/iSN.o
                0x0000bc64                IsnMsgConfig::IsnMsgConfig(IsnConfigParam*, unsigned char)
                0x0000bc64                IsnMsgConfig::IsnMsgConfig(IsnConfigParam*, unsigned char)
 .text._Z21getClientStatusStringi
                0x0000bd1c      0x1c0 ./Sources/iSN/iSN.o
                0x0000bd1c                getClientStatusString(int)
 .text._Z16getMessageStringh
                0x0000bedc      0x2ac ./Sources/iSN/iSN.o
                0x0000bedc                getMessageString(unsigned char)
 .text._Z17writeDataToBufferIfEvPT_Phi
                0x0000c188       0x44 ./Sources/iSN/iSN.o
                0x0000c188                void writeDataToBuffer<float>(float*, unsigned char*, int)
 .text._Z17writeDataToBufferItEvPT_Phi
                0x0000c1cc       0x44 ./Sources/iSN/iSN.o
                0x0000c1cc                void writeDataToBuffer<unsigned short>(unsigned short*, unsigned char*, int)
 .text._Z9setUint16Pht
                0x0000c210       0x30 ./Sources/iSN/mqUtil.o
                0x0000c210                setUint16(unsigned char*, unsigned short)
 .text._Z9getUint32Ph
                0x0000c240       0x4c ./Sources/iSN/mqUtil.o
                0x0000c240                getUint32(unsigned char*)
 .text._Z9setUint32Phm
                0x0000c28c       0x44 ./Sources/iSN/mqUtil.o
                0x0000c28c                setUint32(unsigned char*, unsigned long)
 .text._ZN10tomyClient6XTimerC2Ev
                0x0000c2d0       0x28 ./Sources/iSN/mqUtil.o
                0x0000c2d0                tomyClient::XTimer::XTimer()
                0x0000c2d0                tomyClient::XTimer::XTimer()
 .text._ZN10tomyClient6XTimer5startEm
                0x0000c2f8       0x2c ./Sources/iSN/mqUtil.o
                0x0000c2f8                tomyClient::XTimer::start(unsigned long)
 .text._ZN10tomyClient6XTimer8isTimeUpEv
                0x0000c324       0x24 ./Sources/iSN/mqUtil.o
                0x0000c324                tomyClient::XTimer::isTimeUp()
 .text._ZN10tomyClient6XTimer8isTimeUpEm
                0x0000c348       0x60 ./Sources/iSN/mqUtil.o
                0x0000c348                tomyClient::XTimer::isTimeUp(unsigned long)
 .text._ZN10tomyClient6XTimer4stopEv
                0x0000c3a8       0x24 ./Sources/iSN/mqUtil.o
                0x0000c3a8                tomyClient::XTimer::stop()
 .text._ZN10tomyClient9NWRequestD2Ev
                0x0000c3cc       0x14 ./Sources/iSN/zbeeStack.o
                0x0000c3cc                tomyClient::NWRequest::~NWRequest()
                0x0000c3cc                tomyClient::NWRequest::~NWRequest()
 .text._ZL15UART_RxCallbackmPv
                0x0000c3e0       0x20 ./Sources/iSN/zbeeStack.o
 .text._ZN10tomyClient10SerialPortC2EmPK14UartUserConfigP9UartState
                0x0000c400       0xa8 ./Sources/iSN/zbeeStack.o
                0x0000c400                tomyClient::SerialPort::SerialPort(unsigned long, UartUserConfig const*, UartState*)
                0x0000c400                tomyClient::SerialPort::SerialPort(unsigned long, UartUserConfig const*, UartState*)
 .text._ZN10tomyClient10SerialPort7setBuffEv
                0x0000c4a8       0x60 ./Sources/iSN/zbeeStack.o
                0x0000c4a8                tomyClient::SerialPort::setBuff()
 .text._ZN10tomyClient10SerialPort4openE10XBeeConfig
                0x0000c508       0xc0 ./Sources/iSN/zbeeStack.o
                0x0000c508                tomyClient::SerialPort::open(XBeeConfig)
 .text._ZN10tomyClient10SerialPort12checkRecvBufEv
                0x0000c5c8       0x2c ./Sources/iSN/zbeeStack.o
                0x0000c5c8                tomyClient::SerialPort::checkRecvBuf()
 *fill*         0x0000c5f4        0x4 
 .text._ZN10tomyClient10SerialPort4sendEh
                0x0000c5f8       0x88 ./Sources/iSN/zbeeStack.o
                0x0000c5f8                tomyClient::SerialPort::send(unsigned char)
 .text._ZN10tomyClient10SerialPort4recvEPh
                0x0000c680       0x94 ./Sources/iSN/zbeeStack.o
                0x0000c680                tomyClient::SerialPort::recv(unsigned char*)
 .text._ZN10tomyClient10SerialPort5flushEv
                0x0000c714       0x34 ./Sources/iSN/zbeeStack.o
                0x0000c714                tomyClient::SerialPort::flush()
 .text._ZN10tomyClient11NWAddress64C2Ev
                0x0000c748       0x20 ./Sources/iSN/zbeeStack.o
                0x0000c748                tomyClient::NWAddress64::NWAddress64()
                0x0000c748                tomyClient::NWAddress64::NWAddress64()
 .text._ZN10tomyClient11NWAddress646getMsbEv
                0x0000c768       0x14 ./Sources/iSN/zbeeStack.o
                0x0000c768                tomyClient::NWAddress64::getMsb()
 .text._ZN10tomyClient11NWAddress646getLsbEv
                0x0000c77c       0x14 ./Sources/iSN/zbeeStack.o
                0x0000c77c                tomyClient::NWAddress64::getLsb()
 .text._ZN10tomyClient11NWAddress646setMsbEm
                0x0000c790       0x18 ./Sources/iSN/zbeeStack.o
                0x0000c790                tomyClient::NWAddress64::setMsb(unsigned long)
 .text._ZN10tomyClient11NWAddress646setLsbEm
                0x0000c7a8       0x18 ./Sources/iSN/zbeeStack.o
                0x0000c7a8                tomyClient::NWAddress64::setLsb(unsigned long)
 .text._ZNK10tomyClient11NWAddress64eqERKS0_
                0x0000c7c0       0x30 ./Sources/iSN/zbeeStack.o
                0x0000c7c0                tomyClient::NWAddress64::operator==(tomyClient::NWAddress64 const&) const
 .text._ZN10tomyClient10XBResponseC2Ev
                0x0000c7f0       0x1c ./Sources/iSN/zbeeStack.o
                0x0000c7f0                tomyClient::XBResponse::XBResponse()
                0x0000c7f0                tomyClient::XBResponse::XBResponse()
 .text._ZN10tomyClient10XBResponse8getApiIdEv
                0x0000c80c       0x14 ./Sources/iSN/zbeeStack.o
                0x0000c80c                tomyClient::XBResponse::getApiId()
 .text._ZN10tomyClient10XBResponse12getMsbLengthEv
                0x0000c820       0x14 ./Sources/iSN/zbeeStack.o
                0x0000c820                tomyClient::XBResponse::getMsbLength()
 .text._ZN10tomyClient10XBResponse12getLsbLengthEv
                0x0000c834       0x14 ./Sources/iSN/zbeeStack.o
                0x0000c834                tomyClient::XBResponse::getLsbLength()
 .text._ZN10tomyClient10XBResponse11getChecksumEv
                0x0000c848       0x14 ./Sources/iSN/zbeeStack.o
                0x0000c848                tomyClient::XBResponse::getChecksum()
 .text._ZN10tomyClient10XBResponse14getFrameLengthEv
                0x0000c85c       0x14 ./Sources/iSN/zbeeStack.o
                0x0000c85c                tomyClient::XBResponse::getFrameLength()
 .text._ZN10tomyClient10XBResponse15getFrameDataPtrEv
                0x0000c870       0x14 ./Sources/iSN/zbeeStack.o
                0x0000c870                tomyClient::XBResponse::getFrameDataPtr()
 .text._ZN10tomyClient10XBResponse12setMsbLengthEh
                0x0000c884       0x1c ./Sources/iSN/zbeeStack.o
                0x0000c884                tomyClient::XBResponse::setMsbLength(unsigned char)
 .text._ZN10tomyClient10XBResponse12setLsbLengthEh
                0x0000c8a0       0x1c ./Sources/iSN/zbeeStack.o
                0x0000c8a0                tomyClient::XBResponse::setLsbLength(unsigned char)
 .text._ZN10tomyClient10XBResponse11setChecksumEh
                0x0000c8bc       0x1c ./Sources/iSN/zbeeStack.o
                0x0000c8bc                tomyClient::XBResponse::setChecksum(unsigned char)
 .text._ZN10tomyClient10XBResponse15setFrameDataPtrEPh
                0x0000c8d8       0x18 ./Sources/iSN/zbeeStack.o
                0x0000c8d8                tomyClient::XBResponse::setFrameDataPtr(unsigned char*)
 .text._ZN10tomyClient10XBResponse14setFrameLengthEh
                0x0000c8f0       0x1c ./Sources/iSN/zbeeStack.o
                0x0000c8f0                tomyClient::XBResponse::setFrameLength(unsigned char)
 .text._ZN10tomyClient10XBResponse8setApiIdEh
                0x0000c90c       0x1c ./Sources/iSN/zbeeStack.o
                0x0000c90c                tomyClient::XBResponse::setApiId(unsigned char)
 .text._ZN10tomyClient10XBResponse11isAvailableEv
                0x0000c928       0x14 ./Sources/iSN/zbeeStack.o
                0x0000c928                tomyClient::XBResponse::isAvailable()
 .text._ZN10tomyClient10XBResponse12setAvailableEb
                0x0000c93c       0x1c ./Sources/iSN/zbeeStack.o
                0x0000c93c                tomyClient::XBResponse::setAvailable(bool)
 .text._ZN10tomyClient10XBResponse7isErrorEv
                0x0000c958       0x1c ./Sources/iSN/zbeeStack.o
                0x0000c958                tomyClient::XBResponse::isError()
 .text._ZN10tomyClient10XBResponse12getErrorCodeEv
                0x0000c974       0x14 ./Sources/iSN/zbeeStack.o
                0x0000c974                tomyClient::XBResponse::getErrorCode()
 .text._ZN10tomyClient10XBResponse12setErrorCodeEh
                0x0000c988       0x1c ./Sources/iSN/zbeeStack.o
                0x0000c988                tomyClient::XBResponse::setErrorCode(unsigned char)
 .text._ZN10tomyClient10XBResponse5resetEv
                0x0000c9a4       0x34 ./Sources/iSN/zbeeStack.o
                0x0000c9a4                tomyClient::XBResponse::reset()
 .text._ZN10tomyClient10NWResponseC2Ev
                0x0000c9d8       0x38 ./Sources/iSN/zbeeStack.o
                0x0000c9d8                tomyClient::NWResponse::NWResponse()
                0x0000c9d8                tomyClient::NWResponse::NWResponse()
 .text._ZN10tomyClient10NWResponse18getRemoteAddress64Ev
                0x0000ca10       0x14 ./Sources/iSN/zbeeStack.o
                0x0000ca10                tomyClient::NWResponse::getRemoteAddress64()
 .text._ZN10tomyClient10NWResponse18setRemoteAddress64Ev
                0x0000ca24       0x50 ./Sources/iSN/zbeeStack.o
                0x0000ca24                tomyClient::NWResponse::setRemoteAddress64()
 .text._ZN10tomyClient10NWResponse18setRemoteAddress16Ev
                0x0000ca74       0x38 ./Sources/iSN/zbeeStack.o
                0x0000ca74                tomyClient::NWResponse::setRemoteAddress16()
 .text._ZN10tomyClient10NWResponse10getIsnTypeEv
                0x0000caac       0x18 ./Sources/iSN/zbeeStack.o
                0x0000caac                tomyClient::NWResponse::getIsnType()
 .text._ZN10tomyClient10NWResponse10getPayloadEv
                0x0000cac4       0x18 ./Sources/iSN/zbeeStack.o
                0x0000cac4                tomyClient::NWResponse::getPayload()
 .text._ZN10tomyClient10NWResponse9getOptionEv
                0x0000cadc       0x14 ./Sources/iSN/zbeeStack.o
                0x0000cadc                tomyClient::NWResponse::getOption()
 .text._ZN10tomyClient10NWResponse9setOptionEv
                0x0000caf0       0x18 ./Sources/iSN/zbeeStack.o
                0x0000caf0                tomyClient::NWResponse::setOption()
 .text._ZN10tomyClient9NWRequestC2Ev
                0x0000cb08       0x14 ./Sources/iSN/zbeeStack.o
                0x0000cb08                tomyClient::NWRequest::NWRequest()
                0x0000cb08                tomyClient::NWRequest::NWRequest()
 .text._ZN10tomyClient9NWRequest18getFrameDataLengthEv
                0x0000cb1c       0x18 ./Sources/iSN/zbeeStack.o
                0x0000cb1c                tomyClient::NWRequest::getFrameDataLength()
 .text._ZN10tomyClient9NWRequest10getPayloadEv
                0x0000cb34       0x14 ./Sources/iSN/zbeeStack.o
                0x0000cb34                tomyClient::NWRequest::getPayload()
 .text._ZN10tomyClient9NWRequest16getPayloadLengthEv
                0x0000cb48       0x14 ./Sources/iSN/zbeeStack.o
                0x0000cb48                tomyClient::NWRequest::getPayloadLength()
 .text._ZN10tomyClient9NWRequest18getBroadcastRadiusEv
                0x0000cb5c       0x14 ./Sources/iSN/zbeeStack.o
                0x0000cb5c                tomyClient::NWRequest::getBroadcastRadius()
 .text._ZN10tomyClient9NWRequest9getOptionEv
                0x0000cb70       0x14 ./Sources/iSN/zbeeStack.o
                0x0000cb70                tomyClient::NWRequest::getOption()
 .text._ZN10tomyClient9NWRequest9setOptionEh
                0x0000cb84       0x1c ./Sources/iSN/zbeeStack.o
                0x0000cb84                tomyClient::NWRequest::setOption(unsigned char)
 .text._ZN10tomyClient9NWRequest10setPayloadEPh
                0x0000cba0       0x18 ./Sources/iSN/zbeeStack.o
                0x0000cba0                tomyClient::NWRequest::setPayload(unsigned char*)
 .text._ZN10tomyClient9NWRequest16setPayloadLengthEh
                0x0000cbb8       0x1c ./Sources/iSN/zbeeStack.o
                0x0000cbb8                tomyClient::NWRequest::setPayloadLength(unsigned char)
 .text._ZN10tomyClient7NetworkC2EmPK14UartUserConfigP9UartState
                0x0000cbd4       0xf4 ./Sources/iSN/zbeeStack.o
                0x0000cbd4                tomyClient::Network::Network(unsigned long, UartUserConfig const*, UartState*)
                0x0000cbd4                tomyClient::Network::Network(unsigned long, UartUserConfig const*, UartState*)
 .text._ZN10tomyClient7NetworkD2Ev
                0x0000ccc8       0x30 ./Sources/iSN/zbeeStack.o
                0x0000ccc8                tomyClient::Network::~Network()
                0x0000ccc8                tomyClient::Network::~Network()
 .text._ZN10tomyClient7Network10initializeE10XBeeConfig
                0x0000ccf8       0x30 ./Sources/iSN/zbeeStack.o
                0x0000ccf8                tomyClient::Network::initialize(XBeeConfig)
 .text._ZN10tomyClient7Network12setRxHandlerEPFvPNS_10NWResponseEPiE
                0x0000cd28       0x18 ./Sources/iSN/zbeeStack.o
                0x0000cd28                tomyClient::Network::setRxHandler(void (*)(tomyClient::NWResponse*, int*))
 .text._ZN10tomyClient7Network11setResponseERNS_10NWResponseE
                0x0000cd40       0xd0 ./Sources/iSN/zbeeStack.o
                0x0000cd40                tomyClient::Network::setResponse(tomyClient::NWResponse&)
 .text._ZN10tomyClient7Network12getGwAddressEv
                0x0000ce10       0x20 ./Sources/iSN/zbeeStack.o
                0x0000ce10                tomyClient::Network::getGwAddress()
 .text._ZN10tomyClient7Network12setGwAddressERNS_11NWAddress64E
                0x0000ce30       0x54 ./Sources/iSN/zbeeStack.o
                0x0000ce30                tomyClient::Network::setGwAddress(tomyClient::NWAddress64&)
 .text._ZN10tomyClient7Network14resetGwAddressEv
                0x0000ce84       0x30 ./Sources/iSN/zbeeStack.o
                0x0000ce84                tomyClient::Network::resetGwAddress()
 .text._ZN10tomyClient7Network4sendEPhh11SendReqType
                0x0000ceb4       0x54 ./Sources/iSN/zbeeStack.o
                0x0000ceb4                tomyClient::Network::send(unsigned char*, unsigned char, SendReqType)
 .text._ZN10tomyClient7Network10readPacketEh
                0x0000cf08       0xb0 ./Sources/iSN/zbeeStack.o
                0x0000cf08                tomyClient::Network::readPacket(unsigned char)
 .text._ZN10tomyClient7Network12readApiFrameEt
                0x0000cfb8      0x134 ./Sources/iSN/zbeeStack.o
                0x0000cfb8                tomyClient::Network::readApiFrame(unsigned short)
 .text._ZN10tomyClient7Network12readApiFrameEv
                0x0000d0ec      0x238 ./Sources/iSN/zbeeStack.o
                0x0000d0ec                tomyClient::Network::readApiFrame()
 .text._ZN10tomyClient7Network13sendZBRequestERNS_9NWRequestE11SendReqType
                0x0000d324      0x1d8 ./Sources/iSN/zbeeStack.o
                0x0000d324                tomyClient::Network::sendZBRequest(tomyClient::NWRequest&, SendReqType)
 .text._ZN10tomyClient7Network8sendByteEhb
                0x0000d4fc       0x6c ./Sources/iSN/zbeeStack.o
                0x0000d4fc                tomyClient::Network::sendByte(unsigned char, bool)
 .text._ZN10tomyClient7Network13resetResponseEv
                0x0000d568       0x38 ./Sources/iSN/zbeeStack.o
                0x0000d568                tomyClient::Network::resetResponse()
 .text._ZN10tomyClient7Network5flushEv
                0x0000d5a0       0x1c ./Sources/iSN/zbeeStack.o
                0x0000d5a0                tomyClient::Network::flush()
 .text._ZN10tomyClient7Network5writeEh
                0x0000d5bc       0x2c ./Sources/iSN/zbeeStack.o
                0x0000d5bc                tomyClient::Network::write(unsigned char)
 .text._ZN10tomyClient7Network4readEPh
                0x0000d5e8       0x24 ./Sources/iSN/zbeeStack.o
                0x0000d5e8                tomyClient::Network::read(unsigned char*)
 .text._ZN10tomyClient7Network11getAddrByteEh11SendReqType
                0x0000d60c      0x1dc ./Sources/iSN/zbeeStack.o
                0x0000d60c                tomyClient::Network::getAddrByte(unsigned char, SendReqType)
 .text._ZN17TemperatureSensor11read_sensorEPf
                0x0000d7e8       0x18 ./Sources/Sensor/TemperatureSensor.o
                0x0000d7e8                TemperatureSensor::read_sensor(float*)
 .text._ZN17TemperatureSensor11init_sensorEv
                0x0000d800       0x10 ./Sources/Sensor/TemperatureSensor.o
                0x0000d800                TemperatureSensor::init_sensor()
 .text._Z12OneWire_ReadPh
                0x0000d810       0x98 ./Sources/1wire/onewire.o
                0x0000d810                OneWire_Read(unsigned char*)
 .text._Z13OneWire_Writeh
                0x0000d8a8       0xa8 ./Sources/1wire/onewire.o
                0x0000d8a8                OneWire_Write(unsigned char)
 .text._Z13OneWire_Resetv
                0x0000d950       0x4c ./Sources/1wire/onewire.o
                0x0000d950                OneWire_Reset()
 .text._Z12Uart_Setbaudm
                0x0000d99c       0x30 ./Sources/1wire/uart.o
                0x0000d99c                Uart_Setbaud(unsigned long)
 .text._Z14Uart_WriteBusyv
                0x0000d9cc       0x34 ./Sources/1wire/uart.o
                0x0000d9cc                Uart_WriteBusy()
 .text._Z14Uart_WriteByteh
                0x0000da00       0x20 ./Sources/1wire/uart.o
                0x0000da00                Uart_WriteByte(unsigned char)
 .text._Z13Uart_ReadBytePh
                0x0000da20       0x34 ./Sources/1wire/uart.o
                0x0000da20                Uart_ReadByte(unsigned char*)
 .text.PIT_HAL_ClearIntFlag
                0x0000da54       0x44 ./Sources/Events.o
 .text.uartCom1_TxCallback
                0x0000da98       0x10 ./Sources/Events.o
                0x0000da98                uartCom1_TxCallback
 .text.PIT_IRQHandler
                0x0000daa8       0x1c ./Sources/Events.o
                0x0000daa8                PIT_IRQHandler
 .text._ZN12CommonSensorC2Ev
                0x0000dac4       0x1c ./Sources/app.o
                0x0000dac4                CommonSensor::CommonSensor()
                0x0000dac4                CommonSensor::CommonSensor()
 .text._ZN17TemperatureSensorC2Ev
                0x0000dae0       0x24 ./Sources/app.o
                0x0000dae0                TemperatureSensor::TemperatureSensor()
                0x0000dae0                TemperatureSensor::TemperatureSensor()
 .text._ZN9IsnClientD2Ev
                0x0000db04       0x3c ./Sources/app.o
                0x0000db04                IsnClient::~IsnClient()
                0x0000db04                IsnClient::~IsnClient()
 .text.app_run  0x0000db40       0xa4 ./Sources/app.o
                0x0000db40                app_run
 .text.main     0x0000dbe4       0x14 ./Sources/main.o
                0x0000dbe4                main
 .text._Z14readScratchpadP20DS18B20_scratchpad_s
                0x0000dbf8       0x70 ./Sources/sensor.o
                0x0000dbf8                readScratchpad(DS18B20_scratchpad_s*)
 .text._Z15readTemperaturePf
                0x0000dc68      0x110 ./Sources/sensor.o
                0x0000dc68                readTemperature(float*)
 .text.UART_HAL_EnableTransmitter
                0x0000dd78       0x1c ./SDK/platform/utilities/src/fsl_debug_console.o
 .text.UART_HAL_EnableReceiver
                0x0000dd94       0x1c ./SDK/platform/utilities/src/fsl_debug_console.o
 .text.UART_HAL_SetBitCountPerChar
                0x0000ddb0       0x28 ./SDK/platform/utilities/src/fsl_debug_console.o
 .text.UART_HAL_SetStopBitCount
                0x0000ddd8       0x28 ./SDK/platform/utilities/src/fsl_debug_console.o
 .text.LPSCI_HAL_EnableTransmitter
                0x0000de00       0x1c ./SDK/platform/utilities/src/fsl_debug_console.o
 .text.LPSCI_HAL_EnableReceiver
                0x0000de1c       0x1c ./SDK/platform/utilities/src/fsl_debug_console.o
 .text.LPSCI_HAL_SetBitCountPerChar
                0x0000de38       0x28 ./SDK/platform/utilities/src/fsl_debug_console.o
 .text.LPSCI_HAL_SetStopBitCount
                0x0000de60       0x28 ./SDK/platform/utilities/src/fsl_debug_console.o
 .text.DbgConsole_Init
                0x0000de88      0x160 ./SDK/platform/utilities/src/fsl_debug_console.o
                0x0000de88                DbgConsole_Init
 .text._write   0x0000dfe8       0x5c ./SDK/platform/utilities/src/fsl_debug_console.o
                0x0000dfe8                _write
 .text._read    0x0000e044       0x48 ./SDK/platform/utilities/src/fsl_debug_console.o
                0x0000e044                _read
 .text.debug_printf
                0x0000e08c       0x4c ./SDK/platform/utilities/src/fsl_debug_console.o
                0x0000e08c                debug_printf
 .text.debug_putc
                0x0000e0d8       0x44 ./SDK/platform/utilities/src/fsl_debug_console.o
 .text._sbrk    0x0000e11c       0x5c ./SDK/platform/utilities/src/fsl_misc_utilities.o
                0x0000e11c                _sbrk
 .text._doprint
                0x0000e178      0x6e4 ./SDK/platform/utilities/src/print_scan.o
                0x0000e178                _doprint
 .text.mknumstr
                0x0000e85c      0x110 ./SDK/platform/utilities/src/print_scan.o
 .text.fput_pad
                0x0000e96c       0x44 ./SDK/platform/utilities/src/print_scan.o
 .text.INT_SYS_EnableIRQGlobal
                0x0000e9b0       0x2c ./SDK/platform/system/src/interrupt/fsl_interrupt_manager.o
                0x0000e9b0                INT_SYS_EnableIRQGlobal
 .text.INT_SYS_DisableIRQGlobal
                0x0000e9dc       0x18 ./SDK/platform/system/src/interrupt/fsl_interrupt_manager.o
                0x0000e9dc                INT_SYS_DisableIRQGlobal
 .text.SIM_HAL_EnableClock
                0x0000e9f4       0x58 ./SDK/platform/system/src/clock/MKL26Z4/fsl_clock_MKL26Z4.o
 .text.SIM_HAL_DisableClock
                0x0000ea4c       0x4c ./SDK/platform/system/src/clock/MKL26Z4/fsl_clock_MKL26Z4.o
 .text.SIM_HAL_GetGateCmd
                0x0000ea98       0x50 ./SDK/platform/system/src/clock/MKL26Z4/fsl_clock_MKL26Z4.o
 .text.CLOCK_HAL_GetLpsciSrc
                0x0000eae8       0x28 ./SDK/platform/system/src/clock/MKL26Z4/fsl_clock_MKL26Z4.o
 .text.CLOCK_HAL_GetPllfllSel
                0x0000eb10       0x24 ./SDK/platform/system/src/clock/MKL26Z4/fsl_clock_MKL26Z4.o
 .text.CLOCK_HAL_GetOutDiv1
                0x0000eb34       0x28 ./SDK/platform/system/src/clock/MKL26Z4/fsl_clock_MKL26Z4.o
 .text.CLOCK_HAL_GetOutDiv4
                0x0000eb5c       0x28 ./SDK/platform/system/src/clock/MKL26Z4/fsl_clock_MKL26Z4.o
 .text.OSC_HAL_GetExternalRefClkCmd
                0x0000eb84       0x24 ./SDK/platform/system/src/clock/MKL26Z4/fsl_clock_MKL26Z4.o
 .text.CLOCK_SYS_GetCoreClockFreq
                0x0000eba8       0x34 ./SDK/platform/system/src/clock/MKL26Z4/fsl_clock_MKL26Z4.o
                0x0000eba8                CLOCK_SYS_GetCoreClockFreq
 .text.CLOCK_SYS_GetSystemClockFreq
                0x0000ebdc       0x34 ./SDK/platform/system/src/clock/MKL26Z4/fsl_clock_MKL26Z4.o
                0x0000ebdc                CLOCK_SYS_GetSystemClockFreq
 .text.CLOCK_SYS_GetBusClockFreq
                0x0000ec10       0x2c ./SDK/platform/system/src/clock/MKL26Z4/fsl_clock_MKL26Z4.o
                0x0000ec10                CLOCK_SYS_GetBusClockFreq
 .text.CLOCK_SYS_GetPllFllClockFreq
                0x0000ec3c       0x5c ./SDK/platform/system/src/clock/MKL26Z4/fsl_clock_MKL26Z4.o
                0x0000ec3c                CLOCK_SYS_GetPllFllClockFreq
 .text.CLOCK_SYS_GetOsc0ExternalRefClockFreq
                0x0000ec98       0x2c ./SDK/platform/system/src/clock/MKL26Z4/fsl_clock_MKL26Z4.o
                0x0000ec98                CLOCK_SYS_GetOsc0ExternalRefClockFreq
 .text.CLOCK_SYS_GetLpsciFreq
                0x0000ecc4       0x68 ./SDK/platform/system/src/clock/MKL26Z4/fsl_clock_MKL26Z4.o
                0x0000ecc4                CLOCK_SYS_GetLpsciFreq
 .text.CLOCK_SYS_GetUartFreq
                0x0000ed2c       0x2c ./SDK/platform/system/src/clock/MKL26Z4/fsl_clock_MKL26Z4.o
                0x0000ed2c                CLOCK_SYS_GetUartFreq
 .text.CLOCK_SYS_EnableLpsciClock
                0x0000ed58       0x40 ./SDK/platform/system/src/clock/MKL26Z4/fsl_clock_MKL26Z4.o
                0x0000ed58                CLOCK_SYS_EnableLpsciClock
 .text.CLOCK_SYS_EnableUartClock
                0x0000ed98       0x4c ./SDK/platform/system/src/clock/MKL26Z4/fsl_clock_MKL26Z4.o
                0x0000ed98                CLOCK_SYS_EnableUartClock
 .text.CLOCK_SYS_DisableUartClock
                0x0000ede4       0x4c ./SDK/platform/system/src/clock/MKL26Z4/fsl_clock_MKL26Z4.o
                0x0000ede4                CLOCK_SYS_DisableUartClock
 .text.CLOCK_SYS_GetUartGateCmd
                0x0000ee30       0x50 ./SDK/platform/system/src/clock/MKL26Z4/fsl_clock_MKL26Z4.o
                0x0000ee30                CLOCK_SYS_GetUartGateCmd
 .text.CLOCK_SYS_GetSystickFreq
                0x0000ee80       0x28 ./SDK/platform/system/src/clock/fsl_clock_manager.o
                0x0000ee80                CLOCK_SYS_GetSystickFreq
 .text.OSA_SemaCreate
                0x0000eea8       0x54 ./SDK/platform/osa/src/fsl_os_abstraction_bm.o
                0x0000eea8                OSA_SemaCreate
 .text.OSA_SemaWait
                0x0000eefc       0xc8 ./SDK/platform/osa/src/fsl_os_abstraction_bm.o
                0x0000eefc                OSA_SemaWait
 .text.OSA_SemaPost
                0x0000efc4       0x58 ./SDK/platform/osa/src/fsl_os_abstraction_bm.o
                0x0000efc4                OSA_SemaPost
 .text.OSA_SemaDestroy
                0x0000f01c       0x34 ./SDK/platform/osa/src/fsl_os_abstraction_bm.o
                0x0000f01c                OSA_SemaDestroy
 .text.task_init
                0x0000f050       0x60 ./SDK/platform/osa/src/fsl_os_abstraction_bm.o
                0x0000f050                task_init
 .text.OSA_TimeDelay
                0x0000f0b0       0x34 ./SDK/platform/osa/src/fsl_os_abstraction_bm.o
                0x0000f0b0                OSA_TimeDelay
 .text.OSA_Init
                0x0000f0e4       0x14 ./SDK/platform/osa/src/fsl_os_abstraction_bm.o
                0x0000f0e4                OSA_Init
 .text.OSA_Start
                0x0000f0f8       0x38 ./SDK/platform/osa/src/fsl_os_abstraction_bm.o
                0x0000f0f8                OSA_Start
 .text.UART_HAL_Init
                0x0000f130       0x38 ./SDK/platform/hal/src/uart/fsl_uart_hal.o
                0x0000f130                UART_HAL_Init
 .text.UART_HAL_SetBaudRate
                0x0000f168       0x6c ./SDK/platform/hal/src/uart/fsl_uart_hal.o
                0x0000f168                UART_HAL_SetBaudRate
 .text.UART_HAL_SetParityMode
                0x0000f1d4       0x40 ./SDK/platform/hal/src/uart/fsl_uart_hal.o
                0x0000f1d4                UART_HAL_SetParityMode
 .text.UART_HAL_Putchar
                0x0000f214       0x34 ./SDK/platform/hal/src/uart/fsl_uart_hal.o
                0x0000f214                UART_HAL_Putchar
 .text.UART_HAL_Getchar
                0x0000f248       0x34 ./SDK/platform/hal/src/uart/fsl_uart_hal.o
                0x0000f248                UART_HAL_Getchar
 .text.UART_HAL_SendDataPolling
                0x0000f27c       0x44 ./SDK/platform/hal/src/uart/fsl_uart_hal.o
                0x0000f27c                UART_HAL_SendDataPolling
 .text.UART_HAL_ReceiveDataPolling
                0x0000f2c0       0xa4 ./SDK/platform/hal/src/uart/fsl_uart_hal.o
                0x0000f2c0                UART_HAL_ReceiveDataPolling
 .text.UART_HAL_SetIntMode
                0x0000f364       0xd4 ./SDK/platform/hal/src/uart/fsl_uart_hal.o
                0x0000f364                UART_HAL_SetIntMode
 .text.UART_HAL_GetStatusFlag
                0x0000f438       0x8c ./SDK/platform/hal/src/uart/fsl_uart_hal.o
                0x0000f438                UART_HAL_GetStatusFlag
 .text.UART_HAL_ClearStatusFlag
                0x0000f4c4       0x98 ./SDK/platform/hal/src/uart/fsl_uart_hal.o
                0x0000f4c4                UART_HAL_ClearStatusFlag
 .text.CLOCK_HAL_GetClkOutStat
                0x0000f55c       0x20 ./SDK/platform/hal/src/mcg/fsl_mcg_hal.o
 .text.CLOCK_HAL_IsPllSelected
                0x0000f57c       0x24 ./SDK/platform/hal/src/mcg/fsl_mcg_hal.o
 .text.CLOCK_HAL_GetMcgExternalClkFreq
                0x0000f5a0       0x18 ./SDK/platform/hal/src/mcg/fsl_mcg_hal.o
 .text.CLOCK_HAL_TestFllExternalRefFreq
                0x0000f5b8       0x7c ./SDK/platform/hal/src/mcg/fsl_mcg_hal.o
                0x0000f5b8                CLOCK_HAL_TestFllExternalRefFreq
 .text.CLOCK_HAL_GetFllRefClk
                0x0000f634       0x8c ./SDK/platform/hal/src/mcg/fsl_mcg_hal.o
                0x0000f634                CLOCK_HAL_GetFllRefClk
 .text.CLOCK_HAL_TestFllFreq
                0x0000f6c0       0x6c ./SDK/platform/hal/src/mcg/fsl_mcg_hal.o
                0x0000f6c0                CLOCK_HAL_TestFllFreq
 .text.CLOCK_HAL_GetFllClk
                0x0000f72c       0x7c ./SDK/platform/hal/src/mcg/fsl_mcg_hal.o
                0x0000f72c                CLOCK_HAL_GetFllClk
 .text.CLOCK_HAL_GetPll0RefFreq
                0x0000f7a8       0x1c ./SDK/platform/hal/src/mcg/fsl_mcg_hal.o
                0x0000f7a8                CLOCK_HAL_GetPll0RefFreq
 .text.CLOCK_HAL_GetPll0Clk
                0x0000f7c4       0x90 ./SDK/platform/hal/src/mcg/fsl_mcg_hal.o
                0x0000f7c4                CLOCK_HAL_GetPll0Clk
 .text.CLOCK_HAL_GetInternalRefClk
                0x0000f854       0x64 ./SDK/platform/hal/src/mcg/fsl_mcg_hal.o
                0x0000f854                CLOCK_HAL_GetInternalRefClk
 .text.CLOCK_HAL_GetOutClk
                0x0000f8b8       0x7c ./SDK/platform/hal/src/mcg/fsl_mcg_hal.o
                0x0000f8b8                CLOCK_HAL_GetOutClk
 .text.LPSCI_HAL_Putchar
                0x0000f934       0x1c ./SDK/platform/hal/src/lpsci/fsl_lpsci_hal.o
 .text.LPSCI_HAL_Getchar
                0x0000f950       0x1c ./SDK/platform/hal/src/lpsci/fsl_lpsci_hal.o
 .text.LPSCI_HAL_SetBaudRate
                0x0000f96c      0x14c ./SDK/platform/hal/src/lpsci/fsl_lpsci_hal.o
                0x0000f96c                LPSCI_HAL_SetBaudRate
 .text.LPSCI_HAL_SetParityMode
                0x0000fab8       0x40 ./SDK/platform/hal/src/lpsci/fsl_lpsci_hal.o
                0x0000fab8                LPSCI_HAL_SetParityMode
 .text.LPSCI_HAL_SendDataPolling
                0x0000faf8       0x44 ./SDK/platform/hal/src/lpsci/fsl_lpsci_hal.o
                0x0000faf8                LPSCI_HAL_SendDataPolling
 .text.LPSCI_HAL_ReceiveDataPolling
                0x0000fb3c       0x88 ./SDK/platform/hal/src/lpsci/fsl_lpsci_hal.o
                0x0000fb3c                LPSCI_HAL_ReceiveDataPolling
 .text.NVIC_EnableIRQ
                0x0000fbc4       0x2c ./SDK/platform/drivers/src/uart/fsl_uart_driver.o
 .text.NVIC_DisableIRQ
                0x0000fbf0       0x2c ./SDK/platform/drivers/src/uart/fsl_uart_driver.o
 .text.UART_HAL_EnableTransmitter
                0x0000fc1c       0x1c ./SDK/platform/drivers/src/uart/fsl_uart_driver.o
 .text.UART_HAL_DisableTransmitter
                0x0000fc38       0x1c ./SDK/platform/drivers/src/uart/fsl_uart_driver.o
 .text.UART_HAL_EnableReceiver
                0x0000fc54       0x1c ./SDK/platform/drivers/src/uart/fsl_uart_driver.o
 .text.UART_HAL_DisableReceiver
                0x0000fc70       0x1c ./SDK/platform/drivers/src/uart/fsl_uart_driver.o
 .text.UART_HAL_SetBitCountPerChar
                0x0000fc8c       0x28 ./SDK/platform/drivers/src/uart/fsl_uart_driver.o
 .text.UART_HAL_SetStopBitCount
                0x0000fcb4       0x28 ./SDK/platform/drivers/src/uart/fsl_uart_driver.o
 .text.INT_SYS_EnableIRQ
                0x0000fcdc       0x5c ./SDK/platform/drivers/src/uart/fsl_uart_driver.o
 .text.INT_SYS_DisableIRQ
                0x0000fd38       0x5c ./SDK/platform/drivers/src/uart/fsl_uart_driver.o
 .text.UART_DRV_Init
                0x0000fd94      0x144 ./SDK/platform/drivers/src/uart/fsl_uart_driver.o
                0x0000fd94                UART_DRV_Init
 .text.UART_DRV_Deinit
                0x0000fed8       0xf0 ./SDK/platform/drivers/src/uart/fsl_uart_driver.o
                0x0000fed8                UART_DRV_Deinit
 .text.UART_DRV_InstallRxCallback
                0x0000ffc8       0x88 ./SDK/platform/drivers/src/uart/fsl_uart_driver.o
                0x0000ffc8                UART_DRV_InstallRxCallback
 .text.UART_DRV_InstallTxCallback
                0x00010050       0x60 ./SDK/platform/drivers/src/uart/fsl_uart_driver.o
                0x00010050                UART_DRV_InstallTxCallback
 .text.UART_DRV_SendDataBlocking
                0x000100b0       0xec ./SDK/platform/drivers/src/uart/fsl_uart_driver.o
                0x000100b0                UART_DRV_SendDataBlocking
 .text.UART_DRV_SendData
                0x0001019c       0x88 ./SDK/platform/drivers/src/uart/fsl_uart_driver.o
                0x0001019c                UART_DRV_SendData
 .text.UART_DRV_ReceiveDataBlocking
                0x00010224       0xfc ./SDK/platform/drivers/src/uart/fsl_uart_driver.o
                0x00010224                UART_DRV_ReceiveDataBlocking
 .text.UART_DRV_IRQHandler
                0x00010320      0x16c ./SDK/platform/drivers/src/uart/fsl_uart_driver.o
                0x00010320                UART_DRV_IRQHandler
 .text.UART_DRV_CompleteSendData
                0x0001048c       0x74 ./SDK/platform/drivers/src/uart/fsl_uart_driver.o
 .text.UART_DRV_StartSendData
                0x00010500       0x8c ./SDK/platform/drivers/src/uart/fsl_uart_driver.o
 .text.UART_DRV_CompleteReceiveData
                0x0001058c       0x88 ./SDK/platform/drivers/src/uart/fsl_uart_driver.o
 .text.UART_DRV_StartReceiveData
                0x00010614       0xa8 ./SDK/platform/drivers/src/uart/fsl_uart_driver.o
 .text.NVIC_EnableIRQ
                0x000106bc       0x2c ./SDK/platform/drivers/src/pit/fsl_pit_driver.o
 .text.PIT_HAL_Enable
                0x000106e8       0x1c ./SDK/platform/drivers/src/pit/fsl_pit_driver.o
 .text.PIT_HAL_SetTimerRunInDebugCmd
                0x00010704       0x28 ./SDK/platform/drivers/src/pit/fsl_pit_driver.o
 .text.PIT_HAL_StartTimer
                0x0001072c       0x48 ./SDK/platform/drivers/src/pit/fsl_pit_driver.o
 .text.PIT_HAL_SetTimerPeriodByCount
                0x00010774       0x40 ./SDK/platform/drivers/src/pit/fsl_pit_driver.o
 .text.PIT_HAL_SetIntCmd
                0x000107b4       0x50 ./SDK/platform/drivers/src/pit/fsl_pit_driver.o
 .text.SIM_HAL_EnableClock
                0x00010804       0x58 ./SDK/platform/drivers/src/pit/fsl_pit_driver.o
 .text.CLOCK_SYS_GetPitFreq
                0x0001085c       0x18 ./SDK/platform/drivers/src/pit/fsl_pit_driver.o
 .text.CLOCK_SYS_EnablePitClock
                0x00010874       0x1c ./SDK/platform/drivers/src/pit/fsl_pit_driver.o
 .text.INT_SYS_EnableIRQ
                0x00010890       0x5c ./SDK/platform/drivers/src/pit/fsl_pit_driver.o
 .text.PIT_DRV_Init
                0x000108ec       0x80 ./SDK/platform/drivers/src/pit/fsl_pit_driver.o
                0x000108ec                PIT_DRV_Init
 .text.PIT_DRV_InitChannel
                0x0001096c       0x80 ./SDK/platform/drivers/src/pit/fsl_pit_driver.o
                0x0001096c                PIT_DRV_InitChannel
 .text.PIT_DRV_StartTimer
                0x000109ec       0x4c ./SDK/platform/drivers/src/pit/fsl_pit_driver.o
                0x000109ec                PIT_DRV_StartTimer
 .text.PIT_DRV_SetTimerPeriodByUs
                0x00010a38       0x98 ./SDK/platform/drivers/src/pit/fsl_pit_driver.o
                0x00010a38                PIT_DRV_SetTimerPeriodByUs
 .text.SystemInit
                0x00010ad0      0x178 ./SDK/platform/devices/MKL26Z4/startup/system_MKL26Z4.o
                0x00010ad0                SystemInit
 .text.init_data_bss
                0x00010c48       0xc8 ./SDK/platform/devices/startup.o
                0x00010c48                init_data_bss
 .text.CLOCK_HAL_SetLpsciSrc
                0x00010d10       0x30 ./Generated_Code/Cpu.o
 .text.CLOCK_SYS_SetLpsciSrc
                0x00010d40       0x2c ./Generated_Code/Cpu.o
 .text.Components_Init
                0x00010d6c       0x7c ./Generated_Code/Cpu.o
                0x00010d6c                Components_Init
 .text.SIM_HAL_EnableClock
                0x00010de8       0x58 ./Generated_Code/hardware_init.o
 .text.hardware_init
                0x00010e40       0x54 ./Generated_Code/hardware_init.o
                0x00010e40                hardware_init
 .text.NVIC_SetPriority
                0x00010e94       0xe0 ./Generated_Code/osa1.o
 .text.CLOCK_SYS_SetSystickSrc
                0x00010f74       0x30 ./Generated_Code/osa1.o
 .text.SysTick_Handler
                0x00010fa4       0x1c ./Generated_Code/osa1.o
                0x00010fa4                SysTick_Handler
 .text.OSA_TimeInit
                0x00010fc0       0xa0 ./Generated_Code/osa1.o
                0x00010fc0                OSA_TimeInit
 .text.OSA_TimeDiff
                0x00011060       0x30 ./Generated_Code/osa1.o
                0x00011060                OSA_TimeDiff
 .text.OSA_TimeGetMsec
                0x00011090       0x14 ./Generated_Code/osa1.o
                0x00011090                OSA_TimeGetMsec
 .text.PORT_HAL_SetMuxMode
                0x000110a4       0x4c ./Generated_Code/pin_init.o
 .text.SIM_HAL_SetUartRxSrcMode
                0x000110f0       0x2c ./Generated_Code/pin_init.o
 .text.SIM_HAL_SetUartTxSrcMode
                0x0001111c       0x30 ./Generated_Code/pin_init.o
 .text.SIM_HAL_SetLpsciRxSrcMode
                0x0001114c       0x2c ./Generated_Code/pin_init.o
 .text.SIM_HAL_SetLpsciTxSrcMode
                0x00011178       0x2c ./Generated_Code/pin_init.o
 .text.init_coredebug_pins
                0x000111a4       0x2c ./Generated_Code/pin_init.o
                0x000111a4                init_coredebug_pins
 .text.init_osc_pins
                0x000111d0       0x2c ./Generated_Code/pin_init.o
                0x000111d0                init_osc_pins
 .text.init_rcm_pins
                0x000111fc       0x20 ./Generated_Code/pin_init.o
                0x000111fc                init_rcm_pins
 .text.init_uart_pins
                0x0001121c       0x70 ./Generated_Code/pin_init.o
                0x0001121c                init_uart_pins
 .text.init_uart0_pins
                0x0001128c       0x48 ./Generated_Code/pin_init.o
                0x0001128c                init_uart0_pins
 .text.UART1_IRQHandler
                0x000112d4       0x10 ./Generated_Code/uartCom1.o
                0x000112d4                UART1_IRQHandler
 .text.UART2_IRQHandler
                0x000112e4       0x10 ./Generated_Code/uart_xb.o
                0x000112e4                UART2_IRQHandler
 .text.__cxa_end_cleanup
                0x000112f4        0xc c:/freescale/kds_v3/toolchain/bin/../lib/gcc/arm-none-eabi/4.8.4/../../../../arm-none-eabi/lib/armv6-m\libstdc++_s.a(eh_arm.o)
                0x000112f4                __cxa_end_cleanup
 .text._ZN10__cxxabiv1L24__is_gxx_exception_classEPc
                0x00011300       0x3a c:/freescale/kds_v3/toolchain/bin/../lib/gcc/arm-none-eabi/4.8.4/../../../../arm-none-eabi/lib/armv6-m\libstdc++_s.a(eh_arm.o)
 *fill*         0x0001133a        0x2 
 .text.__cxa_type_match
                0x0001133c       0xbc c:/freescale/kds_v3/toolchain/bin/../lib/gcc/arm-none-eabi/4.8.4/../../../../arm-none-eabi/lib/armv6-m\libstdc++_s.a(eh_arm.o)
                0x0001133c                __cxa_type_match
 .text.__cxa_begin_cleanup
                0x000113f8       0x38 c:/freescale/kds_v3/toolchain/bin/../lib/gcc/arm-none-eabi/4.8.4/../../../../arm-none-eabi/lib/armv6-m\libstdc++_s.a(eh_arm.o)
                0x000113f8                __cxa_begin_cleanup
 .text.__gnu_end_cleanup
                0x00011430       0x38 c:/freescale/kds_v3/toolchain/bin/../lib/gcc/arm-none-eabi/4.8.4/../../../../arm-none-eabi/lib/armv6-m\libstdc++_s.a(eh_arm.o)
                0x00011430                __gnu_end_cleanup
 .text._ZN10__cxxabiv111__terminateEPFvvE
                0x00011468        0x8 c:/freescale/kds_v3/toolchain/bin/../lib/gcc/arm-none-eabi/4.8.4/../../../../arm-none-eabi/lib/armv6-m\libstdc++_s.a(eh_terminate.o)
                0x00011468                __cxxabiv1::__terminate(void (*)())
 .text._ZSt9terminatev
                0x00011470       0x10 c:/freescale/kds_v3/toolchain/bin/../lib/gcc/arm-none-eabi/4.8.4/../../../../arm-none-eabi/lib/armv6-m\libstdc++_s.a(eh_terminate.o)
                0x00011470                std::terminate()
 .text._ZN10__cxxabiv112__unexpectedEPFvvE