Archive member included because of file (symbol)

c:/freescale/kds_v3/toolchain/bin/../lib/gcc/arm-none-eabi/4.8.4/../../../../arm-none-eabi/lib/armv6-m\libm.a(lib_a-w_pow.o)
                              ./Sources/StringUtility.o (pow)
c:/freescale/kds_v3/toolchain/bin/../lib/gcc/arm-none-eabi/4.8.4/../../../../arm-none-eabi/lib/armv6-m\libm.a(lib_a-e_pow.o)
                              c:/freescale/kds_v3/toolchain/bin/../lib/gcc/arm-none-eabi/4.8.4/../../../../arm-none-eabi/lib/armv6-m\libm.a(lib_a-w_pow.o) (__ieee754_pow)
c:/freescale/kds_v3/toolchain/bin/../lib/gcc/arm-none-eabi/4.8.4/../../../../arm-none-eabi/lib/armv6-m\libm.a(lib_a-e_sqrt.o)
                              c:/freescale/kds_v3/toolchain/bin/../lib/gcc/arm-none-eabi/4.8.4/../../../../arm-none-eabi/lib/armv6-m\libm.a(lib_a-e_pow.o) (__ieee754_sqrt)
c:/freescale/kds_v3/toolchain/bin/../lib/gcc/arm-none-eabi/4.8.4/../../../../arm-none-eabi/lib/armv6-m\libm.a(lib_a-s_fabs.o)
                              c:/freescale/kds_v3/toolchain/bin/../lib/gcc/arm-none-eabi/4.8.4/../../../../arm-none-eabi/lib/armv6-m\libm.a(lib_a-e_pow.o) (fabs)
c:/freescale/kds_v3/toolchain/bin/../lib/gcc/arm-none-eabi/4.8.4/../../../../arm-none-eabi/lib/armv6-m\libm.a(lib_a-s_finite.o)
                              c:/freescale/kds_v3/toolchain/bin/../lib/gcc/arm-none-eabi/4.8.4/../../../../arm-none-eabi/lib/armv6-m\libm.a(lib_a-w_pow.o) (finite)
c:/freescale/kds_v3/toolchain/bin/../lib/gcc/arm-none-eabi/4.8.4/../../../../arm-none-eabi/lib/armv6-m\libm.a(lib_a-s_fpclassify.o)
                              c:/freescale/kds_v3/toolchain/bin/../lib/gcc/arm-none-eabi/4.8.4/../../../../arm-none-eabi/lib/armv6-m\libm.a(lib_a-w_pow.o) (__fpclassifyd)
c:/freescale/kds_v3/toolchain/bin/../lib/gcc/arm-none-eabi/4.8.4/../../../../arm-none-eabi/lib/armv6-m\libm.a(lib_a-s_lib_ver.o)
                              c:/freescale/kds_v3/toolchain/bin/../lib/gcc/arm-none-eabi/4.8.4/../../../../arm-none-eabi/lib/armv6-m\libm.a(lib_a-w_pow.o) (__fdlib_version)
c:/freescale/kds_v3/toolchain/bin/../lib/gcc/arm-none-eabi/4.8.4/../../../../arm-none-eabi/lib/armv6-m\libm.a(lib_a-s_matherr.o)
                              c:/freescale/kds_v3/toolchain/bin/../lib/gcc/arm-none-eabi/4.8.4/../../../../arm-none-eabi/lib/armv6-m\libm.a(lib_a-w_pow.o) (matherr)
c:/freescale/kds_v3/toolchain/bin/../lib/gcc/arm-none-eabi/4.8.4/../../../../arm-none-eabi/lib/armv6-m\libm.a(lib_a-s_nan.o)
                              c:/freescale/kds_v3/toolchain/bin/../lib/gcc/arm-none-eabi/4.8.4/../../../../arm-none-eabi/lib/armv6-m\libm.a(lib_a-e_pow.o) (nan)
c:/freescale/kds_v3/toolchain/bin/../lib/gcc/arm-none-eabi/4.8.4/../../../../arm-none-eabi/lib/armv6-m\libm.a(lib_a-s_rint.o)
                              c:/freescale/kds_v3/toolchain/bin/../lib/gcc/arm-none-eabi/4.8.4/../../../../arm-none-eabi/lib/armv6-m\libm.a(lib_a-w_pow.o) (rint)
c:/freescale/kds_v3/toolchain/bin/../lib/gcc/arm-none-eabi/4.8.4/../../../../arm-none-eabi/lib/armv6-m\libm.a(lib_a-s_scalbn.o)
                              c:/freescale/kds_v3/toolchain/bin/../lib/gcc/arm-none-eabi/4.8.4/../../../../arm-none-eabi/lib/armv6-m\libm.a(lib_a-e_pow.o) (scalbn)
c:/freescale/kds_v3/toolchain/bin/../lib/gcc/arm-none-eabi/4.8.4/../../../../arm-none-eabi/lib/armv6-m\libm.a(lib_a-s_copysign.o)
                              c:/freescale/kds_v3/toolchain/bin/../lib/gcc/arm-none-eabi/4.8.4/../../../../arm-none-eabi/lib/armv6-m\libm.a(lib_a-s_scalbn.o) (copysign)
c:/freescale/kds_v3/toolchain/bin/../lib/gcc/arm-none-eabi/4.8.4/armv6-m\libgcc.a(_udivsi3.o)
                              ./SDK/platform/utilities/src/print_scan.o (__aeabi_uidiv)
c:/freescale/kds_v3/toolchain/bin/../lib/gcc/arm-none-eabi/4.8.4/armv6-m\libgcc.a(_divsi3.o)
                              ./Sources/StringUtility.o (__aeabi_idiv)
c:/freescale/kds_v3/toolchain/bin/../lib/gcc/arm-none-eabi/4.8.4/armv6-m\libgcc.a(_dvmd_tls.o)
                              c:/freescale/kds_v3/toolchain/bin/../lib/gcc/arm-none-eabi/4.8.4/armv6-m\libgcc.a(_udivsi3.o) (__aeabi_idiv0)
c:/freescale/kds_v3/toolchain/bin/../lib/gcc/arm-none-eabi/4.8.4/armv6-m\libgcc.a(_arm_cmpdf2.o)
                              c:/freescale/kds_v3/toolchain/bin/../lib/gcc/arm-none-eabi/4.8.4/../../../../arm-none-eabi/lib/armv6-m\libm.a(lib_a-w_pow.o) (__aeabi_dcmpeq)
c:/freescale/kds_v3/toolchain/bin/../lib/gcc/arm-none-eabi/4.8.4/armv6-m\libgcc.a(_aeabi_uldivmod.o)
                              ./Generated_Code/osa1.o (__aeabi_uldivmod)
c:/freescale/kds_v3/toolchain/bin/../lib/gcc/arm-none-eabi/4.8.4/armv6-m\libgcc.a(_muldi3.o)
                              ./Generated_Code/osa1.o (__aeabi_lmul)
c:/freescale/kds_v3/toolchain/bin/../lib/gcc/arm-none-eabi/4.8.4/armv6-m\libgcc.a(bpabi.o)
                              c:/freescale/kds_v3/toolchain/bin/../lib/gcc/arm-none-eabi/4.8.4/armv6-m\libgcc.a(_aeabi_uldivmod.o) (__gnu_uldivmod_helper)
c:/freescale/kds_v3/toolchain/bin/../lib/gcc/arm-none-eabi/4.8.4/armv6-m\libgcc.a(subsf3.o)
[...]
Memory Configuration

Name             Origin             Length             Attributes
m_interrupts     0x00000000         0x00000200         xr
m_flash_config   0x00000400         0x00000010         xr
m_interrupts_ram 0x1ffff000         0x00000200         rw
m_text           0x00000410         0x0001fbf0         xr
m_data           0x1ffff200         0x00003e00         rw
*default*        0x00000000         0xffffffff

Linker script and memory map

LOAD c:/freescale/kds_v3/toolchain/bin/../lib/gcc/arm-none-eabi/4.8.4/armv6-m/crti.o
LOAD c:/freescale/kds_v3/toolchain/bin/../lib/gcc/arm-none-eabi/4.8.4/armv6-m/crtbegin.o
LOAD c:/freescale/kds_v3/toolchain/bin/../lib/gcc/arm-none-eabi/4.8.4/../../../../arm-none-eabi/lib/armv6-m/crt0.o
LOAD ./Static_Code/System/PE_low_level_init.o
LOAD ./Sources/1wire/onewire.o
LOAD ./Sources/1wire/uart.o
LOAD ./Sources/Events.o
LOAD ./Sources/StringUtility.o
LOAD ./Sources/Xbee_Driver.o
LOAD ./Sources/app.o
LOAD ./Sources/console.o
LOAD ./Sources/fifo_buffer.o
LOAD ./Sources/iSerre-SN.o
LOAD ./Sources/main.o
LOAD ./Sources/sensor.o
LOAD ./SDK/platform/utilities/src/fsl_debug_console.o
LOAD ./SDK/platform/utilities/src/fsl_misc_utilities.o
LOAD ./SDK/platform/utilities/src/print_scan.o
LOAD ./SDK/platform/system/src/interrupt/fsl_interrupt_manager.o
LOAD ./SDK/platform/system/src/clock/MKL26Z4/fsl_clock_MKL26Z4.o
LOAD ./SDK/platform/system/src/clock/fsl_clock_manager.o
LOAD ./SDK/platform/system/src/clock/fsl_clock_manager_common.o
LOAD ./SDK/platform/osa/src/fsl_os_abstraction_bm.o
LOAD ./SDK/platform/hal/src/uart/fsl_uart_hal.o
LOAD ./SDK/platform/hal/src/sim/MKL26Z4/fsl_sim_hal_MKL26Z4.o
LOAD ./SDK/platform/hal/src/rtc/fsl_rtc_hal.o
LOAD ./SDK/platform/hal/src/port/fsl_port_hal.o
LOAD ./SDK/platform/hal/src/osc/fsl_osc_hal.o
LOAD ./SDK/platform/hal/src/mcg/fsl_mcg_hal.o
LOAD ./SDK/platform/hal/src/mcg/fsl_mcg_hal_modes.o
LOAD ./SDK/platform/hal/src/lpsci/fsl_lpsci_hal.o
LOAD ./SDK/platform/drivers/src/uart/fsl_uart_common.o
LOAD ./SDK/platform/drivers/src/uart/fsl_uart_driver.o
LOAD ./SDK/platform/drivers/src/rtc/fsl_rtc_common.o
LOAD ./SDK/platform/devices/MKL26Z4/startup/gcc/startup_MKL26Z4.o
LOAD ./SDK/platform/devices/MKL26Z4/startup/system_MKL26Z4.o
LOAD ./SDK/platform/devices/startup.o
LOAD ./Generated_Code/Cpu.o
LOAD ./Generated_Code/DbgCs1.o
LOAD ./Generated_Code/KSDK1.o
LOAD ./Generated_Code/WAIT1.o
LOAD ./Generated_Code/clockMan1.o
LOAD ./Generated_Code/hardware_init.o
LOAD ./Generated_Code/osa1.o
LOAD ./Generated_Code/pin_init.o
LOAD ./Generated_Code/uartCom1.o
LOAD ./Generated_Code/uart_xb.o
LOAD c:/freescale/kds_v3/toolchain/bin/../lib/gcc/arm-none-eabi/4.8.4/../../../../arm-none-eabi/lib/armv6-m\libstdc++_s.a
LOAD c:/freescale/kds_v3/toolchain/bin/../lib/gcc/arm-none-eabi/4.8.4/../../../../arm-none-eabi/lib/armv6-m\libm.a
START GROUP
LOAD c:/freescale/kds_v3/toolchain/bin/../lib/gcc/arm-none-eabi/4.8.4/armv6-m\libgcc.a
LOAD c:/freescale/kds_v3/toolchain/bin/../lib/gcc/arm-none-eabi/4.8.4/../../../../arm-none-eabi/lib/armv6-m\libg_s.a
LOAD c:/freescale/kds_v3/toolchain/bin/../lib/gcc/arm-none-eabi/4.8.4/../../../../arm-none-eabi/lib/armv6-m\libc_s.a
END GROUP
START GROUP
LOAD c:/freescale/kds_v3/toolchain/bin/../lib/gcc/arm-none-eabi/4.8.4/armv6-m\libgcc.a
LOAD c:/freescale/kds_v3/toolchain/bin/../lib/gcc/arm-none-eabi/4.8.4/../../../../arm-none-eabi/lib/armv6-m\libc_s.a
LOAD c:/freescale/kds_v3/toolchain/bin/../lib/gcc/arm-none-eabi/4.8.4/../../../../arm-none-eabi/lib/armv6-m\libnosys.a
END GROUP
START GROUP
LOAD c:/freescale/kds_v3/toolchain/bin/../lib/gcc/arm-none-eabi/4.8.4/armv6-m\libgcc.a
LOAD c:/freescale/kds_v3/toolchain/bin/../lib/gcc/arm-none-eabi/4.8.4/../../../../arm-none-eabi/lib/armv6-m\libc_s.a
LOAD c:/freescale/kds_v3/toolchain/bin/../lib/gcc/arm-none-eabi/4.8.4/../../../../arm-none-eabi/lib/armv6-m\libnosys.a
END GROUP
LOAD c:/freescale/kds_v3/toolchain/bin/../lib/gcc/arm-none-eabi/4.8.4/armv6-m/crtend.o
LOAD c:/freescale/kds_v3/toolchain/bin/../lib/gcc/arm-none-eabi/4.8.4/armv6-m/crtn.o
                0x00000000                HEAP_SIZE = DEFINED (__heap_size__)?__heap_size__:0x0
                0x00000400                STACK_SIZE = DEFINED (__stack_size__)?__stack_size__:0x400

.interrupts     0x00000000       0xc0
                0x00000000                __VECTOR_TABLE = .
                0x00000000                . = ALIGN (0x4)
 *(.isr_vector)
 .isr_vector    0x00000000       0xc0 ./SDK/platform/devices/MKL26Z4/startup/gcc/startup_MKL26Z4.o
                0x00000000                __isr_vector
                0x000000c0                . = ALIGN (0x4)
                0x1ffff000                __VECTOR_RAM = ORIGIN (m_interrupts_ram)

.flash_config   0x00000400       0x10
                0x00000400                . = ALIGN (0x4)
 *(.FlashConfig)
 .FlashConfig   0x00000400       0x10 ./SDK/platform/devices/MKL26Z4/startup/gcc/startup_MKL26Z4.o
                0x00000410                . = ALIGN (0x4)

.text           0x00000410     0xbc2c
                0x00000410                . = ALIGN (0x4)
 *(.text)
 .text          0x00000410       0x60 c:/freescale/kds_v3/toolchain/bin/../lib/gcc/arm-none-eabi/4.8.4/armv6-m/crtbegin.o
 .text          0x00000470       0x78 c:/freescale/kds_v3/toolchain/bin/../lib/gcc/arm-none-eabi/4.8.4/../../../../arm-none-eabi/lib/armv6-m/crt0.o
                0x00000470                _start
                0x00000470                _mainCRTStartup
 .text          0x000004e8       0x18 ./SDK/platform/devices/MKL26Z4/startup/gcc/startup_MKL26Z4.o
                0x000004e8                Reset_Handler
                0x000004f8                HardFault_Handler
                0x000004f8                PendSV_Handler
                0x000004f8                NMI_Handler
                0x000004f8                PORTC_PORTD_IRQHandler
                0x000004f8                I2C1_IRQHandler
                0x000004f8                DMA2_IRQHandler
                0x000004f8                TPM0_IRQHandler
                0x000004f8                I2S0_IRQHandler
                0x000004f8                LLWU_IRQHandler
                0x000004f8                TSI0_IRQHandler
                0x000004f8                UART0_IRQHandler
                0x000004f8                ADC0_IRQHandler
                0x000004f8                SPI1_IRQHandler
                0x000004f8                DefaultISR
                0x000004f8                TPM2_IRQHandler
                0x000004f8                RTC_IRQHandler
                0x000004f8                I2C0_IRQHandler
                0x000004f8                RTC_Seconds_IRQHandler
                0x000004f8                MCG_IRQHandler
                0x000004f8                Reserved20_IRQHandler
                0x000004f8                USB0_IRQHandler
                0x000004f8                PIT_IRQHandler
                0x000004f8                SVC_Handler
                0x000004f8                DMA3_IRQHandler
                0x000004f8                DMA0_IRQHandler
                0x000004f8                DAC0_IRQHandler
                0x000004f8                Reserved45_IRQHandler
                0x000004f8                TPM1_IRQHandler
                0x000004f8                LVD_LVW_IRQHandler
                0x000004f8                SPI0_IRQHandler
                0x000004f8                PORTA_IRQHandler
                0x000004f8                FTFA_IRQHandler
                0x000004f8                LPTMR0_IRQHandler
                0x000004f8                CMP0_IRQHandler
                0x000004f8                DMA1_IRQHandler
 .text          0x00000500       0x9c c:/freescale/kds_v3/toolchain/bin/../lib/gcc/arm-none-eabi/4.8.4/armv6-m\libgcc.a(_udivsi3.o)
                0x00000500                __aeabi_uidiv
                0x00000500                __udivsi3
                0x00000588                __aeabi_uidivmod
 .text          0x0000059c       0xc0 c:/freescale/kds_v3/toolchain/bin/../lib/gcc/arm-none-eabi/4.8.4/armv6-m\libgcc.a(_divsi3.o)
                0x0000059c                __divsi3
                0x0000059c                __aeabi_idiv
                0x00000648                __aeabi_idivmod
 .text          0x0000065c        0x4 c:/freescale/kds_v3/toolchain/bin/../lib/gcc/arm-none-eabi/4.8.4/armv6-m\libgcc.a(_dvmd_tls.o)
                0x0000065c                __aeabi_idiv0
                0x0000065c                __aeabi_ldiv0
 .text          0x00000660       0x7c c:/freescale/kds_v3/toolchain/bin/../lib/gcc/arm-none-eabi/4.8.4/armv6-m\libgcc.a(_arm_cmpdf2.o)
                0x00000660                __aeabi_cdrcmple
                0x00000670                __aeabi_cdcmple
                0x00000670                __aeabi_cdcmpeq
                0x00000680                __aeabi_dcmpeq
                0x0000068c                __aeabi_dcmplt
                0x000006a0                __aeabi_dcmple
                0x000006b4                __aeabi_dcmpgt
                0x000006c8                __aeabi_dcmpge
 .text          0x000006dc       0x40 c:/freescale/kds_v3/toolchain/bin/../lib/gcc/arm-none-eabi/4.8.4/armv6-m\libgcc.a(_aeabi_uldivmod.o)
                0x000006dc                __aeabi_uldivmod
 .text          0x0000071c       0x44 c:/freescale/kds_v3/toolchain/bin/../lib/gcc/arm-none-eabi/4.8.4/armv6-m\libgcc.a(_muldi3.o)
                0x0000071c                __muldi3
                0x0000071c                __aeabi_lmul
 .text          0x00000760       0x6c c:/freescale/kds_v3/toolchain/bin/../lib/gcc/arm-none-eabi/4.8.4/armv6-m\libgcc.a(bpabi.o)
                0x00000760                __gnu_ldivmod_helper
                0x00000798                __gnu_uldivmod_helper
 .text          0x000007cc      0x644 c:/freescale/kds_v3/toolchain/bin/../lib/gcc/arm-none-eabi/4.8.4/armv6-m\libgcc.a(adddf3.o)
                0x000007cc                __aeabi_dadd
 .text          0x00000e10      0x648 c:/freescale/kds_v3/toolchain/bin/../lib/gcc/arm-none-eabi/4.8.4/armv6-m\libgcc.a(divdf3.o)
                0x00000e10                __aeabi_ddiv
 .text          0x00001458       0x94 c:/freescale/kds_v3/toolchain/bin/../lib/gcc/arm-none-eabi/4.8.4/armv6-m\libgcc.a(eqdf2.o)
                0x00001458                __nedf2
                0x00001458                __eqdf2
 .text          0x000014ec       0xfc c:/freescale/kds_v3/toolchain/bin/../lib/gcc/arm-none-eabi/4.8.4/armv6-m\libgcc.a(gedf2.o)
                0x000014ec                __gedf2
                0x000014ec                __gtdf2
 .text          0x000015e8       0xfc c:/freescale/kds_v3/toolchain/bin/../lib/gcc/arm-none-eabi/4.8.4/armv6-m\libgcc.a(ledf2.o)
                0x000015e8                __ledf2
                0x000015e8                __ltdf2
 .text          0x000016e4      0x520 c:/freescale/kds_v3/toolchain/bin/../lib/gcc/arm-none-eabi/4.8.4/armv6-m\libgcc.a(muldf3.o)
                0x000016e4                __aeabi_dmul
 .text          0x00001c04      0x668 c:/freescale/kds_v3/toolchain/bin/../lib/gcc/arm-none-eabi/4.8.4/armv6-m\libgcc.a(subdf3.o)
                0x00001c04                __aeabi_dsub
 .text          0x0000226c       0x7c c:/freescale/kds_v3/toolchain/bin/../lib/gcc/arm-none-eabi/4.8.4/armv6-m\libgcc.a(floatsidf.o)
                0x0000226c                __aeabi_i2d
 .text          0x000022e8      0x118 c:/freescale/kds_v3/toolchain/bin/../lib/gcc/arm-none-eabi/4.8.4/armv6-m\libgcc.a(truncdfsf2.o)
                0x000022e8                __aeabi_d2f
 .text          0x00002400       0x3c c:/freescale/kds_v3/toolchain/bin/../lib/gcc/arm-none-eabi/4.8.4/armv6-m\libgcc.a(_clzsi2.o)
                0x00002400                __clzsi2
 .text          0x0000243c      0x3b8 c:/freescale/kds_v3/toolchain/bin/../lib/gcc/arm-none-eabi/4.8.4/armv6-m\libgcc.a(_divdi3.o)
                0x0000243c                __divdi3
 .text          0x000027f4      0x384 c:/freescale/kds_v3/toolchain/bin/../lib/gcc/arm-none-eabi/4.8.4/armv6-m\libgcc.a(_udivdi3.o)
                0x000027f4                __udivdi3
 .text          0x00002b78       0x14 c:/freescale/kds_v3/toolchain/bin/../lib/gcc/arm-none-eabi/4.8.4/armv6-m\libgcc.a(_thumb1_case_uqi.o)
                0x00002b78                __gnu_thumb1_case_uqi
 *fill*         0x00002b8c        0x4 
 .text          0x00002b90       0x40 c:/freescale/kds_v3/toolchain/bin/../lib/gcc/arm-none-eabi/4.8.4/armv6-m\libgcc.a(_fixunsdfsi.o)
                0x00002b90                __aeabi_d2uiz
                0x00002b90                __fixunsdfsi
 .text          0x00002bd0       0x68 c:/freescale/kds_v3/toolchain/bin/../lib/gcc/arm-none-eabi/4.8.4/armv6-m\libgcc.a(fixdfsi.o)
                0x00002bd0                __aeabi_d2iz
 .text          0x00002c38       0x68 c:/freescale/kds_v3/toolchain/bin/../lib/gcc/arm-none-eabi/4.8.4/armv6-m\libgcc.a(floatunsidf.o)
                0x00002c38                __aeabi_ui2d
 *(.text*)
 .text.PEX_components_init
                0x00002ca0        0xc ./Static_Code/System/PE_low_level_init.o
                0x00002ca0                PEX_components_init
 .text.PE_low_level_init
                0x00002cac       0x14 ./Static_Code/System/PE_low_level_init.o
                0x00002cac                PE_low_level_init
 .text.OneWire_Read
                0x00002cc0       0x98 ./Sources/1wire/onewire.o
                0x00002cc0                OneWire_Read
 .text.OneWire_Write
                0x00002d58       0xa4 ./Sources/1wire/onewire.o
                0x00002d58                OneWire_Write
 .text.OneWire_Reset
                0x00002dfc       0x4c ./Sources/1wire/onewire.o
                0x00002dfc                OneWire_Reset
 .text.UART2_IRQHandler
                0x00002e48       0x10 ./Sources/1wire/uart.o
                0x00002e48                UART2_IRQHandler
 .text.Uart_Setbaud
                0x00002e58       0x30 ./Sources/1wire/uart.o
                0x00002e58                Uart_Setbaud
 .text.Uart_WriteBusy
                0x00002e88       0x34 ./Sources/1wire/uart.o
                0x00002e88                Uart_WriteBusy
 .text.Uart_WriteByte
                0x00002ebc       0x20 ./Sources/1wire/uart.o
                0x00002ebc                Uart_WriteByte
 .text.Uart_ReadByte
                0x00002edc       0x30 ./Sources/1wire/uart.o
                0x00002edc                Uart_ReadByte
 .text.uart_xb_RxCallback
                0x00002f0c       0x4c ./Sources/Events.o
                0x00002f0c                uart_xb_RxCallback
 .text.createTxHeader
                0x00002f58       0x60 ./Sources/Xbee_Driver.o
                0x00002f58                createTxHeader
 .text.createRxHeader
                0x00002fb8       0x50 ./Sources/Xbee_Driver.o
                0x00002fb8                createRxHeader
 .text.calculate_tx_checksum
                0x00003008       0x80 ./Sources/Xbee_Driver.o
                0x00003008                calculate_tx_checksum
 .text.check_rx_checksum
                0x00003088       0x8c ./Sources/Xbee_Driver.o
                0x00003088                check_rx_checksum
 .text.address_to_byte_array
                0x00003114       0x60 ./Sources/Xbee_Driver.o
                0x00003114                address_to_byte_array
 .text.tx_frame_generate_raw
                0x00003174       0xf8 ./Sources/Xbee_Driver.o
                0x00003174                tx_frame_generate_raw
 .text.createTxFrame
                0x0000326c      0x130 ./Sources/Xbee_Driver.o
                0x0000326c                createTxFrame
 .text.convertFromApi2
                0x0000339c       0xc0 ./Sources/Xbee_Driver.o
                0x0000339c                convertFromApi2
 .text.convertToApi2
                0x0000345c       0xcc ./Sources/Xbee_Driver.o
                0x0000345c                convertToApi2
 .text.createRxFrame
                0x00003528      0x280 ./Sources/Xbee_Driver.o
                0x00003528                createRxFrame
 .text.sendFrame
                0x000037a8       0xd8 ./Sources/Xbee_Driver.o
                0x000037a8                sendFrame
 .text.envoi_mesure
                0x00003880       0x90 ./Sources/app.o
                0x00003880                envoi_mesure
 .text.lire_contenu_fifo
                0x00003910       0xec ./Sources/app.o
                0x00003910                lire_contenu_fifo
 .text.check_trame_recue
                0x000039fc      0x12c ./Sources/app.o
                0x000039fc                check_trame_recue
 .text.app_run  0x00003b28       0x5c ./Sources/app.o
                0x00003b28                app_run
 .text.init_fifo
                0x00003b84       0x28 ./Sources/fifo_buffer.o
                0x00003b84                init_fifo
 .text.flush_fifo
                0x00003bac       0x20 ./Sources/fifo_buffer.o
                0x00003bac                flush_fifo
 .text.lire_fifo_buffer
                0x00003bcc       0x60 ./Sources/fifo_buffer.o
                0x00003bcc                lire_fifo_buffer
 .text.createCommandFrame
                0x00003c2c       0x58 ./Sources/iSerre-SN.o
                0x00003c2c                createCommandFrame
 .text.createMeasureFrame
                0x00003c84       0x54 ./Sources/iSerre-SN.o
                0x00003c84                createMeasureFrame
 .text.convertFloat2Buffer
                0x00003cd8       0x34 ./Sources/iSerre-SN.o
                0x00003cd8                convertFloat2Buffer
 .text.main     0x00003d0c       0x14 ./Sources/main.o
                0x00003d0c                main
 .text.DS18B20_LireScratchpad
                0x00003d20       0x60 ./Sources/sensor.o
                0x00003d20                DS18B20_LireScratchpad
 .text.DS18B20_LireTemperature
                0x00003d80      0x108 ./Sources/sensor.o
                0x00003d80                DS18B20_LireTemperature
 .text.UART_HAL_EnableTransmitter
                0x00003e88       0x1c ./SDK/platform/utilities/src/fsl_debug_console.o
 .text.UART_HAL_EnableReceiver
                0x00003ea4       0x1c ./SDK/platform/utilities/src/fsl_debug_console.o
 .text.UART_HAL_SetBitCountPerChar
                0x00003ec0       0x28 ./SDK/platform/utilities/src/fsl_debug_console.o
 .text.UART_HAL_SetStopBitCount
                0x00003ee8       0x28 ./SDK/platform/utilities/src/fsl_debug_console.o
 .text.LPSCI_HAL_EnableTransmitter
                0x00003f10       0x1c ./SDK/platform/utilities/src/fsl_debug_console.o
 .text.LPSCI_HAL_EnableReceiver
                0x00003f2c       0x1c ./SDK/platform/utilities/src/fsl_debug_console.o
 .text.LPSCI_HAL_SetBitCountPerChar
                0x00003f48       0x28 ./SDK/platform/utilities/src/fsl_debug_console.o
 .text.LPSCI_HAL_SetStopBitCount
                0x00003f70       0x28 ./SDK/platform/utilities/src/fsl_debug_console.o
 .text.DbgConsole_Init
                0x00003f98      0x160 ./SDK/platform/utilities/src/fsl_debug_console.o
                0x00003f98                DbgConsole_Init
 .text._write   0x000040f8       0x5c ./SDK/platform/utilities/src/fsl_debug_console.o
                0x000040f8                _write
 .text._read    0x00004154       0x48 ./SDK/platform/utilities/src/fsl_debug_console.o
                0x00004154                _read
 .text.debug_printf
                0x0000419c       0x4c ./SDK/platform/utilities/src/fsl_debug_console.o
                0x0000419c                debug_printf
 .text.debug_putc
                0x000041e8       0x44 ./SDK/platform/utilities/src/fsl_debug_console.o
 .text._sbrk    0x0000422c       0x5c ./SDK/platform/utilities/src/fsl_misc_utilities.o
                0x0000422c                _sbrk
 .text._doprint
                0x00004288      0x6e4 ./SDK/platform/utilities/src/print_scan.o
                0x00004288                _doprint
 .text.mknumstr
                0x0000496c      0x110 ./SDK/platform/utilities/src/print_scan.o
 .text.fput_pad
                0x00004a7c       0x44 ./SDK/platform/utilities/src/print_scan.o
 .text.INT_SYS_EnableIRQGlobal
                0x00004ac0       0x2c ./SDK/platform/system/src/interrupt/fsl_interrupt_manager.o
                0x00004ac0                INT_SYS_EnableIRQGlobal
 .text.INT_SYS_DisableIRQGlobal
                0x00004aec       0x18 ./SDK/platform/system/src/interrupt/fsl_interrupt_manager.o
                0x00004aec                INT_SYS_DisableIRQGlobal
 .text.SIM_HAL_EnableClock
                0x00004b04       0x58 ./SDK/platform/system/src/clock/MKL26Z4/fsl_clock_MKL26Z4.o
 .text.SIM_HAL_DisableClock
                0x00004b5c       0x4c ./SDK/platform/system/src/clock/MKL26Z4/fsl_clock_MKL26Z4.o
 .text.SIM_HAL_GetGateCmd
                0x00004ba8       0x50 ./SDK/platform/system/src/clock/MKL26Z4/fsl_clock_MKL26Z4.o
 .text.CLOCK_HAL_GetLpsciSrc
                0x00004bf8       0x28 ./SDK/platform/system/src/clock/MKL26Z4/fsl_clock_MKL26Z4.o
 .text.CLOCK_HAL_GetPllfllSel
                0x00004c20       0x24 ./SDK/platform/system/src/clock/MKL26Z4/fsl_clock_MKL26Z4.o
 .text.CLOCK_HAL_GetOutDiv1
                0x00004c44       0x28 ./SDK/platform/system/src/clock/MKL26Z4/fsl_clock_MKL26Z4.o
 .text.CLOCK_HAL_GetOutDiv4
                0x00004c6c       0x28 ./SDK/platform/system/src/clock/MKL26Z4/fsl_clock_MKL26Z4.o
 .text.OSC_HAL_GetExternalRefClkCmd
                0x00004c94       0x24 ./SDK/platform/system/src/clock/MKL26Z4/fsl_clock_MKL26Z4.o
 .text.CLOCK_SYS_GetCoreClockFreq
                0x00004cb8       0x34 ./SDK/platform/system/src/clock/MKL26Z4/fsl_clock_MKL26Z4.o
                0x00004cb8                CLOCK_SYS_GetCoreClockFreq
 .text.CLOCK_SYS_GetSystemClockFreq
                0x00004cec       0x34 ./SDK/platform/system/src/clock/MKL26Z4/fsl_clock_MKL26Z4.o
                0x00004cec                CLOCK_SYS_GetSystemClockFreq
 .text.CLOCK_SYS_GetBusClockFreq
                0x00004d20       0x2c ./SDK/platform/system/src/clock/MKL26Z4/fsl_clock_MKL26Z4.o
                0x00004d20                CLOCK_SYS_GetBusClockFreq
 .text.CLOCK_SYS_GetPllFllClockFreq
                0x00004d4c       0x5c ./SDK/platform/system/src/clock/MKL26Z4/fsl_clock_MKL26Z4.o
                0x00004d4c                CLOCK_SYS_GetPllFllClockFreq
 .text.CLOCK_SYS_GetOsc0ExternalRefClockFreq
                0x00004da8       0x2c ./SDK/platform/system/src/clock/MKL26Z4/fsl_clock_MKL26Z4.o
                0x00004da8                CLOCK_SYS_GetOsc0ExternalRefClockFreq
 .text.CLOCK_SYS_GetLpsciFreq
                0x00004dd4       0x68 ./SDK/platform/system/src/clock/MKL26Z4/fsl_clock_MKL26Z4.o
                0x00004dd4                CLOCK_SYS_GetLpsciFreq
 .text.CLOCK_SYS_GetUartFreq
                0x00004e3c       0x2c ./SDK/platform/system/src/clock/MKL26Z4/fsl_clock_MKL26Z4.o
                0x00004e3c                CLOCK_SYS_GetUartFreq
 .text.CLOCK_SYS_EnableLpsciClock
                0x00004e68       0x40 ./SDK/platform/system/src/clock/MKL26Z4/fsl_clock_MKL26Z4.o
                0x00004e68                CLOCK_SYS_EnableLpsciClock
 .text.CLOCK_SYS_EnableUartClock
                0x00004ea8       0x4c ./SDK/platform/system/src/clock/MKL26Z4/fsl_clock_MKL26Z4.o
                0x00004ea8                CLOCK_SYS_EnableUartClock
 .text.CLOCK_SYS_DisableUartClock
                0x00004ef4       0x4c ./SDK/platform/system/src/clock/MKL26Z4/fsl_clock_MKL26Z4.o
                0x00004ef4                CLOCK_SYS_DisableUartClock
 .text.CLOCK_SYS_GetUartGateCmd
                0x00004f40       0x50 ./SDK/platform/system/src/clock/MKL26Z4/fsl_clock_MKL26Z4.o
                0x00004f40                CLOCK_SYS_GetUartGateCmd
 .text.CLOCK_SYS_GetSystickFreq
                0x00004f90       0x28 ./SDK/platform/system/src/clock/fsl_clock_manager.o
                0x00004f90                CLOCK_SYS_GetSystickFreq
 .text.OSA_SemaCreate
                0x00004fb8       0x54 ./SDK/platform/osa/src/fsl_os_abstraction_bm.o
                0x00004fb8                OSA_SemaCreate
 .text.OSA_SemaWait
                0x0000500c       0xc8 ./SDK/platform/osa/src/fsl_os_abstraction_bm.o
                0x0000500c                OSA_SemaWait
 .text.OSA_SemaPost
                0x000050d4       0x58 ./SDK/platform/osa/src/fsl_os_abstraction_bm.o
                0x000050d4                OSA_SemaPost
 .text.OSA_SemaDestroy
                0x0000512c       0x34 ./SDK/platform/osa/src/fsl_os_abstraction_bm.o
                0x0000512c                OSA_SemaDestroy
 .text.task_init
                0x00005160       0x60 ./SDK/platform/osa/src/fsl_os_abstraction_bm.o
                0x00005160                task_init
 .text.OSA_TimeDelay
                0x000051c0       0x34 ./SDK/platform/osa/src/fsl_os_abstraction_bm.o
                0x000051c0                OSA_TimeDelay
 .text.OSA_Init
                0x000051f4       0x14 ./SDK/platform/osa/src/fsl_os_abstraction_bm.o
                0x000051f4                OSA_Init
 .text.OSA_Start
                0x00005208       0x38 ./SDK/platform/osa/src/fsl_os_abstraction_bm.o
                0x00005208                OSA_Start
 .text.UART_HAL_Init
                0x00005240       0x38 ./SDK/platform/hal/src/uart/fsl_uart_hal.o
                0x00005240                UART_HAL_Init
 .text.UART_HAL_SetBaudRate
                0x00005278       0x6c ./SDK/platform/hal/src/uart/fsl_uart_hal.o
                0x00005278                UART_HAL_SetBaudRate
 .text.UART_HAL_SetParityMode
                0x000052e4       0x40 ./SDK/platform/hal/src/uart/fsl_uart_hal.o
                0x000052e4                UART_HAL_SetParityMode
 .text.UART_HAL_Putchar
                0x00005324       0x34 ./SDK/platform/hal/src/uart/fsl_uart_hal.o
                0x00005324                UART_HAL_Putchar
 .text.UART_HAL_Getchar
                0x00005358       0x34 ./SDK/platform/hal/src/uart/fsl_uart_hal.o
                0x00005358                UART_HAL_Getchar
 .text.UART_HAL_SendDataPolling
                0x0000538c       0x44 ./SDK/platform/hal/src/uart/fsl_uart_hal.o
                0x0000538c                UART_HAL_SendDataPolling
 .text.UART_HAL_ReceiveDataPolling
                0x000053d0       0xa4 ./SDK/platform/hal/src/uart/fsl_uart_hal.o
                0x000053d0                UART_HAL_ReceiveDataPolling
 .text.UART_HAL_SetIntMode
                0x00005474       0xd4 ./SDK/platform/hal/src/uart/fsl_uart_hal.o
                0x00005474                UART_HAL_SetIntMode
 .text.UART_HAL_GetStatusFlag
                0x00005548       0x8c ./SDK/platform/hal/src/uart/fsl_uart_hal.o
                0x00005548                UART_HAL_GetStatusFlag
 .text.UART_HAL_ClearStatusFlag
                0x000055d4       0x98 ./SDK/platform/hal/src/uart/fsl_uart_hal.o
                0x000055d4                UART_HAL_ClearStatusFlag
 .text.CLOCK_HAL_GetClkOutStat
                0x0000566c       0x20 ./SDK/platform/hal/src/mcg/fsl_mcg_hal.o
 .text.CLOCK_HAL_IsPllSelected
                0x0000568c       0x24 ./SDK/platform/hal/src/mcg/fsl_mcg_hal.o
 .text.CLOCK_HAL_GetMcgExternalClkFreq
                0x000056b0       0x18 ./SDK/platform/hal/src/mcg/fsl_mcg_hal.o
 .text.CLOCK_HAL_TestFllExternalRefFreq
                0x000056c8       0x7c ./SDK/platform/hal/src/mcg/fsl_mcg_hal.o
                0x000056c8                CLOCK_HAL_TestFllExternalRefFreq
 .text.CLOCK_HAL_GetFllRefClk
                0x00005744       0x8c ./SDK/platform/hal/src/mcg/fsl_mcg_hal.o
                0x00005744                CLOCK_HAL_GetFllRefClk
 .text.CLOCK_HAL_TestFllFreq
                0x000057d0       0x6c ./SDK/platform/hal/src/mcg/fsl_mcg_hal.o
                0x000057d0                CLOCK_HAL_TestFllFreq
 .text.CLOCK_HAL_GetFllClk
                0x0000583c       0x7c ./SDK/platform/hal/src/mcg/fsl_mcg_hal.o
                0x0000583c                CLOCK_HAL_GetFllClk
 .text.CLOCK_HAL_GetPll0RefFreq
                0x000058b8       0x1c ./SDK/platform/hal/src/mcg/fsl_mcg_hal.o
                0x000058b8                CLOCK_HAL_GetPll0RefFreq
 .text.CLOCK_HAL_GetPll0Clk
                0x000058d4       0x90 ./SDK/platform/hal/src/mcg/fsl_mcg_hal.o
                0x000058d4                CLOCK_HAL_GetPll0Clk
 .text.CLOCK_HAL_GetInternalRefClk
                0x00005964       0x64 ./SDK/platform/hal/src/mcg/fsl_mcg_hal.o
                0x00005964                CLOCK_HAL_GetInternalRefClk
 .text.CLOCK_HAL_GetOutClk
                0x000059c8       0x7c ./SDK/platform/hal/src/mcg/fsl_mcg_hal.o
                0x000059c8                CLOCK_HAL_GetOutClk
 .text.LPSCI_HAL_Putchar
                0x00005a44       0x1c ./SDK/platform/hal/src/lpsci/fsl_lpsci_hal.o
 .text.LPSCI_HAL_Getchar
                0x00005a60       0x1c ./SDK/platform/hal/src/lpsci/fsl_lpsci_hal.o
 .text.LPSCI_HAL_SetBaudRate
                0x00005a7c      0x14c ./SDK/platform/hal/src/lpsci/fsl_lpsci_hal.o
                0x00005a7c                LPSCI_HAL_SetBaudRate
 .text.LPSCI_HAL_SetParityMode
                0x00005bc8       0x40 ./SDK/platform/hal/src/lpsci/fsl_lpsci_hal.o
                0x00005bc8                LPSCI_HAL_SetParityMode
 .text.LPSCI_HAL_SendDataPolling
                0x00005c08       0x44 ./SDK/platform/hal/src/lpsci/fsl_lpsci_hal.o
                0x00005c08                LPSCI_HAL_SendDataPolling
 .text.LPSCI_HAL_ReceiveDataPolling
                0x00005c4c       0x88 ./SDK/platform/hal/src/lpsci/fsl_lpsci_hal.o
                0x00005c4c                LPSCI_HAL_ReceiveDataPolling
 .text.NVIC_EnableIRQ
                0x00005cd4       0x2c ./SDK/platform/drivers/src/uart/fsl_uart_driver.o
 .text.NVIC_DisableIRQ
                0x00005d00       0x2c ./SDK/platform/drivers/src/uart/fsl_uart_driver.o
 .text.UART_HAL_EnableTransmitter
                0x00005d2c       0x1c ./SDK/platform/drivers/src/uart/fsl_uart_driver.o
 .text.UART_HAL_DisableTransmitter
                0x00005d48       0x1c ./SDK/platform/drivers/src/uart/fsl_uart_driver.o
 .text.UART_HAL_EnableReceiver
                0x00005d64       0x1c ./SDK/platform/drivers/src/uart/fsl_uart_driver.o
 .text.UART_HAL_DisableReceiver
                0x00005d80       0x1c ./SDK/platform/drivers/src/uart/fsl_uart_driver.o
 .text.UART_HAL_SetBitCountPerChar
                0x00005d9c       0x28 ./SDK/platform/drivers/src/uart/fsl_uart_driver.o
 .text.UART_HAL_SetStopBitCount
                0x00005dc4       0x28 ./SDK/platform/drivers/src/uart/fsl_uart_driver.o
 .text.INT_SYS_EnableIRQ
                0x00005dec       0x5c ./SDK/platform/drivers/src/uart/fsl_uart_driver.o
 .text.INT_SYS_DisableIRQ
                0x00005e48       0x5c ./SDK/platform/drivers/src/uart/fsl_uart_driver.o
 .text.UART_DRV_Init
                0x00005ea4      0x144 ./SDK/platform/drivers/src/uart/fsl_uart_driver.o
                0x00005ea4                UART_DRV_Init
 .text.UART_DRV_Deinit
                0x00005fe8       0xf0 ./SDK/platform/drivers/src/uart/fsl_uart_driver.o
                0x00005fe8                UART_DRV_Deinit
 .text.UART_DRV_InstallRxCallback
                0x000060d8       0x88 ./SDK/platform/drivers/src/uart/fsl_uart_driver.o
                0x000060d8                UART_DRV_InstallRxCallback
 .text.UART_DRV_SendDataBlocking
                0x00006160       0xec ./SDK/platform/drivers/src/uart/fsl_uart_driver.o
                0x00006160                UART_DRV_SendDataBlocking
 .text.UART_DRV_ReceiveDataBlocking
                0x0000624c       0xfc ./SDK/platform/drivers/src/uart/fsl_uart_driver.o
                0x0000624c                UART_DRV_ReceiveDataBlocking
 .text.UART_DRV_IRQHandler
                0x00006348      0x16c ./SDK/platform/drivers/src/uart/fsl_uart_driver.o
                0x00006348                UART_DRV_IRQHandler
 .text.UART_DRV_CompleteSendData
                0x000064b4       0x74 ./SDK/platform/drivers/src/uart/fsl_uart_driver.o
 .text.UART_DRV_StartSendData
                0x00006528       0x8c ./SDK/platform/drivers/src/uart/fsl_uart_driver.o
 .text.UART_DRV_CompleteReceiveData
                0x000065b4       0x88 ./SDK/platform/drivers/src/uart/fsl_uart_driver.o
 .text.UART_DRV_StartReceiveData
                0x0000663c       0xa8 ./SDK/platform/drivers/src/uart/fsl_uart_driver.o
 .text.SystemInit
                0x000066e4      0x178 ./SDK/platform/devices/MKL26Z4/startup/system_MKL26Z4.o
                0x000066e4                SystemInit
 .text.init_data_bss
                0x0000685c       0xc8 ./SDK/platform/devices/startup.o
                0x0000685c                init_data_bss
 .text.CLOCK_HAL_SetLpsciSrc
                0x00006924       0x30 ./Generated_Code/Cpu.o
 .text.CLOCK_SYS_SetLpsciSrc
                0x00006954       0x2c ./Generated_Code/Cpu.o
 .text.Components_Init
                0x00006980       0x54 ./Generated_Code/Cpu.o
                0x00006980                Components_Init
 .text.SIM_HAL_EnableClock
                0x000069d4       0x58 ./Generated_Code/hardware_init.o
 .text.hardware_init
                0x00006a2c       0x5c ./Generated_Code/hardware_init.o
                0x00006a2c                hardware_init
 .text.NVIC_SetPriority
                0x00006a88       0xe0 ./Generated_Code/osa1.o
 .text.CLOCK_SYS_SetSystickSrc
                0x00006b68       0x30 ./Generated_Code/osa1.o
 .text.SysTick_Handler
                0x00006b98       0x1c ./Generated_Code/osa1.o
                0x00006b98                SysTick_Handler
 *fill*         0x00006bb4        0x4 
 .text.OSA_TimeInit
                0x00006bb8       0xa0 ./Generated_Code/osa1.o
                0x00006bb8                OSA_TimeInit
 .text.OSA_TimeDiff
                0x00006c58       0x30 ./Generated_Code/osa1.o
                0x00006c58                OSA_TimeDiff
 .text.OSA_TimeGetMsec
                0x00006c88       0x14 ./Generated_Code/osa1.o
                0x00006c88                OSA_TimeGetMsec
 .text.PORT_HAL_SetMuxMode
                0x00006c9c       0x4c ./Generated_Code/pin_init.o
 .text.SIM_HAL_SetUartRxSrcMode
                0x00006ce8       0x2c ./Generated_Code/pin_init.o
 .text.SIM_HAL_SetUartTxSrcMode
                0x00006d14       0x30 ./Generated_Code/pin_init.o
 .text.SIM_HAL_SetLpsciRxSrcMode
                0x00006d44       0x2c ./Generated_Code/pin_init.o
 .text.SIM_HAL_SetLpsciTxSrcMode
                0x00006d70       0x2c ./Generated_Code/pin_init.o
 .text.init_coredebug_pins
                0x00006d9c       0x2c ./Generated_Code/pin_init.o
                0x00006d9c                init_coredebug_pins
 .text.init_osc_pins
                0x00006dc8       0x2c ./Generated_Code/pin_init.o
                0x00006dc8                init_osc_pins
 .text.init_rcm_pins
                0x00006df4       0x20 ./Generated_Code/pin_init.o
                0x00006df4                init_rcm_pins
 .text.init_uart_pins
                0x00006e14       0x74 ./Generated_Code/pin_init.o
                0x00006e14                init_uart_pins
 .text.init_uart0_pins
                0x00006e88       0x48 ./Generated_Code/pin_init.o
                0x00006e88                init_uart0_pins
 .text.UART1_IRQHandler
                0x00006ed0       0x10 ./Generated_Code/uart_xb.o
                0x00006ed0                UART1_IRQHandler
 .text.__fpclassifyd
                0x00006ee0       0x60 c:/freescale/kds_v3/toolchain/bin/../lib/gcc/arm-none-eabi/4.8.4/../../../../arm-none-eabi/lib/armv6-m\libm.a(lib_a-s_fpclassify.o)
                0x00006ee0                __fpclassifyd
 .text.__assert_func
                0x00006f40       0x3c c:/freescale/kds_v3/toolchain/bin/../lib/gcc/arm-none-eabi/4.8.4/../../../../arm-none-eabi/lib/armv6-m\libg_s.a(lib_a-assert.o)
                0x00006f40                __assert_func
 .text.__errno  0x00006f7c        0xc c:/freescale/kds_v3/toolchain/bin/../lib/gcc/arm-none-eabi/4.8.4/../../../../arm-none-eabi/lib/armv6-m\libg_s.a(lib_a-errno.o)
                0x00006f7c                __errno
 .text.exit     0x00006f88       0x2c c:/freescale/kds_v3/toolchain/bin/../lib/gcc/arm-none-eabi/4.8.4/../../../../arm-none-eabi/lib/armv6-m\libg_s.a(lib_a-exit.o)
                0x00006f88                exit
 .text.fprintf  0x00006fb4       0x24 c:/freescale/kds_v3/toolchain/bin/../lib/gcc/arm-none-eabi/4.8.4/../../../../arm-none-eabi/lib/armv6-m\libg_s.a(lib_a-fprintf.o)
                0x00006fb4                fiprintf
                0x00006fb4                fprintf
 .text.__libc_init_array
                0x00006fd8       0x4c c:/freescale/kds_v3/toolchain/bin/../lib/gcc/arm-none-eabi/4.8.4/../../../../arm-none-eabi/lib/armv6-m\libg_s.a(lib_a-init.o)
                0x00006fd8                __libc_init_array
 .text.malloc   0x00007024       0x14 c:/freescale/kds_v3/toolchain/bin/../lib/gcc/arm-none-eabi/4.8.4/../../../../arm-none-eabi/lib/armv6-m\libg_s.a(lib_a-malloc.o)
                0x00007024                malloc
 .text.memcpy   0x00007038       0x12 c:/freescale/kds_v3/toolchain/bin/../lib/gcc/arm-none-eabi/4.8.4/../../../../arm-none-eabi/lib/armv6-m\libg_s.a(lib_a-memcpy-stub.o)
                0x00007038                memcpy
 .text.memset   0x0000704a       0x10 c:/freescale/kds_v3/toolchain/bin/../lib/gcc/arm-none-eabi/4.8.4/../../../../arm-none-eabi/lib/armv6-m\libg_s.a(lib_a-memset.o)
                0x0000704a                memset
 .text._calloc_r
                0x0000705a       0x1c c:/freescale/kds_v3/toolchain/bin/../lib/gcc/arm-none-eabi/4.8.4/../../../../arm-none-eabi/lib/armv6-m\libg_s.a(lib_a-nano-callocr.o)
                0x0000705a                _calloc_r
 *fill*         0x00007076        0x2 
 .text._free_r  0x00007078       0x90 c:/freescale/kds_v3/toolchain/bin/../lib/gcc/arm-none-eabi/4.8.4/../../../../arm-none-eabi/lib/armv6-m\libg_s.a(lib_a-nano-freer.o)
                0x00007078                _free_r
 .text._malloc_r
                0x00007108       0xa8 c:/freescale/kds_v3/toolchain/bin/../lib/gcc/arm-none-eabi/4.8.4/../../../../arm-none-eabi/lib/armv6-m\libg_s.a(lib_a-nano-mallocr.o)
                0x00007108                _malloc_r
 .text._sbrk_r  0x000071b0       0x24 c:/freescale/kds_v3/toolchain/bin/../lib/gcc/arm-none-eabi/4.8.4/../../../../arm-none-eabi/lib/armv6-m\libg_s.a(lib_a-sbrkr.o)
                0x000071b0                _sbrk_r
 .text.strlen   0x000071d4        0xe c:/freescale/kds_v3/toolchain/bin/../lib/gcc/arm-none-eabi/4.8.4/../../../../arm-none-eabi/lib/armv6-m\libg_s.a(lib_a-strlen.o)
                0x000071d4                strlen
 .text.__sfputc_r
                0x000071e2       0x2a c:/freescale/kds_v3/toolchain/bin/../lib/gcc/arm-none-eabi/4.8.4/../../../../arm-none-eabi/lib/armv6-m\libg_s.a(lib_a-vfprintf.o)
 .text.__sfputs_r
                0x0000720c       0x24 c:/freescale/kds_v3/toolchain/bin/../lib/gcc/arm-none-eabi/4.8.4/../../../../arm-none-eabi/lib/armv6-m\libg_s.a(lib_a-vfprintf.o)
                0x0000720c                __sfputs_r
 .text._vfprintf_r
                0x00007230      0x210 c:/freescale/kds_v3/toolchain/bin/../lib/gcc/arm-none-eabi/4.8.4/../../../../arm-none-eabi/lib/armv6-m\libg_s.a(lib_a-vfprintf.o)
                0x00007230                _vfprintf_r
                0x00007230                _vfiprintf_r
 .text.__cvt    0x00007440       0xd0 c:/freescale/kds_v3/toolchain/bin/../lib/gcc/arm-none-eabi/4.8.4/../../../../arm-none-eabi/lib/armv6-m\libg_s.a(lib_a-vfprintf_float.o)
                0x00007440                __cvt
 .text.__exponent
                0x00007510       0x6a c:/freescale/kds_v3/toolchain/bin/../lib/gcc/arm-none-eabi/4.8.4/../../../../arm-none-eabi/lib/armv6-m\libg_s.a(lib_a-vfprintf_float.o)
                0x00007510                __exponent
 *fill*         0x0000757a        0x6 
 .text._printf_float
                0x00007580      0x458 c:/freescale/kds_v3/toolchain/bin/../lib/gcc/arm-none-eabi/4.8.4/../../../../arm-none-eabi/lib/armv6-m\libg_s.a(lib_a-vfprintf_float.o)
                0x00007580                _printf_float
 .text._printf_common
                0x000079d8       0xe8 c:/freescale/kds_v3/toolchain/bin/../lib/gcc/arm-none-eabi/4.8.4/../../../../arm-none-eabi/lib/armv6-m\libg_s.a(lib_a-vfprintf_i.o)
                0x000079d8                _printf_common
 .text._printf_i
                0x00007ac0      0x22c c:/freescale/kds_v3/toolchain/bin/../lib/gcc/arm-none-eabi/4.8.4/../../../../arm-none-eabi/lib/armv6-m\libg_s.a(lib_a-vfprintf_i.o)
                0x00007ac0                _printf_i
 .text._scanf_float
                0x00007cec      0x3e0 c:/freescale/kds_v3/toolchain/bin/../lib/gcc/arm-none-eabi/4.8.4/../../../../arm-none-eabi/lib/armv6-m\libg_s.a(lib_a-vfscanf_float.o)
                0x00007cec                _scanf_float
 .text.__swbuf_r
                0x000080cc       0xb0 c:/freescale/kds_v3/toolchain/bin/../lib/gcc/arm-none-eabi/4.8.4/../../../../arm-none-eabi/lib/armv6-m\libg_s.a(lib_a-wbuf.o)
                0x000080cc                __swbuf_r
 .text.__swsetup_r
                0x0000817c       0xe4 c:/freescale/kds_v3/toolchain/bin/../lib/gcc/arm-none-eabi/4.8.4/../../../../arm-none-eabi/lib/armv6-m\libg_s.a(lib_a-wsetup.o)
                0x0000817c                __swsetup_r
 .text.abort    0x00008260        0xe c:/freescale/kds_v3/toolchain/bin/../lib/gcc/arm-none-eabi/4.8.4/../../../../arm-none-eabi/lib/armv6-m\libg_s.a(lib_a-abort.o)
                0x00008260                abort
 .text.quorem   0x0000826e      0x118 c:/freescale/kds_v3/toolchain/bin/../lib/gcc/arm-none-eabi/4.8.4/../../../../arm-none-eabi/lib/armv6-m\libg_s.a(lib_a-dtoa.o)
 *fill*         0x00008386        0x2 
 .text._dtoa_r  0x00008388      0xbb8 c:/freescale/kds_v3/toolchain/bin/../lib/gcc/arm-none-eabi/4.8.4/../../../../arm-none-eabi/lib/armv6-m\libg_s.a(lib_a-dtoa.o)
                0x00008388                _dtoa_r
 .text.__sflush_r
                0x00008f40      0x112 c:/freescale/kds_v3/toolchain/bin/../lib/gcc/arm-none-eabi/4.8.4/../../../../arm-none-eabi/lib/armv6-m\libg_s.a(lib_a-fflush.o)
                0x00008f40                __sflush_r
 *fill*         0x00009052        0x2 
 .text._fflush_r
                0x00009054       0x58 c:/freescale/kds_v3/toolchain/bin/../lib/gcc/arm-none-eabi/4.8.4/../../../../arm-none-eabi/lib/armv6-m\libg_s.a(lib_a-fflush.o)
                0x00009054                _fflush_r
 .text._cleanup_r
                0x000090ac       0x34 c:/freescale/kds_v3/toolchain/bin/../lib/gcc/arm-none-eabi/4.8.4/../../../../arm-none-eabi/lib/armv6-m\libg_s.a(lib_a-findfp.o)
                0x000090ac                _cleanup_r
 .text.std.isra.0
                0x000090e0       0x48 c:/freescale/kds_v3/toolchain/bin/../lib/gcc/arm-none-eabi/4.8.4/../../../../arm-none-eabi/lib/armv6-m\libg_s.a(lib_a-findfp.o)
 .text.__sfmoreglue
                0x00009128       0x2c c:/freescale/kds_v3/toolchain/bin/../lib/gcc/arm-none-eabi/4.8.4/../../../../arm-none-eabi/lib/armv6-m\libg_s.a(lib_a-findfp.o)
                0x00009128                __sfmoreglue
 .text.__sinit  0x00009154       0x64 c:/freescale/kds_v3/toolchain/bin/../lib/gcc/arm-none-eabi/4.8.4/../../../../arm-none-eabi/lib/armv6-m\libg_s.a(lib_a-findfp.o)
                0x00009154                __sinit
 .text.__sfp    0x000091b8       0x7c c:/freescale/kds_v3/toolchain/bin/../lib/gcc/arm-none-eabi/4.8.4/../../../../arm-none-eabi/lib/armv6-m\libg_s.a(lib_a-findfp.o)
                0x000091b8                __sfp
 .text._localeconv_r
                0x00009234        0x8 c:/freescale/kds_v3/toolchain/bin/../lib/gcc/arm-none-eabi/4.8.4/../../../../arm-none-eabi/lib/armv6-m\libg_s.a(lib_a-locale.o)
                0x00009234                _localeconv_r
 .text.__smakebuf_r
                0x0000923c       0xa0 c:/freescale/kds_v3/toolchain/bin/../lib/gcc/arm-none-eabi/4.8.4/../../../../arm-none-eabi/lib/armv6-m\libg_s.a(lib_a-makebuf.o)
                0x0000923c                __smakebuf_r
 .text.memchr   0x000092dc       0x16 c:/freescale/kds_v3/toolchain/bin/../lib/gcc/arm-none-eabi/4.8.4/../../../../arm-none-eabi/lib/armv6-m\libg_s.a(lib_a-memchr-stub.o)
                0x000092dc                memchr
 .text.memmove  0x000092f2       0x32 c:/freescale/kds_v3/toolchain/bin/../lib/gcc/arm-none-eabi/4.8.4/../../../../arm-none-eabi/lib/armv6-m\libg_s.a(lib_a-memmove.o)
                0x000092f2                memmove
 .text._Balloc  0x00009324       0x70 c:/freescale/kds_v3/toolchain/bin/../lib/gcc/arm-none-eabi/4.8.4/../../../../arm-none-eabi/lib/armv6-m\libg_s.a(lib_a-mprec.o)
                0x00009324                _Balloc
 .text._Bfree   0x00009394       0x32 c:/freescale/kds_v3/toolchain/bin/../lib/gcc/arm-none-eabi/4.8.4/../../../../arm-none-eabi/lib/armv6-m\libg_s.a(lib_a-mprec.o)
                0x00009394                _Bfree
 .text.__multadd
                0x000093c6       0x7c c:/freescale/kds_v3/toolchain/bin/../lib/gcc/arm-none-eabi/4.8.4/../../../../arm-none-eabi/lib/armv6-m\libg_s.a(lib_a-mprec.o)
                0x000093c6                __multadd
 .text.__s2b    0x00009442       0x80 c:/freescale/kds_v3/toolchain/bin/../lib/gcc/arm-none-eabi/4.8.4/../../../../arm-none-eabi/lib/armv6-m\libg_s.a(lib_a-mprec.o)
                0x00009442                __s2b
 .text.__hi0bits
                0x000094c2       0x38 c:/freescale/kds_v3/toolchain/bin/../lib/gcc/arm-none-eabi/4.8.4/../../../../arm-none-eabi/lib/armv6-m\libg_s.a(lib_a-mprec.o)
                0x000094c2                __hi0bits
 .text.__lo0bits
                0x000094fa       0x5a c:/freescale/kds_v3/toolchain/bin/../lib/gcc/arm-none-eabi/4.8.4/../../../../arm-none-eabi/lib/armv6-m\libg_s.a(lib_a-mprec.o)
                0x000094fa                __lo0bits
 .text.__i2b    0x00009554       0x12 c:/freescale/kds_v3/toolchain/bin/../lib/gcc/arm-none-eabi/4.8.4/../../../../arm-none-eabi/lib/armv6-m\libg_s.a(lib_a-mprec.o)
                0x00009554                __i2b
 .text.__multiply
                0x00009566      0x11e c:/freescale/kds_v3/toolchain/bin/../lib/gcc/arm-none-eabi/4.8.4/../../../../arm-none-eabi/lib/armv6-m\libg_s.a(lib_a-mprec.o)
                0x00009566                __multiply
 .text.__pow5mult
                0x00009684       0xa4 c:/freescale/kds_v3/toolchain/bin/../lib/gcc/arm-none-eabi/4.8.4/../../../../arm-none-eabi/lib/armv6-m\libg_s.a(lib_a-mprec.o)
                0x00009684                __pow5mult
 .text.__lshift
                0x00009728       0xa4 c:/freescale/kds_v3/toolchain/bin/../lib/gcc/arm-none-eabi/4.8.4/../../../../arm-none-eabi/lib/armv6-m\libg_s.a(lib_a-mprec.o)
                0x00009728                __lshift
 .text.__mcmp   0x000097cc       0x36 c:/freescale/kds_v3/toolchain/bin/../lib/gcc/arm-none-eabi/4.8.4/../../../../arm-none-eabi/lib/armv6-m\libg_s.a(lib_a-mprec.o)
                0x000097cc                __mcmp
 .text.__mdiff  0x00009802       0xcc c:/freescale/kds_v3/toolchain/bin/../lib/gcc/arm-none-eabi/4.8.4/../../../../arm-none-eabi/lib/armv6-m\libg_s.a(lib_a-mprec.o)
                0x00009802                __mdiff
 *fill*         0x000098ce        0x2 
 .text.__ulp    0x000098d0       0x44 c:/freescale/kds_v3/toolchain/bin/../lib/gcc/arm-none-eabi/4.8.4/../../../../arm-none-eabi/lib/armv6-m\libg_s.a(lib_a-mprec.o)
                0x000098d0                __ulp
 .text.__b2d    0x00009914       0xa4 c:/freescale/kds_v3/toolchain/bin/../lib/gcc/arm-none-eabi/4.8.4/../../../../arm-none-eabi/lib/armv6-m\libg_s.a(lib_a-mprec.o)
                0x00009914                __b2d
 .text.__d2b    0x000099b8       0xb0 c:/freescale/kds_v3/toolchain/bin/../lib/gcc/arm-none-eabi/4.8.4/../../../../arm-none-eabi/lib/armv6-m\libg_s.a(lib_a-mprec.o)
                0x000099b8                __d2b
 .text.__ratio  0x00009a68       0x48 c:/freescale/kds_v3/toolchain/bin/../lib/gcc/arm-none-eabi/4.8.4/../../../../arm-none-eabi/lib/armv6-m\libg_s.a(lib_a-mprec.o)
                0x00009a68                __ratio
 .text.__copybits
                0x00009ab0       0x2c c:/freescale/kds_v3/toolchain/bin/../lib/gcc/arm-none-eabi/4.8.4/../../../../arm-none-eabi/lib/armv6-m\libg_s.a(lib_a-mprec.o)
                0x00009ab0                __copybits
 .text.__any_on
                0x00009adc       0x44 c:/freescale/kds_v3/toolchain/bin/../lib/gcc/arm-none-eabi/4.8.4/../../../../arm-none-eabi/lib/armv6-m\libg_s.a(lib_a-mprec.o)
                0x00009adc                __any_on
 .text._realloc_r
                0x00009b20       0x4c c:/freescale/kds_v3/toolchain/bin/../lib/gcc/arm-none-eabi/4.8.4/../../../../arm-none-eabi/lib/armv6-m\libg_s.a(lib_a-nano-reallocr.o)
                0x00009b20                _realloc_r
 .text.nanf     0x00009b6c        0x8 c:/freescale/kds_v3/toolchain/bin/../lib/gcc/arm-none-eabi/4.8.4/../../../../arm-none-eabi/lib/armv6-m\libg_s.a(lib_a-sf_nan.o)
                0x00009b6c                nanf
 .text._raise_r
                0x00009b74       0x56 c:/freescale/kds_v3/toolchain/bin/../lib/gcc/arm-none-eabi/4.8.4/../../../../arm-none-eabi/lib/armv6-m\libg_s.a(lib_a-signal.o)
                0x00009b74                _raise_r
 *fill*         0x00009bca        0x2 
 .text.raise    0x00009bcc       0x14 c:/freescale/kds_v3/toolchain/bin/../lib/gcc/arm-none-eabi/4.8.4/../../../../arm-none-eabi/lib/armv6-m\libg_s.a(lib_a-signal.o)
                0x00009bcc                raise
 .text._kill_r  0x00009be0       0x24 c:/freescale/kds_v3/toolchain/bin/../lib/gcc/arm-none-eabi/4.8.4/../../../../arm-none-eabi/lib/armv6-m\libg_s.a(lib_a-signalr.o)
                0x00009be0                _kill_r
 .text._getpid_r
                0x00009c04        0x8 c:/freescale/kds_v3/toolchain/bin/../lib/gcc/arm-none-eabi/4.8.4/../../../../arm-none-eabi/lib/armv6-m\libg_s.a(lib_a-signalr.o)
                0x00009c04                _getpid_r
 .text.sprintf  0x00009c0c       0x44 c:/freescale/kds_v3/toolchain/bin/../lib/gcc/arm-none-eabi/4.8.4/../../../../arm-none-eabi/lib/armv6-m\libg_s.a(lib_a-sprintf.o)
                0x00009c0c                siprintf
                0x00009c0c                sprintf
 .text.__sread  0x00009c50       0x28 c:/freescale/kds_v3/toolchain/bin/../lib/gcc/arm-none-eabi/4.8.4/../../../../arm-none-eabi/lib/armv6-m\libg_s.a(lib_a-stdio.o)
                0x00009c50                __sread
 .text.__swrite
                0x00009c78       0x38 c:/freescale/kds_v3/toolchain/bin/../lib/gcc/arm-none-eabi/4.8.4/../../../../arm-none-eabi/lib/armv6-m\libg_s.a(lib_a-stdio.o)
                0x00009c78                __swrite
 .text.__sseek  0x00009cb0       0x2c c:/freescale/kds_v3/toolchain/bin/../lib/gcc/arm-none-eabi/4.8.4/../../../../arm-none-eabi/lib/armv6-m\libg_s.a(lib_a-stdio.o)
                0x00009cb0                __sseek
 .text.__sclose
                0x00009cdc        0xc c:/freescale/kds_v3/toolchain/bin/../lib/gcc/arm-none-eabi/4.8.4/../../../../arm-none-eabi/lib/armv6-m\libg_s.a(lib_a-stdio.o)
                0x00009cdc                __sclose
 .text.match    0x00009ce8       0x28 c:/freescale/kds_v3/toolchain/bin/../lib/gcc/arm-none-eabi/4.8.4/../../../../arm-none-eabi/lib/armv6-m\libg_s.a(lib_a-strtod.o)
 .text.unlikely.sulp
                0x00009d10       0x2c c:/freescale/kds_v3/toolchain/bin/../lib/gcc/arm-none-eabi/4.8.4/../../../../arm-none-eabi/lib/armv6-m\libg_s.a(lib_a-strtod.o)
 *fill*         0x00009d3c        0x4 
 .text._strtod_r
                0x00009d40      0xc50 c:/freescale/kds_v3/toolchain/bin/../lib/gcc/arm-none-eabi/4.8.4/../../../../arm-none-eabi/lib/armv6-m\libg_s.a(lib_a-strtod.o)
                0x00009d40                _strtod_r
 .text._strtol_r
                0x0000a990      0x114 c:/freescale/kds_v3/toolchain/bin/../lib/gcc/arm-none-eabi/4.8.4/../../../../arm-none-eabi/lib/armv6-m\libg_s.a(lib_a-strtol.o)
                0x0000a990                _strtol_r
 .text.__ssputs_r
                0x0000aaa4       0xc0 c:/freescale/kds_v3/toolchain/bin/../lib/gcc/arm-none-eabi/4.8.4/../../../../arm-none-eabi/lib/armv6-m\libg_s.a(lib_a-svfprintf.o)
                0x0000aaa4                __ssputs_r
 .text._svfprintf_r
                0x0000ab64      0x1e0 c:/freescale/kds_v3/toolchain/bin/../lib/gcc/arm-none-eabi/4.8.4/../../../../arm-none-eabi/lib/armv6-m\libg_s.a(lib_a-svfprintf.o)
                0x0000ab64                _svfiprintf_r
                0x0000ab64                _svfprintf_r
 .text._write_r
                0x0000ad44       0x28 c:/freescale/kds_v3/toolchain/bin/../lib/gcc/arm-none-eabi/4.8.4/../../../../arm-none-eabi/lib/armv6-m\libg_s.a(lib_a-writer.o)
                0x0000ad44                _write_r
 .text._close_r
                0x0000ad6c       0x24 c:/freescale/kds_v3/toolchain/bin/../lib/gcc/arm-none-eabi/4.8.4/../../../../arm-none-eabi/lib/armv6-m\libg_s.a(lib_a-closer.o)
                0x0000ad6c                _close_r
 .text._fstat_r
                0x0000ad90       0x24 c:/freescale/kds_v3/toolchain/bin/../lib/gcc/arm-none-eabi/4.8.4/../../../../arm-none-eabi/lib/armv6-m\libg_s.a(lib_a-fstatr.o)
                0x0000ad90                _fstat_r
 .text.rshift   0x0000adb4       0x6c c:/freescale/kds_v3/toolchain/bin/../lib/gcc/arm-none-eabi/4.8.4/../../../../arm-none-eabi/lib/armv6-m\libg_s.a(lib_a-gdtoa-gethex.o)
 .text.__hexdig_fun
                0x0000ae20       0x2a c:/freescale/kds_v3/toolchain/bin/../lib/gcc/arm-none-eabi/4.8.4/../../../../arm-none-eabi/lib/armv6-m\libg_s.a(lib_a-gdtoa-gethex.o)
                0x0000ae20                __hexdig_fun
 .text.__gethex
                0x0000ae4a      0x43c c:/freescale/kds_v3/toolchain/bin/../lib/gcc/arm-none-eabi/4.8.4/../../../../arm-none-eabi/lib/armv6-m\libg_s.a(lib_a-gdtoa-gethex.o)
                0x0000ae4a                __gethex
 .text.L_shift  0x0000b286       0x24 c:/freescale/kds_v3/toolchain/bin/../lib/gcc/arm-none-eabi/4.8.4/../../../../arm-none-eabi/lib/armv6-m\libg_s.a(lib_a-gdtoa-hexnan.o)
 .text.__hexnan
                0x0000b2aa      0x132 c:/freescale/kds_v3/toolchain/bin/../lib/gcc/arm-none-eabi/4.8.4/../../../../arm-none-eabi/lib/armv6-m\libg_s.a(lib_a-gdtoa-hexnan.o)
                0x0000b2aa                __hexnan
 .text._isatty_r
                0x0000b3dc       0x24 c:/freescale/kds_v3/toolchain/bin/../lib/gcc/arm-none-eabi/4.8.4/../../../../arm-none-eabi/lib/armv6-m\libg_s.a(lib_a-isattyr.o)
                0x0000b3dc                _isatty_r
 .text._lseek_r
                0x0000b400       0x28 c:/freescale/kds_v3/toolchain/bin/../lib/gcc/arm-none-eabi/4.8.4/../../../../arm-none-eabi/lib/armv6-m\libg_s.a(lib_a-lseekr.o)
                0x0000b400                _lseek_r
 .text._malloc_usable_size_r
                0x0000b428       0x12 c:/freescale/kds_v3/toolchain/bin/../lib/gcc/arm-none-eabi/4.8.4/../../../../arm-none-eabi/lib/armv6-m\libg_s.a(lib_a-nano-msizer.o)
                0x0000b428                _malloc_usable_size_r
 *fill*         0x0000b43a        0x2 
 .text._read_r  0x0000b43c       0x28 c:/freescale/kds_v3/toolchain/bin/../lib/gcc/arm-none-eabi/4.8.4/../../../../arm-none-eabi/lib/armv6-m\libg_s.a(lib_a-readr.o)
                0x0000b43c                _read_r
 .text.strncmp  0x0000b464       0x2c c:/freescale/kds_v3/toolchain/bin/../lib/gcc/arm-none-eabi/4.8.4/../../../../arm-none-eabi/lib/armv6-m\libg_s.a(lib_a-strncmp.o)
                0x0000b464                strncmp
 .text._close   0x0000b490       0x10 c:/freescale/kds_v3/toolchain/bin/../lib/gcc/arm-none-eabi/4.8.4/../../../../arm-none-eabi/lib/armv6-m\libnosys.a(close.o)
                0x0000b490                _close
 .text._fstat   0x0000b4a0       0x10 c:/freescale/kds_v3/toolchain/bin/../lib/gcc/arm-none-eabi/4.8.4/../../../../arm-none-eabi/lib/armv6-m\libnosys.a(fstat.o)
                0x0000b4a0                _fstat
 .text._getpid  0x0000b4b0       0x10 c:/freescale/kds_v3/toolchain/bin/../lib/gcc/arm-none-eabi/4.8.4/../../../../arm-none-eabi/lib/armv6-m\libnosys.a(getpid.o)
                0x0000b4b0                _getpid
 .text._isatty  0x0000b4c0       0x10 c:/freescale/kds_v3/toolchain/bin/../lib/gcc/arm-none-eabi/4.8.4/../../../../arm-none-eabi/lib/armv6-m\libnosys.a(isatty.o)
                0x0000b4c0                _isatty
 .text._kill    0x0000b4d0       0x10 c:/freescale/kds_v3/toolchain/bin/../lib/gcc/arm-none-eabi/4.8.4/../../../../arm-none-eabi/lib/armv6-m\libnosys.a(kill.o)
                0x0000b4d0                _kill
 .text._lseek   0x0000b4e0       0x10 c:/freescale/kds_v3/toolchain/bin/../lib/gcc/arm-none-eabi/4.8.4/../../../../arm-none-eabi/lib/armv6-m\libnosys.a(lseek.o)
                0x0000b4e0                _lseek
 .text._exit    0x0000b4f0        0x4 c:/freescale/kds_v3/toolchain/bin/../lib/gcc/arm-none-eabi/4.8.4/../../../../arm-none-eabi/lib/armv6-m\libnosys.a(_exit.o)
                0x0000b4f0                _exit
 *(.rodata)
 .rodata        0x0000b4f4       0x48 ./Sources/sensor.o
 .rodata        0x0000b53c        0xc ./SDK/platform/utilities/src/fsl_debug_console.o
 .rodata        0x0000b548      0x21c ./SDK/platform/system/src/clock/MKL26Z4/fsl_clock_MKL26Z4.o
 .rodata        0x0000b764       0x64 ./SDK/platform/osa/src/fsl_os_abstraction_bm.o
 .rodata        0x0000b7c8      0x12c ./SDK/platform/drivers/src/uart/fsl_uart_driver.o
 .rodata        0x0000b8f4       0x2c ./Generated_Code/osa1.o
 .rodata        0x0000b920       0x54 ./Generated_Code/pin_init.o
 .rodata        0x0000b974       0x40 c:/freescale/kds_v3/toolchain/bin/../lib/gcc/arm-none-eabi/4.8.4/armv6-m\libgcc.a(divdf3.o)
 .rodata        0x0000b9b4       0x40 c:/freescale/kds_v3/toolchain/bin/../lib/gcc/arm-none-eabi/4.8.4/armv6-m\libgcc.a(muldf3.o)
 *(.rodata*)
 .rodata._doprint
                0x0000b9f4       0xc8 ./SDK/platform/utilities/src/print_scan.o
 .rodata.uartGateTable
                0x0000babc        0x4 ./SDK/platform/system/src/clock/MKL26Z4/fsl_clock_MKL26Z4.o
 .rodata.__func__.6553
                0x0000bac0       0x1c ./SDK/platform/system/src/clock/MKL26Z4/fsl_clock_MKL26Z4.o
 .rodata.__func__.6558
                0x0000badc       0x1c ./SDK/platform/system/src/clock/MKL26Z4/fsl_clock_MKL26Z4.o
 .rodata.__func__.6562
                0x0000baf8       0x1c ./SDK/platform/system/src/clock/MKL26Z4/fsl_clock_MKL26Z4.o
 .rodata.__func__.6566
                0x0000bb14       0x1c ./SDK/platform/system/src/clock/MKL26Z4/fsl_clock_MKL26Z4.o
 .rodata.g_oscBase
                0x0000bb30        0x4 ./SDK/platform/system/src/clock/fsl_clock_manager_common.o
                0x0000bb30                g_oscBase
 .rodata.__func__.6519
                0x0000bb34       0x10 ./SDK/platform/osa/src/fsl_os_abstraction_bm.o
 .rodata.__func__.6525
                0x0000bb44       0x10 ./SDK/platform/osa/src/fsl_os_abstraction_bm.o
 .rodata.__func__.6529
                0x0000bb54       0x10 ./SDK/platform/osa/src/fsl_os_abstraction_bm.o
 .rodata.__func__.6533
                0x0000bb64       0x10 ./SDK/platform/osa/src/fsl_os_abstraction_bm.o
 .rodata.fllFactorTable.5355
                0x0000bb74       0x10 ./SDK/platform/hal/src/mcg/fsl_mcg_hal.o
 .rodata.g_uartBase
                0x0000bb84        0xc ./SDK/platform/drivers/src/uart/fsl_uart_common.o
                0x0000bb84                g_uartBase
 .rodata.__func__.6939
                0x0000bb90       0x10 ./SDK/platform/drivers/src/uart/fsl_uart_driver.o
 .rodata.__func__.6912
                0x0000bba0       0x14 ./SDK/platform/drivers/src/uart/fsl_uart_driver.o
 .rodata.__func__.6945
                0x0000bbb4       0x10 ./SDK/platform/drivers/src/uart/fsl_uart_driver.o
 .rodata.__func__.6916
                0x0000bbc4       0x14 ./SDK/platform/drivers/src/uart/fsl_uart_driver.o
 .rodata.__func__.6958
                0x0000bbd8       0x1c ./SDK/platform/drivers/src/uart/fsl_uart_driver.o
 .rodata.__func__.6977
                0x0000bbf4       0x1c ./SDK/platform/drivers/src/uart/fsl_uart_driver.o
 .rodata.__func__.7011
                0x0000bc10       0x20 ./SDK/platform/drivers/src/uart/fsl_uart_driver.o
 .rodata.__func__.7051
                0x0000bc30       0x1c ./SDK/platform/drivers/src/uart/fsl_uart_driver.o
 .rodata.__func__.7059
                0x0000bc4c       0x18 ./SDK/platform/drivers/src/uart/fsl_uart_driver.o
 .rodata.__func__.7065
                0x0000bc64       0x20 ./SDK/platform/drivers/src/uart/fsl_uart_driver.o
 .rodata.__func__.7073
                0x0000bc84       0x1c ./SDK/platform/drivers/src/uart/fsl_uart_driver.o
 .rodata.__func__.7441
                0x0000bca0       0x10 ./Generated_Code/osa1.o
 .rodata.__func__.5130
                0x0000bcb0       0x14 ./Generated_Code/pin_init.o
 .rodata.uart_xb_InitConfig0
                0x0000bcc4        0x8 ./Generated_Code/uart_xb.o
                0x0000bcc4                uart_xb_InitConfig0
 .rodata.str1.1
                0x0000bccc       0x3c c:/freescale/kds_v3/toolchain/bin/../lib/gcc/arm-none-eabi/4.8.4/../../../../arm-none-eabi/lib/armv6-m\libg_s.a(lib_a-assert.o)
                                 0x3d (size before relaxing)
 .rodata.str1.1
                0x0000bd08        0x2 c:/freescale/kds_v3/toolchain/bin/../lib/gcc/arm-none-eabi/4.8.4/../../../../arm-none-eabi/lib/armv6-m\libg_s.a(lib_a-impure.o)
 *fill*         0x0000bd0a        0x2 
 .rodata._global_impure_ptr
                0x0000bd0c        0x4 c:/freescale/kds_v3/toolchain/bin/../lib/gcc/arm-none-eabi/4.8.4/../../../../arm-none-eabi/lib/armv6-m\libg_s.a(lib_a-impure.o)
                0x0000bd0c                _global_impure_ptr
 .rodata.str1.1
                0x0000bd10       0x11 c:/freescale/kds_v3/toolchain/bin/../lib/gcc/arm-none-eabi/4.8.4/../../../../arm-none-eabi/lib/armv6-m\libg_s.a(lib_a-vfprintf.o)
 .rodata.str1.1
                0x0000bd21       0x12 c:/freescale/kds_v3/toolchain/bin/../lib/gcc/arm-none-eabi/4.8.4/../../../../arm-none-eabi/lib/armv6-m\libg_s.a(lib_a-vfprintf_float.o)
 .rodata.str1.1
                0x0000bd33       0x22 c:/freescale/kds_v3/toolchain/bin/../lib/gcc/arm-none-eabi/4.8.4/../../../../arm-none-eabi/lib/armv6-m\libg_s.a(lib_a-vfprintf_i.o)
 .rodata.str1.1
                0x0000bd55        0x5 c:/freescale/kds_v3/toolchain/bin/../lib/gcc/arm-none-eabi/4.8.4/../../../../arm-none-eabi/lib/armv6-m\libg_s.a(lib_a-vfscanf_float.o)
 .rodata.str1.1
                0x0000bd5a        0xd c:/freescale/kds_v3/toolchain/bin/../lib/gcc/arm-none-eabi/4.8.4/../../../../arm-none-eabi/lib/armv6-m\libg_s.a(lib_a-dtoa.o)
                                  0xf (size before relaxing)
 *fill*         0x0000bd67        0x1 
 .rodata.__sf_fake_stdin
                0x0000bd68       0x20 c:/freescale/kds_v3/toolchain/bin/../lib/gcc/arm-none-eabi/4.8.4/../../../../arm-none-eabi/lib/armv6-m\libg_s.a(lib_a-findfp.o)
                0x0000bd68                __sf_fake_stdin
 .rodata.__sf_fake_stdout
                0x0000bd88       0x20 c:/freescale/kds_v3/toolchain/bin/../lib/gcc/arm-none-eabi/4.8.4/../../../../arm-none-eabi/lib/armv6-m\libg_s.a(lib_a-findfp.o)
                0x0000bd88                __sf_fake_stdout
 .rodata.__sf_fake_stderr
                0x0000bda8       0x20 c:/freescale/kds_v3/toolchain/bin/../lib/gcc/arm-none-eabi/4.8.4/../../../../arm-none-eabi/lib/armv6-m\libg_s.a(lib_a-findfp.o)
                0x0000bda8                __sf_fake_stderr
 .rodata.str1.1
                0x0000bdc8        0x8 c:/freescale/kds_v3/toolchain/bin/../lib/gcc/arm-none-eabi/4.8.4/../../../../arm-none-eabi/lib/armv6-m\libg_s.a(lib_a-locale.o)
                                  0xb (size before relaxing)
 .rodata.__mprec_tens
                0x0000bdd0       0xc8 c:/freescale/kds_v3/toolchain/bin/../lib/gcc/arm-none-eabi/4.8.4/../../../../arm-none-eabi/lib/armv6-m\libg_s.a(lib_a-mprec.o)
                0x0000bdd0                __mprec_tens
 .rodata.__mprec_bigtens
                0x0000be98       0x28 c:/freescale/kds_v3/toolchain/bin/../lib/gcc/arm-none-eabi/4.8.4/../../../../arm-none-eabi/lib/armv6-m\libg_s.a(lib_a-mprec.o)
                0x0000be98                __mprec_bigtens
 .rodata.p05.5281
                0x0000bec0        0xc c:/freescale/kds_v3/toolchain/bin/../lib/gcc/arm-none-eabi/4.8.4/../../../../arm-none-eabi/lib/armv6-m\libg_s.a(lib_a-mprec.o)
 *fill*         0x0000becc        0x4 
 .rodata.tinytens
                0x0000bed0       0x28 c:/freescale/kds_v3/toolchain/bin/../lib/gcc/arm-none-eabi/4.8.4/../../../../arm-none-eabi/lib/armv6-m\libg_s.a(lib_a-strtod.o)
 .rodata.fpi.5246
                0x0000bef8       0x14 c:/freescale/kds_v3/toolchain/bin/../lib/gcc/arm-none-eabi/4.8.4/../../../../arm-none-eabi/lib/armv6-m\libg_s.a(lib_a-strtod.o)
 .rodata.str1.1
                0x00000000        0x8 c:/freescale/kds_v3/toolchain/bin/../lib/gcc/arm-none-eabi/4.8.4/../../../../arm-none-eabi/lib/armv6-m\libg_s.a(lib_a-strtod.o)
                                  0xc (size before relaxing)
 .rodata.fpinan.5282
                0x0000bf0c       0x14 c:/freescale/kds_v3/toolchain/bin/../lib/gcc/arm-none-eabi/4.8.4/../../../../arm-none-eabi/lib/armv6-m\libg_s.a(lib_a-strtod.o)
 .rodata.str1.1
                0x00000000       0x11 c:/freescale/kds_v3/toolchain/bin/../lib/gcc/arm-none-eabi/4.8.4/../../../../arm-none-eabi/lib/armv6-m\libg_s.a(lib_a-svfprintf.o)
 .rodata._ctype_
                0x0000bf20      0x101 c:/freescale/kds_v3/toolchain/bin/../lib/gcc/arm-none-eabi/4.8.4/../../../../arm-none-eabi/lib/armv6-m\libg_s.a(lib_a-ctype_.o)
                0x0000bf20                _ctype_
 *(.glue_7)
 .glue_7        0x00000000        0x0 linker stubs
 *(.glue_7t)
 .glue_7t       0x00000000        0x0 linker stubs
 *(.eh_frame)
 *fill*         0x0000c021        0x3 
 .eh_frame      0x0000c024        0x0 c:/freescale/kds_v3/toolchain/bin/../lib/gcc/arm-none-eabi/4.8.4/armv6-m/crtbegin.o
 *(.init)
 .init          0x0000c024        0x4 c:/freescale/kds_v3/toolchain/bin/../lib/gcc/arm-none-eabi/4.8.4/armv6-m/crti.o
                0x0000c024                _init
 .init          0x0000c028        0x8 c:/freescale/kds_v3/toolchain/bin/../lib/gcc/arm-none-eabi/4.8.4/armv6-m/crtn.o
 *(.fini)
 .fini          0x0000c030        0x4 c:/freescale/kds_v3/toolchain/bin/../lib/gcc/arm-none-eabi/4.8.4/armv6-m/crti.o
                0x0000c030                _fini
 .fini          0x0000c034        0x8 c:/freescale/kds_v3/toolchain/bin/../lib/gcc/arm-none-eabi/4.8.4/armv6-m/crtn.o
                0x0000c03c                . = ALIGN (0x4)

.vfp11_veneer   0x0000c03c        0x0
 .vfp11_veneer  0x00000000        0x0 linker stubs

.v4_bx          0x0000c03c        0x0
 .v4_bx         0x00000000        0x0 linker stubs

.iplt           0x0000c03c        0x0
 .iplt          0x00000000        0x0 c:/freescale/kds_v3/toolchain/bin/../lib/gcc/arm-none-eabi/4.8.4/armv6-m/crtbegin.o

.ARM.extab
 *(.ARM.extab* .gnu.linkonce.armextab.*)

.ARM            0x0000c03c        0x8
                0x0000c03c                __exidx_start = .
 *(.ARM.exidx*)
 .ARM.exidx     0x0000c03c        0x8 c:/freescale/kds_v3/toolchain/bin/../lib/gcc/arm-none-eabi/4.8.4/../../../../arm-none-eabi/lib/armv6-m/crt0.o
 .ARM.exidx     0x0000c044        0x0 c:/freescale/kds_v3/toolchain/bin/../lib/gcc/arm-none-eabi/4.8.4/armv6-m\libgcc.a(_divdi3.o)
                                  0x8 (size before relaxing)
 .ARM.exidx     0x0000c044        0x0 c:/freescale/kds_v3/toolchain/bin/../lib/gcc/arm-none-eabi/4.8.4/armv6-m\libgcc.a(_udivdi3.o)
                                  0x8 (size before relaxing)
                0x0000c044                __exidx_end = .

.rel.dyn        0x0000c044        0x0
 .rel.iplt      0x00000000        0x0 c:/freescale/kds_v3/toolchain/bin/../lib/gcc/arm-none-eabi/4.8.4/armv6-m/crtbegin.o

.ctors          0x0000c044        0x0
                0x0000c044                __CTOR_LIST__ = .
 *crtbegin.o(.ctors)
 *crtbegin?.o(.ctors)
 *(EXCLUDE_FILE(*crtend.o *crtend?.o) .ctors)
 *(SORT(.ctors.*))
 *(.ctors)
                0x0000c044                __CTOR_END__ = .

.dtors          0x0000c044        0x0
                0x0000c044                __DTOR_LIST__ = .
 *crtbegin.o(.dtors)
 *crtbegin?.o(.dtors)
 *(EXCLUDE_FILE(*crtend.o *crtend?.o) .dtors)
 *(SORT(.dtors.*))
 *(.dtors)
                0x0000c044                __DTOR_END__ = .

.preinit_array  0x0000c044        0x0
                0x0000c044                PROVIDE (__preinit_array_start, .)
 *(.preinit_array*)
                0x0000c044                PROVIDE (__preinit_array_end, .)

.init_array     0x0000c044        0x4
                0x0000c044                PROVIDE (__init_array_start, .)
 *(SORT(.init_array.*))
 *(.init_array*)
 .init_array    0x0000c044        0x4 c:/freescale/kds_v3/toolchain/bin/../lib/gcc/arm-none-eabi/4.8.4/armv6-m/crtbegin.o
                0x0000c048                PROVIDE (__init_array_end, .)

.fini_array     0x0000c048        0x4
                0x0000c048                PROVIDE (__fini_array_start, .)
 *(SORT(.fini_array.*))
 *(.fini_array*)
 .fini_array    0x0000c048        0x4 c:/freescale/kds_v3/toolchain/bin/../lib/gcc/arm-none-eabi/4.8.4/armv6-m/crtbegin.o
                0x0000c04c                PROVIDE (__fini_array_end, .)
                0x0000c04c                __etext = .
                0x0000c04c                __DATA_ROM = .

.mtb            0x1ffff200        0x0
                0x1ffff200                . = ALIGN (0x8)
                0x1ffff200                _mtb_start = .
 *(.mtb_buf)
                0x1ffff200                . = ALIGN (0x8)
                0x1ffff200                _mtb_end = .

.data           0x1ffff200       0xc0 load address 0x0000c04c
                0x1ffff200                . = ALIGN (0x4)
                0x1ffff200                __DATA_RAM = .
                0x1ffff200                __data_start__ = .
 *(.data)
 *(.data*)
 .data.sink_address
                0x1ffff200        0x8 ./Sources/app.o
                0x1ffff200                sink_address
 .data.g_fastInternalRefClkFreq
                0x1ffff208        0x4 ./SDK/platform/hal/src/mcg/fsl_mcg_hal.o
                0x1ffff208                g_fastInternalRefClkFreq
 .data.g_slowInternalRefClkFreq
                0x1ffff20c        0x4 ./SDK/platform/hal/src/mcg/fsl_mcg_hal.o
                0x1ffff20c                g_slowInternalRefClkFreq
 .data.g_uartRxTxIrqId
                0x1ffff210        0x4 ./SDK/platform/drivers/src/uart/fsl_uart_common.o
                0x1ffff210                g_uartRxTxIrqId
 .data.uart_Config
                0x1ffff214        0x8 ./Generated_Code/uartCom1.o
                0x1ffff214                uart_Config
 .data.impure_data
                0x1ffff21c       0x60 c:/freescale/kds_v3/toolchain/bin/../lib/gcc/arm-none-eabi/4.8.4/../../../../arm-none-eabi/lib/armv6-m\libg_s.a(lib_a-impure.o)
 .data._impure_ptr
                0x1ffff27c        0x4 c:/freescale/kds_v3/toolchain/bin/../lib/gcc/arm-none-eabi/4.8.4/../../../../arm-none-eabi/lib/armv6-m\libg_s.a(lib_a-impure.o)
                0x1ffff27c                _impure_ptr
 .data.lconv    0x1ffff280       0x38 c:/freescale/kds_v3/toolchain/bin/../lib/gcc/arm-none-eabi/4.8.4/../../../../arm-none-eabi/lib/armv6-m\libg_s.a(lib_a-locale.o)
 .data.__ctype_ptr__
                0x1ffff2b8        0x4 c:/freescale/kds_v3/toolchain/bin/../lib/gcc/arm-none-eabi/4.8.4/../../../../arm-none-eabi/lib/armv6-m\libg_s.a(lib_a-ctype_.o)
                0x1ffff2b8                __ctype_ptr__
 *(.jcr*)
 .jcr           0x1ffff2bc        0x0 c:/freescale/kds_v3/toolchain/bin/../lib/gcc/arm-none-eabi/4.8.4/armv6-m/crtbegin.o
 .jcr           0x1ffff2bc        0x4 c:/freescale/kds_v3/toolchain/bin/../lib/gcc/arm-none-eabi/4.8.4/armv6-m/crtend.o
                0x1ffff2c0                . = ALIGN (0x4)
                0x1ffff2c0                __data_end__ = .
                0x0000c10c                __DATA_END = (__DATA_ROM + (__data_end__ - __data_start__))

.igot.plt       0x1ffff2c0        0x0 load address 0x0000c10c
 .igot.plt      0x00000000        0x0 c:/freescale/kds_v3/toolchain/bin/../lib/gcc/arm-none-eabi/4.8.4/armv6-m/crtbegin.o

.m_interrupts_ram
                0x1ffff000      0x200
                0x1ffff000                . = ALIGN (0x4)
                0x1ffff000                __m_interrupts_ram_RAMStart = .
 *(.m_interrupts_ram)
                0x1ffff200                . = (. + 0x200)
 *fill*         0x1ffff000      0x200 
                0x1ffff200                __m_interrupts_ram_RAMEnd = .
                0x1ffff200                . = ALIGN (0x4)
                0x00000200                __m_interrupts_ram_ROMSize = (__m_interrupts_ram_RAMEnd - __m_interrupts_ram_RAMStart)
                0x00000200                __RAM_VECTOR_TABLE_SIZE_BYTES = (__m_interrupts_ram_RAMEnd - __m_interrupts_ram_RAMStart)
                0x00020000                text_end = (ORIGIN (m_text) + 0x1fbf0)
                0x0000c10c                data_init_end = (__DATA_ROM + SIZEOF (.data))
                0x00000001                ASSERT ((data_init_end <= text_end), region m_text overflowed with text and data)

.bss            0x1ffff2c0      0x1d4 load address 0x0000c10c
                0x1ffff2c0                . = ALIGN (0x4)
                0x1ffff2c0                __START_BSS = .
                0x1ffff2c0                __bss_start__ = .
 *(.bss)
 .bss           0x1ffff2c0       0x1c c:/freescale/kds_v3/toolchain/bin/../lib/gcc/arm-none-eabi/4.8.4/armv6-m/crtbegin.o
 *(.bss*)
 .bss.s_debugConsole
                0x1ffff2dc       0x10 ./SDK/platform/utilities/src/fsl_debug_console.o
 .bss.heap_end.5138
                0x1ffff2ec        0x4 ./SDK/platform/utilities/src/fsl_misc_utilities.o
 .bss.g_interruptDisableCount
                0x1ffff2f0        0x4 ./SDK/platform/system/src/interrupt/fsl_interrupt_manager.o
                0x1ffff2f0                g_interruptDisableCount
 .bss.g_curTask
                0x1ffff2f4        0x4 ./SDK/platform/osa/src/fsl_os_abstraction_bm.o
 .bss.g_taskControlBlockPool
                0x1ffff2f8       0x50 ./SDK/platform/osa/src/fsl_os_abstraction_bm.o
 .bss.g_freeTaskControlBlock
                0x1ffff348        0x4 ./SDK/platform/osa/src/fsl_os_abstraction_bm.o
 .bss.g_taskListHead
                0x1ffff34c       0x10 ./SDK/platform/osa/src/fsl_os_abstraction_bm.o
 .bss.g_uartStatePtr
                0x1ffff35c        0xc ./SDK/platform/drivers/src/uart/fsl_uart_common.o
                0x1ffff35c                g_uartStatePtr
 .bss.SwTimerIsrCounter
                0x1ffff368        0x2 ./Generated_Code/osa1.o
 *fill*         0x1ffff36a        0x2 
 .bss.__malloc_sbrk_start
                0x1ffff36c        0x4 c:/freescale/kds_v3/toolchain/bin/../lib/gcc/arm-none-eabi/4.8.4/../../../../arm-none-eabi/lib/armv6-m\libg_s.a(lib_a-nano-mallocr.o)
                0x1ffff36c                __malloc_sbrk_start
 .bss.__malloc_free_list
                0x1ffff370        0x4 c:/freescale/kds_v3/toolchain/bin/../lib/gcc/arm-none-eabi/4.8.4/../../../../arm-none-eabi/lib/armv6-m\libg_s.a(lib_a-nano-mallocr.o)
                0x1ffff370                __malloc_free_list
 *(COMMON)
 COMMON         0x1ffff374       0x40 ./Sources/1wire/uart.o
                0x1ffff374                uart_State
 COMMON         0x1ffff3b4       0x89 ./Sources/Events.o
                0x1ffff3b4                fifo_xbee
                0x1ffff43c                xb_rxBuff
 *fill*         0x1ffff43d        0x3 
 COMMON         0x1ffff440        0x6 ./Sources/app.o
                0x1ffff440                temp
                0x1ffff444                last_command
 *fill*         0x1ffff446        0x2 
 COMMON         0x1ffff448        0x8 ./SDK/platform/hal/src/mcg/fsl_mcg_hal.o
                0x1ffff448                g_xtal0ClkFreq
                0x1ffff44c                g_xtalRtcClkFreq
 COMMON         0x1ffff450       0x40 ./Generated_Code/uart_xb.o
                0x1ffff450                uart_xb_State
 COMMON         0x1ffff490        0x4 c:/freescale/kds_v3/toolchain/bin/../lib/gcc/arm-none-eabi/4.8.4/../../../../arm-none-eabi/lib/armv6-m\libg_s.a(lib_a-reent.o)
                0x1ffff490                errno
                0x1ffff494                . = ALIGN (0x4)
                0x1ffff494                __bss_end__ = .
                0x1ffff494                __END_BSS = .

.heap           0x1ffff494        0x4 load address 0x0000c2e0
                0x1ffff498                . = ALIGN (0x8)
 *fill*         0x1ffff494        0x4 
                0x1ffff498                __end__ = .
                0x1ffff498                PROVIDE (end, .)
                0x1ffff498                __HeapBase = .
                0x1ffff498                . = (. + HEAP_SIZE)
                0x1ffff498                __HeapLimit = .

.stack          0x1ffff498      0x400 load address 0x0000c2e4
                0x1ffff498                . = ALIGN (0x8)
                0x1ffff898                . = (. + STACK_SIZE)
 *fill*         0x1ffff498      0x400 
                0x20003000                __StackTop = (ORIGIN (m_data) + 0x3e00)
                0x20002c00                __StackLimit = (__StackTop - STACK_SIZE)
                0x20003000                PROVIDE (__stack, __StackTop)

.ARM.attributes
                0x00000000       0x28
 *(.ARM.attributes)
 .ARM.attributes
                0x00000000       0x1e c:/freescale/kds_v3/toolchain/bin/../lib/gcc/arm-none-eabi/4.8.4/armv6-m/crti.o
 .ARM.attributes
                0x0000001e       0x2c c:/freescale/kds_v3/toolchain/bin/../lib/gcc/arm-none-eabi/4.8.4/armv6-m/crtbegin.o
 .ARM.attributes
                0x0000004a       0x1b c:/freescale/kds_v3/toolchain/bin/../lib/gcc/arm-none-eabi/4.8.4/../../../../arm-none-eabi/lib/armv6-m/crt0.o
 .ARM.attributes
                0x00000065       0x32 ./Static_Code/System/PE_low_level_init.o
 .ARM.attributes
                0x00000097       0x32 ./Sources/1wire/onewire.o
 .ARM.attributes
                0x000000c9       0x32 ./Sources/1wire/uart.o
 .ARM.attributes
                0x000000fb       0x32 ./Sources/Events.o
 .ARM.attributes
                0x0000012d       0x32 ./Sources/Xbee_Driver.o
 .ARM.attributes
                0x0000015f       0x32 ./Sources/app.o
 .ARM.attributes
                0x00000191       0x32 ./Sources/fifo_buffer.o
 .ARM.attributes
                0x000001c3       0x32 ./Sources/iSerre-SN.o
 .ARM.attributes
                0x000001f5       0x32 ./Sources/main.o
 .ARM.attributes
                0x00000227       0x32 ./Sources/sensor.o
 .ARM.attributes
                0x00000259       0x32 ./SDK/platform/utilities/src/fsl_debug_console.o
 .ARM.attributes
                0x0000028b       0x32 ./SDK/platform/utilities/src/fsl_misc_utilities.o
 .ARM.attributes
                0x000002bd       0x32 ./SDK/platform/utilities/src/print_scan.o
 .ARM.attributes
                0x000002ef       0x32 ./SDK/platform/system/src/interrupt/fsl_interrupt_manager.o
 .ARM.attributes
                0x00000321       0x32 ./SDK/platform/system/src/clock/MKL26Z4/fsl_clock_MKL26Z4.o
 .ARM.attributes
                0x00000353       0x32 ./SDK/platform/system/src/clock/fsl_clock_manager.o
 .ARM.attributes
                0x00000385       0x32 ./SDK/platform/system/src/clock/fsl_clock_manager_common.o
 .ARM.attributes
                0x000003b7       0x32 ./SDK/platform/osa/src/fsl_os_abstraction_bm.o
 .ARM.attributes
                0x000003e9       0x32 ./SDK/platform/hal/src/uart/fsl_uart_hal.o
 .ARM.attributes
                0x0000041b       0x32 ./SDK/platform/hal/src/mcg/fsl_mcg_hal.o
 .ARM.attributes
                0x0000044d       0x32 ./SDK/platform/hal/src/lpsci/fsl_lpsci_hal.o
 .ARM.attributes
                0x0000047f       0x32 ./SDK/platform/drivers/src/uart/fsl_uart_common.o
 .ARM.attributes
                0x000004b1       0x32 ./SDK/platform/drivers/src/uart/fsl_uart_driver.o
 .ARM.attributes
                0x000004e3       0x1b ./SDK/platform/devices/MKL26Z4/startup/gcc/startup_MKL26Z4.o
 .ARM.attributes
                0x000004fe       0x32 ./SDK/platform/devices/MKL26Z4/startup/system_MKL26Z4.o
 .ARM.attributes
                0x00000530       0x32 ./SDK/platform/devices/startup.o
 .ARM.attributes
                0x00000562       0x32 ./Generated_Code/Cpu.o
 .ARM.attributes
                0x00000594       0x32 ./Generated_Code/hardware_init.o
 .ARM.attributes
                0x000005c6       0x32 ./Generated_Code/osa1.o
 .ARM.attributes
                0x000005f8       0x32 ./Generated_Code/pin_init.o
 .ARM.attributes
                0x0000062a       0x32 ./Generated_Code/uartCom1.o
 .ARM.attributes
                0x0000065c       0x32 ./Generated_Code/uart_xb.o
 .ARM.attributes
                0x0000068e       0x2c c:/freescale/kds_v3/toolchain/bin/../lib/gcc/arm-none-eabi/4.8.4/../../../../arm-none-eabi/lib/armv6-m\libm.a(lib_a-s_fpclassify.o)
 .ARM.attributes
                0x000006ba       0x1e c:/freescale/kds_v3/toolchain/bin/../lib/gcc/arm-none-eabi/4.8.4/armv6-m\libgcc.a(_udivsi3.o)
 .ARM.attributes
                0x000006d8       0x1e c:/freescale/kds_v3/toolchain/bin/../lib/gcc/arm-none-eabi/4.8.4/armv6-m\libgcc.a(_divsi3.o)
 .ARM.attributes
                0x000006f6       0x1e c:/freescale/kds_v3/toolchain/bin/../lib/gcc/arm-none-eabi/4.8.4/armv6-m\libgcc.a(_dvmd_tls.o)
 .ARM.attributes
                0x00000714       0x1e c:/freescale/kds_v3/toolchain/bin/../lib/gcc/arm-none-eabi/4.8.4/armv6-m\libgcc.a(_arm_cmpdf2.o)
 .ARM.attributes
                0x00000732       0x1e c:/freescale/kds_v3/toolchain/bin/../lib/gcc/arm-none-eabi/4.8.4/armv6-m\libgcc.a(_aeabi_uldivmod.o)
 .ARM.attributes
                0x00000750       0x2c c:/freescale/kds_v3/toolchain/bin/../lib/gcc/arm-none-eabi/4.8.4/armv6-m\libgcc.a(_muldi3.o)
 .ARM.attributes
                0x0000077c       0x2c c:/freescale/kds_v3/toolchain/bin/../lib/gcc/arm-none-eabi/4.8.4/armv6-m\libgcc.a(bpabi.o)
 .ARM.attributes
                0x000007a8       0x2c c:/freescale/kds_v3/toolchain/bin/../lib/gcc/arm-none-eabi/4.8.4/armv6-m\libgcc.a(adddf3.o)
 .ARM.attributes
                0x000007d4       0x2c c:/freescale/kds_v3/toolchain/bin/../lib/gcc/arm-none-eabi/4.8.4/armv6-m\libgcc.a(divdf3.o)
 .ARM.attributes
                0x00000800       0x2c c:/freescale/kds_v3/toolchain/bin/../lib/gcc/arm-none-eabi/4.8.4/armv6-m\libgcc.a(eqdf2.o)
 .ARM.attributes
                0x0000082c       0x2c c:/freescale/kds_v3/toolchain/bin/../lib/gcc/arm-none-eabi/4.8.4/armv6-m\libgcc.a(gedf2.o)
 .ARM.attributes
                0x00000858       0x2c c:/freescale/kds_v3/toolchain/bin/../lib/gcc/arm-none-eabi/4.8.4/armv6-m\libgcc.a(ledf2.o)
 .ARM.attributes
                0x00000884       0x2c c:/freescale/kds_v3/toolchain/bin/../lib/gcc/arm-none-eabi/4.8.4/armv6-m\libgcc.a(muldf3.o)
 .ARM.attributes
                0x000008b0       0x2c c:/freescale/kds_v3/toolchain/bin/../lib/gcc/arm-none-eabi/4.8.4/armv6-m\libgcc.a(subdf3.o)
 .ARM.attributes
                0x000008dc       0x2c c:/freescale/kds_v3/toolchain/bin/../lib/gcc/arm-none-eabi/4.8.4/armv6-m\libgcc.a(floatsidf.o)
 .ARM.attributes
                0x00000908       0x2c c:/freescale/kds_v3/toolchain/bin/../lib/gcc/arm-none-eabi/4.8.4/armv6-m\libgcc.a(truncdfsf2.o)
 .ARM.attributes
                0x00000934       0x1e c:/freescale/kds_v3/toolchain/bin/../lib/gcc/arm-none-eabi/4.8.4/armv6-m\libgcc.a(_clzsi2.o)
 .ARM.attributes
                0x00000952       0x2c c:/freescale/kds_v3/toolchain/bin/../lib/gcc/arm-none-eabi/4.8.4/armv6-m\libgcc.a(_divdi3.o)
 .ARM.attributes
                0x0000097e       0x2c c:/freescale/kds_v3/toolchain/bin/../lib/gcc/arm-none-eabi/4.8.4/armv6-m\libgcc.a(_udivdi3.o)
 .ARM.attributes
                0x000009aa       0x2c c:/freescale/kds_v3/toolchain/bin/../lib/gcc/arm-none-eabi/4.8.4/../../../../arm-none-eabi/lib/armv6-m\libg_s.a(lib_a-assert.o)
 .ARM.attributes
                0x000009d6       0x2c c:/freescale/kds_v3/toolchain/bin/../lib/gcc/arm-none-eabi/4.8.4/../../../../arm-none-eabi/lib/armv6-m\libg_s.a(lib_a-errno.o)
 .ARM.attributes
                0x00000a02       0x2c c:/freescale/kds_v3/toolchain/bin/../lib/gcc/arm-none-eabi/4.8.4/../../../../arm-none-eabi/lib/armv6-m\libg_s.a(lib_a-exit.o)
 .ARM.attributes
                0x00000a2e       0x2c c:/freescale/kds_v3/toolchain/bin/../lib/gcc/arm-none-eabi/4.8.4/../../../../arm-none-eabi/lib/armv6-m\libg_s.a(lib_a-fprintf.o)
 .ARM.attributes
                0x00000a5a       0x2c c:/freescale/kds_v3/toolchain/bin/../lib/gcc/arm-none-eabi/4.8.4/../../../../arm-none-eabi/lib/armv6-m\libg_s.a(lib_a-impure.o)
 .ARM.attributes
                0x00000a86       0x2c c:/freescale/kds_v3/toolchain/bin/../lib/gcc/arm-none-eabi/4.8.4/../../../../arm-none-eabi/lib/armv6-m\libg_s.a(lib_a-init.o)
 .ARM.attributes
                0x00000ab2       0x2c c:/freescale/kds_v3/toolchain/bin/../lib/gcc/arm-none-eabi/4.8.4/../../../../arm-none-eabi/lib/armv6-m\libg_s.a(lib_a-malloc.o)
 .ARM.attributes
                0x00000ade       0x2c c:/freescale/kds_v3/toolchain/bin/../lib/gcc/arm-none-eabi/4.8.4/../../../../arm-none-eabi/lib/armv6-m\libg_s.a(lib_a-memcpy-stub.o)
 .ARM.attributes
                0x00000b0a       0x2c c:/freescale/kds_v3/toolchain/bin/../lib/gcc/arm-none-eabi/4.8.4/../../../../arm-none-eabi/lib/armv6-m\libg_s.a(lib_a-memset.o)
 .ARM.attributes
                0x00000b36       0x2c c:/freescale/kds_v3/toolchain/bin/../lib/gcc/arm-none-eabi/4.8.4/../../../../arm-none-eabi/lib/armv6-m\libg_s.a(lib_a-nano-callocr.o)
 .ARM.attributes
                0x00000b62       0x2c c:/freescale/kds_v3/toolchain/bin/../lib/gcc/arm-none-eabi/4.8.4/../../../../arm-none-eabi/lib/armv6-m\libg_s.a(lib_a-nano-freer.o)
 .ARM.attributes
                0x00000b8e       0x2c c:/freescale/kds_v3/toolchain/bin/../lib/gcc/arm-none-eabi/4.8.4/../../../../arm-none-eabi/lib/armv6-m\libg_s.a(lib_a-nano-mallocr.o)
 .ARM.attributes
                0x00000bba       0x2c c:/freescale/kds_v3/toolchain/bin/../lib/gcc/arm-none-eabi/4.8.4/../../../../arm-none-eabi/lib/armv6-m\libg_s.a(lib_a-sbrkr.o)
 .ARM.attributes
                0x00000be6       0x2c c:/freescale/kds_v3/toolchain/bin/../lib/gcc/arm-none-eabi/4.8.4/../../../../arm-none-eabi/lib/armv6-m\libg_s.a(lib_a-strlen.o)
 .ARM.attributes
                0x00000c12       0x2c c:/freescale/kds_v3/toolchain/bin/../lib/gcc/arm-none-eabi/4.8.4/../../../../arm-none-eabi/lib/armv6-m\libg_s.a(lib_a-vfprintf.o)
 .ARM.attributes
                0x00000c3e       0x2c c:/freescale/kds_v3/toolchain/bin/../lib/gcc/arm-none-eabi/4.8.4/../../../../arm-none-eabi/lib/armv6-m\libg_s.a(lib_a-vfprintf_float.o)
 .ARM.attributes
                0x00000c6a       0x2c c:/freescale/kds_v3/toolchain/bin/../lib/gcc/arm-none-eabi/4.8.4/../../../../arm-none-eabi/lib/armv6-m\libg_s.a(lib_a-vfprintf_i.o)
 .ARM.attributes
                0x00000c96       0x2c c:/freescale/kds_v3/toolchain/bin/../lib/gcc/arm-none-eabi/4.8.4/../../../../arm-none-eabi/lib/armv6-m\libg_s.a(lib_a-vfscanf_float.o)
 .ARM.attributes
                0x00000cc2       0x2c c:/freescale/kds_v3/toolchain/bin/../lib/gcc/arm-none-eabi/4.8.4/../../../../arm-none-eabi/lib/armv6-m\libg_s.a(lib_a-wbuf.o)
 .ARM.attributes
                0x00000cee       0x2c c:/freescale/kds_v3/toolchain/bin/../lib/gcc/arm-none-eabi/4.8.4/../../../../arm-none-eabi/lib/armv6-m\libg_s.a(lib_a-wsetup.o)
 .ARM.attributes
                0x00000d1a       0x2c c:/freescale/kds_v3/toolchain/bin/../lib/gcc/arm-none-eabi/4.8.4/../../../../arm-none-eabi/lib/armv6-m\libg_s.a(lib_a-abort.o)
 .ARM.attributes
                0x00000d46       0x2c c:/freescale/kds_v3/toolchain/bin/../lib/gcc/arm-none-eabi/4.8.4/../../../../arm-none-eabi/lib/armv6-m\libg_s.a(lib_a-dtoa.o)
 .ARM.attributes
                0x00000d72       0x2c c:/freescale/kds_v3/toolchain/bin/../lib/gcc/arm-none-eabi/4.8.4/../../../../arm-none-eabi/lib/armv6-m\libg_s.a(lib_a-fflush.o)
 .ARM.attributes
                0x00000d9e       0x2c c:/freescale/kds_v3/toolchain/bin/../lib/gcc/arm-none-eabi/4.8.4/../../../../arm-none-eabi/lib/armv6-m\libg_s.a(lib_a-findfp.o)
 .ARM.attributes
                0x00000dca       0x2c c:/freescale/kds_v3/toolchain/bin/../lib/gcc/arm-none-eabi/4.8.4/../../../../arm-none-eabi/lib/armv6-m\libg_s.a(lib_a-locale.o)
 .ARM.attributes
                0x00000df6       0x2c c:/freescale/kds_v3/toolchain/bin/../lib/gcc/arm-none-eabi/4.8.4/../../../../arm-none-eabi/lib/armv6-m\libg_s.a(lib_a-makebuf.o)
 .ARM.attributes
                0x00000e22       0x2c c:/freescale/kds_v3/toolchain/bin/../lib/gcc/arm-none-eabi/4.8.4/../../../../arm-none-eabi/lib/armv6-m\libg_s.a(lib_a-memchr-stub.o)
 .ARM.attributes
                0x00000e4e       0x2c c:/freescale/kds_v3/toolchain/bin/../lib/gcc/arm-none-eabi/4.8.4/../../../../arm-none-eabi/lib/armv6-m\libg_s.a(lib_a-memmove.o)
 .ARM.attributes
                0x00000e7a       0x2c c:/freescale/kds_v3/toolchain/bin/../lib/gcc/arm-none-eabi/4.8.4/../../../../arm-none-eabi/lib/armv6-m\libg_s.a(lib_a-mprec.o)
 .ARM.attributes
                0x00000ea6       0x2c c:/freescale/kds_v3/toolchain/bin/../lib/gcc/arm-none-eabi/4.8.4/../../../../arm-none-eabi/lib/armv6-m\libg_s.a(lib_a-nano-reallocr.o)
 .ARM.attributes
                0x00000ed2       0x2c c:/freescale/kds_v3/toolchain/bin/../lib/gcc/arm-none-eabi/4.8.4/../../../../arm-none-eabi/lib/armv6-m\libg_s.a(lib_a-reent.o)
 .ARM.attributes
                0x00000efe       0x2c c:/freescale/kds_v3/toolchain/bin/../lib/gcc/arm-none-eabi/4.8.4/../../../../arm-none-eabi/lib/armv6-m\libg_s.a(lib_a-sf_nan.o)
 .ARM.attributes
                0x00000f2a       0x2c c:/freescale/kds_v3/toolchain/bin/../lib/gcc/arm-none-eabi/4.8.4/../../../../arm-none-eabi/lib/armv6-m\libg_s.a(lib_a-signal.o)
 .ARM.attributes
                0x00000f56       0x2c c:/freescale/kds_v3/toolchain/bin/../lib/gcc/arm-none-eabi/4.8.4/../../../../arm-none-eabi/lib/armv6-m\libg_s.a(lib_a-signalr.o)
 .ARM.attributes
                0x00000f82       0x2c c:/freescale/kds_v3/toolchain/bin/../lib/gcc/arm-none-eabi/4.8.4/../../../../arm-none-eabi/lib/armv6-m\libg_s.a(lib_a-sprintf.o)
 .ARM.attributes
                0x00000fae       0x2c c:/freescale/kds_v3/toolchain/bin/../lib/gcc/arm-none-eabi/4.8.4/../../../../arm-none-eabi/lib/armv6-m\libg_s.a(lib_a-stdio.o)
 .ARM.attributes
                0x00000fda       0x2c c:/freescale/kds_v3/toolchain/bin/../lib/gcc/arm-none-eabi/4.8.4/../../../../arm-none-eabi/lib/armv6-m\libg_s.a(lib_a-strtod.o)
 .ARM.attributes
                0x00001006       0x2c c:/freescale/kds_v3/toolchain/bin/../lib/gcc/arm-none-eabi/4.8.4/../../../../arm-none-eabi/lib/armv6-m\libg_s.a(lib_a-strtol.o)
 .ARM.attributes
                0x00001032       0x2c c:/freescale/kds_v3/toolchain/bin/../lib/gcc/arm-none-eabi/4.8.4/../../../../arm-none-eabi/lib/armv6-m\libg_s.a(lib_a-svfprintf.o)
 .ARM.attributes
                0x0000105e       0x2c c:/freescale/kds_v3/toolchain/bin/../lib/gcc/arm-none-eabi/4.8.4/../../../../arm-none-eabi/lib/armv6-m\libg_s.a(lib_a-writer.o)
 .ARM.attributes
                0x0000108a       0x2c c:/freescale/kds_v3/toolchain/bin/../lib/gcc/arm-none-eabi/4.8.4/../../../../arm-none-eabi/lib/armv6-m\libg_s.a(lib_a-closer.o)
 .ARM.attributes
                0x000010b6       0x2c c:/freescale/kds_v3/toolchain/bin/../lib/gcc/arm-none-eabi/4.8.4/../../../../arm-none-eabi/lib/armv6-m\libg_s.a(lib_a-ctype_.o)
 .ARM.attributes
                0x000010e2       0x2c c:/freescale/kds_v3/toolchain/bin/../lib/gcc/arm-none-eabi/4.8.4/../../../../arm-none-eabi/lib/armv6-m\libg_s.a(lib_a-fstatr.o)
 .ARM.attributes
                0x0000110e       0x2c c:/freescale/kds_v3/toolchain/bin/../lib/gcc/arm-none-eabi/4.8.4/../../../../arm-none-eabi/lib/armv6-m\libg_s.a(lib_a-gdtoa-gethex.o)
 .ARM.attributes
                0x0000113a       0x2c c:/freescale/kds_v3/toolchain/bin/../lib/gcc/arm-none-eabi/4.8.4/../../../../arm-none-eabi/lib/armv6-m\libg_s.a(lib_a-gdtoa-hexnan.o)
 .ARM.attributes
                0x00001166       0x2c c:/freescale/kds_v3/toolchain/bin/../lib/gcc/arm-none-eabi/4.8.4/../../../../arm-none-eabi/lib/armv6-m\libg_s.a(lib_a-isattyr.o)
 .ARM.attributes
                0x00001192       0x2c c:/freescale/kds_v3/toolchain/bin/../lib/gcc/arm-none-eabi/4.8.4/../../../../arm-none-eabi/lib/armv6-m\libg_s.a(lib_a-lseekr.o)
 .ARM.attributes
                0x000011be       0x2c c:/freescale/kds_v3/toolchain/bin/../lib/gcc/arm-none-eabi/4.8.4/../../../../arm-none-eabi/lib/armv6-m\libg_s.a(lib_a-nano-msizer.o)
 .ARM.attributes
                0x000011ea       0x2c c:/freescale/kds_v3/toolchain/bin/../lib/gcc/arm-none-eabi/4.8.4/../../../../arm-none-eabi/lib/armv6-m\libg_s.a(lib_a-readr.o)
 .ARM.attributes
                0x00001216       0x2c c:/freescale/kds_v3/toolchain/bin/../lib/gcc/arm-none-eabi/4.8.4/../../../../arm-none-eabi/lib/armv6-m\libg_s.a(lib_a-strncmp.o)
 .ARM.attributes
                0x00001242       0x1e c:/freescale/kds_v3/toolchain/bin/../lib/gcc/arm-none-eabi/4.8.4/armv6-m\libgcc.a(_thumb1_case_uqi.o)
 .ARM.attributes
                0x00001260       0x2c c:/freescale/kds_v3/toolchain/bin/../lib/gcc/arm-none-eabi/4.8.4/armv6-m\libgcc.a(_fixunsdfsi.o)
 .ARM.attributes
                0x0000128c       0x2c c:/freescale/kds_v3/toolchain/bin/../lib/gcc/arm-none-eabi/4.8.4/armv6-m\libgcc.a(fixdfsi.o)
 .ARM.attributes
                0x000012b8       0x2c c:/freescale/kds_v3/toolchain/bin/../lib/gcc/arm-none-eabi/4.8.4/armv6-m\libgcc.a(floatunsidf.o)
 .ARM.attributes
                0x000012e4       0x2c c:/freescale/kds_v3/toolchain/bin/../lib/gcc/arm-none-eabi/4.8.4/../../../../arm-none-eabi/lib/armv6-m\libnosys.a(close.o)
 .ARM.attributes
                0x00001310       0x2c c:/freescale/kds_v3/toolchain/bin/../lib/gcc/arm-none-eabi/4.8.4/../../../../arm-none-eabi/lib/armv6-m\libnosys.a(fstat.o)
 .ARM.attributes
                0x0000133c       0x2c c:/freescale/kds_v3/toolchain/bin/../lib/gcc/arm-none-eabi/4.8.4/../../../../arm-none-eabi/lib/armv6-m\libnosys.a(getpid.o)
 .ARM.attributes
                0x00001368       0x2c c:/freescale/kds_v3/toolchain/bin/../lib/gcc/arm-none-eabi/4.8.4/../../../../arm-none-eabi/lib/armv6-m\libnosys.a(isatty.o)
 .ARM.attributes
                0x00001394       0x2c c:/freescale/kds_v3/toolchain/bin/../lib/gcc/arm-none-eabi/4.8.4/../../../../arm-none-eabi/lib/armv6-m\libnosys.a(kill.o)
 .ARM.attributes
                0x000013c0       0x2c c:/freescale/kds_v3/toolchain/bin/../lib/gcc/arm-none-eabi/4.8.4/../../../../arm-none-eabi/lib/armv6-m\libnosys.a(lseek.o)
 .ARM.attributes
                0x000013ec       0x2c c:/freescale/kds_v3/toolchain/bin/../lib/gcc/arm-none-eabi/4.8.4/../../../../arm-none-eabi/lib/armv6-m\libnosys.a(_exit.o)
 .ARM.attributes
                0x00001418       0x2c c:/freescale/kds_v3/toolchain/bin/../lib/gcc/arm-none-eabi/4.8.4/armv6-m/crtend.o